recording OKX liquidations (DOGE, BTC, ETH, SOL, XRP) + Binance DOGE open interest from 2026-10-09 17:08:31 UTC; contract sizes {'DOGE': 1000.0, 'BTC': 0.01, 'ETH': 0.1, 'SOL': 1.0, 'XRP': 100.0}
17:09:13 okx ETH error: HTTP Error 525: <none>
17:20:22 okx DOGE error: HTTP Error 525: <none>
17:27:32 DOGE liquidation: short $103 at 0.08477
17:31:53 okx BTC error: HTTP Error 525: <none>
17:34:03 okx ETH error: HTTP Error 525: <none>
17:40:14 okx XRP error: HTTP Error 525: <none>
17:42:24 okx ETH error: HTTP Error 525: <none>
17:52:24 okx XRP error: HTTP Error 525: <none>
17:56:03 okx BTC error: HTTP Error 525: <none>
18:09:43 okx ETH error: HTTP Error 525: <none>
18:18:12 okx DOGE error: HTTP Error 525: <none>
18:18:43 okx BTC error: HTTP Error 525: <none>
18:32:13 okx SOL error: HTTP Error 525: <none>
18:38:12 okx DOGE error: HTTP Error 525: <none>
18:51:43 okx SOL error: HTTP Error 525: <none>
20:57:43 okx DOGE error: <urlopen error [Errno 11001] getaddrinfo failed>
20:57:43 okx BTC error: <urlopen error [Errno 11001] getaddrinfo failed>
20:57:43 okx ETH error: <urlopen error [Errno 11001] getaddrinfo failed>
20:57:43 okx SOL error: <urlopen error [Errno 11001] getaddrinfo failed>
20:57:43 okx XRP error: <urlopen error [Errno 11001] getaddrinfo failed>
oi error: <urlopen error [Errno 11001] getaddrinfo failed>
20:57:53 okx DOGE error: <urlopen error [Errno 11001] getaddrinfo failed>
20:57:53 okx BTC error: <urlopen error [Errno 11001] getaddrinfo failed>
20:57:53 okx ETH error: <urlopen error [Errno 11001] getaddrinfo failed>
20:57:53 okx SOL error: <urlopen error [Errno 11001] getaddrinfo failed>
20:57:53 okx XRP error: <urlopen error [Errno 11001] getaddrinfo failed>
oi error: <urlopen error [Errno 11001] getaddrinfo failed>
20:58:03 okx DOGE error: <urlopen error [Errno 11001] getaddrinfo failed>
20:58:03 okx BTC error: <urlopen error [Errno 11001] getaddrinfo failed>
20:58:03 okx ETH error: <urlopen error [Errno 11001] getaddrinfo failed>
20:58:03 okx SOL error: <urlopen error [Errno 11001] getaddrinfo failed>
20:58:03 okx XRP error: <urlopen error [Errno 11001] getaddrinfo failed>
20:58:13 okx DOGE error: <urlopen error [Errno 11001] getaddrinfo failed>
20:58:13 okx BTC error: <urlopen error [Errno 11001] getaddrinfo failed>
20:58:13 okx ETH error: <urlopen error [Errno 11001] getaddrinfo failed>
20:58:13 okx SOL error: <urlopen error [Errno 11001] getaddrinfo failed>
20:58:13 okx XRP error: <urlopen error [Errno 11001] getaddrinfo failed>
21:01:03 okx DOGE error: <urlopen error [Errno 11001] getaddrinfo failed>
21:01:03 okx BTC error: <urlopen error [Errno 11001] getaddrinfo failed>
21:01:03 okx ETH error: <urlopen error [Errno 11001] getaddrinfo failed>
21:01:03 okx SOL error: <urlopen error [Errno 11001] getaddrinfo failed>
21:01:03 okx XRP error: <urlopen error [Errno 11001] getaddrinfo failed>
oi error: <urlopen error [Errno 11001] getaddrinfo failed>
21:01:13 okx DOGE error: <urlopen error [Errno 11001] getaddrinfo failed>
21:01:13 okx BTC error: <urlopen error [Errno 11001] getaddrinfo failed>
21:01:13 okx ETH error: <urlopen error [Errno 11001] getaddrinfo failed>
21:01:13 okx SOL error: <urlopen error [Errno 11001] getaddrinfo failed>
21:01:13 okx XRP error: <urlopen error [Errno 11001] getaddrinfo failed>
21:01:23 okx DOGE error: <urlopen error [Errno 11001] getaddrinfo failed>
21:01:23 okx BTC error: <urlopen error [Errno 11001] getaddrinfo failed>
21:01:23 okx ETH error: <urlopen error [Errno 11001] getaddrinfo failed>
21:01:23 okx SOL error: <urlopen error [Errno 11001] getaddrinfo failed>
21:01:23 okx XRP error: <urlopen error [Errno 11001] getaddrinfo failed>
21:01:33 okx DOGE error: <urlopen error [Errno 11001] getaddrinfo failed>
21:01:33 okx BTC error: <urlopen error [Errno 11001] getaddrinfo failed>
21:01:33 okx ETH error: <urlopen error [Errno 11001] getaddrinfo failed>
21:01:33 okx SOL error: <urlopen error [Errno 11001] getaddrinfo failed>
21:01:33 okx XRP error: <urlopen error [Errno 11001] getaddrinfo failed>
21:01:43 okx DOGE error: <urlopen error [Errno 11001] getaddrinfo failed>
21:01:43 okx BTC error: <urlopen error [Errno 11001] getaddrinfo failed>
21:01:43 okx ETH error: <urlopen error [Errno 11001] getaddrinfo failed>
21:01:43 okx SOL error: <urlopen error [Errno 11001] getaddrinfo failed>
21:01:43 okx XRP error: <urlopen error [Errno 11001] getaddrinfo failed>
21:01:53 okx DOGE error: <urlopen error [Errno 11001] getaddrinfo failed>
21:01:53 okx BTC error: <urlopen error [Errno 11001] getaddrinfo failed>
21:01:53 okx ETH error: <urlopen error [Errno 11001] getaddrinfo failed>
21:01:53 okx SOL error: <urlopen error [Errno 11001] getaddrinfo failed>
21:01:53 okx XRP error: <urlopen error [Errno 11001] getaddrinfo failed>
21:02:03 okx DOGE error: <urlopen error [Errno 11001] getaddrinfo failed>
21:02:03 okx BTC error: <urlopen error [Errno 11001] getaddrinfo failed>
21:02:03 okx ETH error: <urlopen error [Errno 11001] getaddrinfo failed>
21:02:03 okx SOL error: <urlopen error [Errno 11001] getaddrinfo failed>
21:02:03 okx XRP error: <urlopen error [Errno 11001] getaddrinfo failed>
21:02:13 okx DOGE error: <urlopen error [Errno 11001] getaddrinfo failed>
21:02:13 okx BTC error: <urlopen error [Errno 11001] getaddrinfo failed>
21:02:13 okx ETH error: <urlopen error [Errno 11001] getaddrinfo failed>
21:02:13 okx SOL error: <urlopen error [Errno 11001] getaddrinfo failed>
21:02:13 okx XRP error: <urlopen error [Errno 11001] getaddrinfo failed>
21:02:23 okx DOGE error: <urlopen error [Errno 11001] getaddrinfo failed>
21:02:23 okx BTC error: <urlopen error [Errno 11001] getaddrinfo failed>
21:02:23 okx ETH error: <urlopen error [Errno 11001] getaddrinfo failed>
21:02:23 okx SOL error: <urlopen error [Errno 11001] getaddrinfo failed>
21:02:23 okx XRP error: <urlopen error [Errno 11001] getaddrinfo failed>
21:02:33 okx DOGE error: <urlopen error [Errno 11001] getaddrinfo failed>
21:02:33 okx BTC error: <urlopen error [Errno 11001] getaddrinfo failed>
21:02:33 okx ETH error: <urlopen error [Errno 11001] getaddrinfo failed>
21:02:33 okx SOL error: <urlopen error [Errno 11001] getaddrinfo failed>
21:02:33 okx XRP error: <urlopen error [Errno 11001] getaddrinfo failed>
21:02:43 okx DOGE error: <urlopen error [Errno 11001] getaddrinfo failed>
21:02:43 okx BTC error: <urlopen error [Errno 11001] getaddrinfo failed>
21:02:43 okx ETH error: <urlopen error [Errno 11001] getaddrinfo failed>
21:02:43 okx SOL error: <urlopen error [Errno 11001] getaddrinfo failed>
21:02:43 okx XRP error: <urlopen error [Errno 11001] getaddrinfo failed>
21:02:53 okx DOGE error: <urlopen error [Errno 11001] getaddrinfo failed>
21:02:53 okx BTC error: <urlopen error [Errno 11001] getaddrinfo failed>
21:02:53 okx ETH error: <urlopen error [Errno 11001] getaddrinfo failed>
21:02:53 okx SOL error: <urlopen error [Errno 11001] getaddrinfo failed>
21:02:53 okx XRP error: <urlopen error [Errno 11001] getaddrinfo failed>
21:03:03 okx DOGE error: <urlopen error [Errno 11001] getaddrinfo failed>
21:03:03 okx BTC error: <urlopen error [Errno 11001] getaddrinfo failed>
21:03:03 okx ETH error: <urlopen error [Errno 11001] getaddrinfo failed>
21:03:03 okx SOL error: <urlopen error [Errno 11001] getaddrinfo failed>
21:03:03 okx XRP error: <urlopen error [Errno 11001] getaddrinfo failed>
21:03:13 okx DOGE error: <urlopen error [Errno 11001] getaddrinfo failed>
21:03:13 okx BTC error: <urlopen error [Errno 11001] getaddrinfo failed>
21:03:13 okx ETH error: <urlopen error [Errno 11001] getaddrinfo failed>
21:03:13 okx SOL error: <urlopen error [Errno 11001] getaddrinfo failed>
21:03:13 okx XRP error: <urlopen error [Errno 11001] getaddrinfo failed>
21:03:23 okx DOGE error: <urlopen error [Errno 11001] getaddrinfo failed>
21:03:23 okx BTC error: <urlopen error [Errno 11001] getaddrinfo failed>
21:03:23 okx ETH error: <urlopen error [Errno 11001] getaddrinfo failed>
21:03:23 okx SOL error: <urlopen error [Errno 11001] getaddrinfo failed>
21:03:23 okx XRP error: <urlopen error [Errno 11001] getaddrinfo failed>
21:03:33 okx DOGE error: <urlopen error [Errno 11001] getaddrinfo failed>
21:03:33 okx BTC error: <urlopen error [Errno 11001] getaddrinfo failed>
21:03:33 okx ETH error: <urlopen error [Errno 11001] getaddrinfo failed>
21:03:33 okx SOL error: <urlopen error [Errno 11001] getaddrinfo failed>
21:03:33 okx XRP error: <urlopen error [Errno 11001] getaddrinfo failed>
21:03:43 okx DOGE error: <urlopen error [Errno 11001] getaddrinfo failed>
21:03:43 okx BTC error: <urlopen error [Errno 11001] getaddrinfo failed>
21:03:43 okx ETH error: <urlopen error [Errno 11001] getaddrinfo failed>
21:03:43 okx SOL error: <urlopen error [Errno 11001] getaddrinfo failed>
21:03:43 okx XRP error: <urlopen error [Errno 11001] getaddrinfo failed>
21:03:53 okx DOGE error: <urlopen error [Errno 11001] getaddrinfo failed>
21:03:53 okx BTC error: <urlopen error [Errno 11001] getaddrinfo failed>
21:03:53 okx ETH error: <urlopen error [Errno 11001] getaddrinfo failed>
21:03:53 okx SOL error: <urlopen error [Errno 11001] getaddrinfo failed>
21:03:53 okx XRP error: <urlopen error [Errno 11001] getaddrinfo failed>
21:04:03 okx DOGE error: <urlopen error [Errno 11001] getaddrinfo failed>
21:04:03 okx BTC error: <urlopen error [Errno 11001] getaddrinfo failed>
21:04:03 okx ETH error: <urlopen error [Errno 11001] getaddrinfo failed>
21:04:03 okx SOL error: <urlopen error [Errno 11001] getaddrinfo failed>
21:04:03 okx XRP error: <urlopen error [Errno 11001] getaddrinfo failed>
21:04:13 okx DOGE error: <urlopen error [Errno 11001] getaddrinfo failed>
21:04:13 okx BTC error: <urlopen error [Errno 11001] getaddrinfo failed>
21:04:13 okx ETH error: <urlopen error [Errno 11001] getaddrinfo failed>
21:04:13 okx SOL error: <urlopen error [Errno 11001] getaddrinfo failed>
21:04:13 okx XRP error: <urlopen error [Errno 11001] getaddrinfo failed>
21:04:23 okx DOGE error: <urlopen error [Errno 11001] getaddrinfo failed>
21:04:23 okx BTC error: <urlopen error [Errno 11001] getaddrinfo failed>
21:04:23 okx ETH error: <urlopen error [Errno 11001] getaddrinfo failed>
21:04:23 okx SOL error: <urlopen error [Errno 11001] getaddrinfo failed>
21:04:23 okx XRP error: <urlopen error [Errno 11001] getaddrinfo failed>
21:04:33 okx DOGE error: <urlopen error [Errno 11001] getaddrinfo failed>
21:04:33 okx BTC error: <urlopen error [Errno 11001] getaddrinfo failed>
21:04:33 okx ETH error: <urlopen error [Errno 11001] getaddrinfo failed>
21:04:33 okx SOL error: <urlopen error [Errno 11001] getaddrinfo failed>
21:04:33 okx XRP error: <urlopen error [Errno 11001] getaddrinfo failed>
21:04:43 okx DOGE error: <urlopen error [Errno 11001] getaddrinfo failed>
21:04:43 okx BTC error: <urlopen error [Errno 11001] getaddrinfo failed>
21:04:43 okx ETH error: <urlopen error [Errno 11001] getaddrinfo failed>
21:04:43 okx SOL error: <urlopen error [Errno 11001] getaddrinfo failed>
21:04:43 okx XRP error: <urlopen error [Errno 11001] getaddrinfo failed>
21:04:53 okx DOGE error: <urlopen error [Errno 11001] getaddrinfo failed>
21:04:53 okx BTC error: <urlopen error [Errno 11001] getaddrinfo failed>
21:04:53 okx ETH error: <urlopen error [Errno 11001] getaddrinfo failed>
21:04:53 okx SOL error: <urlopen error [Errno 11001] getaddrinfo failed>
21:04:53 okx XRP error: <urlopen error [Errno 11001] getaddrinfo failed>
21:05:03 okx DOGE error: <urlopen error [Errno 11001] getaddrinfo failed>
21:05:03 okx BTC error: <urlopen error [Errno 11001] getaddrinfo failed>
21:05:03 okx ETH error: <urlopen error [Errno 11001] getaddrinfo failed>
21:05:03 okx SOL error: <urlopen error [Errno 11001] getaddrinfo failed>
21:05:03 okx XRP error: <urlopen error [Errno 11001] getaddrinfo failed>
21:05:13 okx DOGE error: <urlopen error [Errno 11001] getaddrinfo failed>
21:05:13 okx BTC error: <urlopen error [Errno 11001] getaddrinfo failed>
21:05:13 okx ETH error: <urlopen error [Errno 11001] getaddrinfo failed>
21:05:13 okx SOL error: <urlopen error [Errno 11001] getaddrinfo failed>
21:05:13 okx XRP error: <urlopen error [Errno 11001] getaddrinfo failed>
21:05:23 okx DOGE error: <urlopen error [Errno 11001] getaddrinfo failed>
21:05:23 okx BTC error: <urlopen error [Errno 11001] getaddrinfo failed>
21:05:23 okx ETH error: <urlopen error [Errno 11001] getaddrinfo failed>
21:05:23 okx SOL error: <urlopen error [Errno 11001] getaddrinfo failed>
21:05:23 okx XRP error: <urlopen error [Errno 11001] getaddrinfo failed>
21:05:33 okx DOGE error: <urlopen error [Errno 11001] getaddrinfo failed>
21:05:33 okx BTC error: <urlopen error [Errno 11001] getaddrinfo failed>
21:05:33 okx ETH error: <urlopen error [Errno 11001] getaddrinfo failed>
21:05:33 okx SOL error: <urlopen error [Errno 11001] getaddrinfo failed>
21:05:33 okx XRP error: <urlopen error [Errno 11001] getaddrinfo failed>
21:05:43 okx DOGE error: <urlopen error [Errno 11001] getaddrinfo failed>
21:05:43 okx BTC error: <urlopen error [Errno 11001] getaddrinfo failed>
21:05:43 okx ETH error: <urlopen error [Errno 11001] getaddrinfo failed>
21:05:43 okx SOL error: <urlopen error [Errno 11001] getaddrinfo failed>
21:05:43 okx XRP error: <urlopen error [Errno 11001] getaddrinfo failed>
21:05:53 okx DOGE error: <urlopen error [Errno 11001] getaddrinfo failed>
21:05:53 okx BTC error: <urlopen error [Errno 11001] getaddrinfo failed>
21:05:53 okx ETH error: <urlopen error [Errno 11001] getaddrinfo failed>
21:05:53 okx SOL error: <urlopen error [Errno 11001] getaddrinfo failed>
21:05:53 okx XRP error: <urlopen error [Errno 11001] getaddrinfo failed>
21:06:03 okx DOGE error: <urlopen error [Errno 11001] getaddrinfo failed>
21:06:03 okx BTC error: <urlopen error [Errno 11001] getaddrinfo failed>
21:06:03 okx ETH error: <urlopen error [Errno 11001] getaddrinfo failed>
21:06:03 okx SOL error: <urlopen error [Errno 11001] getaddrinfo failed>
21:06:03 okx XRP error: <urlopen error [Errno 11001] getaddrinfo failed>
21:06:13 okx DOGE error: <urlopen error [Errno 11001] getaddrinfo failed>
21:06:13 okx BTC error: <urlopen error [Errno 11001] getaddrinfo failed>
21:06:13 okx ETH error: <urlopen error [Errno 11001] getaddrinfo failed>
21:06:13 okx SOL error: <urlopen error [Errno 11001] getaddrinfo failed>
21:06:13 okx XRP error: <urlopen error [Errno 11001] getaddrinfo failed>
21:06:23 okx DOGE error: <urlopen error [Errno 11001] getaddrinfo failed>
21:06:23 okx BTC error: <urlopen error [Errno 11001] getaddrinfo failed>
21:06:23 okx ETH error: <urlopen error [Errno 11001] getaddrinfo failed>
21:06:23 okx SOL error: <urlopen error [Errno 11001] getaddrinfo failed>
21:06:23 okx XRP error: <urlopen error [Errno 11001] getaddrinfo failed>
21:06:33 okx DOGE error: <urlopen error [Errno 11001] getaddrinfo failed>
21:06:33 okx BTC error: <urlopen error [Errno 11001] getaddrinfo failed>
21:06:33 okx ETH error: <urlopen error [Errno 11001] getaddrinfo failed>
21:06:33 okx SOL error: <urlopen error [Errno 11001] getaddrinfo failed>
21:06:33 okx XRP error: <urlopen error [Errno 11001] getaddrinfo failed>
21:06:43 okx DOGE error: <urlopen error [Errno 11001] getaddrinfo failed>
21:06:43 okx BTC error: <urlopen error [Errno 11001] getaddrinfo failed>
21:06:43 okx ETH error: <urlopen error [Errno 11001] getaddrinfo failed>
21:06:43 okx SOL error: <urlopen error [Errno 11001] getaddrinfo failed>
21:06:43 okx XRP error: <urlopen error [Errno 11001] getaddrinfo failed>
21:06:53 okx DOGE error: <urlopen error [Errno 11001] getaddrinfo failed>
21:06:53 okx BTC error: <urlopen error [Errno 11001] getaddrinfo failed>
21:06:53 okx ETH error: <urlopen error [Errno 11001] getaddrinfo failed>
21:06:53 okx SOL error: <urlopen error [Errno 11001] getaddrinfo failed>
21:06:53 okx XRP error: <urlopen error [Errno 11001] getaddrinfo failed>
21:07:03 okx DOGE error: <urlopen error [Errno 11001] getaddrinfo failed>
21:07:03 okx BTC error: <urlopen error [Errno 11001] getaddrinfo failed>
21:07:03 okx ETH error: <urlopen error [Errno 11001] getaddrinfo failed>
21:07:03 okx SOL error: <urlopen error [Errno 11001] getaddrinfo failed>
21:07:03 okx XRP error: <urlopen error [Errno 11001] getaddrinfo failed>
21:07:13 okx DOGE error: <urlopen error [Errno 11001] getaddrinfo failed>
21:07:13 okx BTC error: <urlopen error [Errno 11001] getaddrinfo failed>
21:07:13 okx ETH error: <urlopen error [Errno 11001] getaddrinfo failed>
21:07:13 okx SOL error: <urlopen error [Errno 11001] getaddrinfo failed>
21:07:13 okx XRP error: <urlopen error [Errno 11001] getaddrinfo failed>
21:07:23 okx DOGE error: <urlopen error [Errno 11001] getaddrinfo failed>
21:07:26 okx BTC error: <urlopen error [Errno 11001] getaddrinfo failed>
21:07:26 okx ETH error: <urlopen error [Errno 11001] getaddrinfo failed>
21:07:26 okx SOL error: <urlopen error [Errno 11001] getaddrinfo failed>
21:07:26 okx XRP error: <urlopen error [Errno 11001] getaddrinfo failed>
21:07:33 okx DOGE error: <urlopen error [Errno 11001] getaddrinfo failed>
21:07:33 okx BTC error: <urlopen error [Errno 11001] getaddrinfo failed>
21:07:33 okx ETH error: <urlopen error [Errno 11001] getaddrinfo failed>
21:07:33 okx SOL error: <urlopen error [Errno 11001] getaddrinfo failed>
21:07:33 okx XRP error: <urlopen error [Errno 11001] getaddrinfo failed>
21:07:43 okx DOGE error: <urlopen error [Errno 11001] getaddrinfo failed>
21:07:43 okx BTC error: <urlopen error [Errno 11001] getaddrinfo failed>
21:07:43 okx ETH error: <urlopen error [Errno 11001] getaddrinfo failed>
21:07:43 okx SOL error: <urlopen error [Errno 11001] getaddrinfo failed>
21:07:43 okx XRP error: <urlopen error [Errno 11001] getaddrinfo failed>
21:07:53 okx DOGE error: <urlopen error [Errno 11001] getaddrinfo failed>
21:07:53 okx BTC error: <urlopen error [Errno 11001] getaddrinfo failed>
21:07:53 okx ETH error: <urlopen error [Errno 11001] getaddrinfo failed>
21:07:53 okx SOL error: <urlopen error [Errno 11001] getaddrinfo failed>
21:07:53 okx XRP error: <urlopen error [Errno 11001] getaddrinfo failed>
21:08:03 okx DOGE error: <urlopen error [Errno 11001] getaddrinfo failed>
21:08:03 okx BTC error: <urlopen error [Errno 11001] getaddrinfo failed>
21:08:03 okx ETH error: <urlopen error [Errno 11001] getaddrinfo failed>
21:08:03 okx SOL error: <urlopen error [Errno 11001] getaddrinfo failed>
21:08:03 okx XRP error: <urlopen error [Errno 11001] getaddrinfo failed>
21:08:13 okx DOGE error: <urlopen error [Errno 11001] getaddrinfo failed>
21:08:13 okx BTC error: <urlopen error [Errno 11001] getaddrinfo failed>
21:08:13 okx ETH error: <urlopen error [Errno 11001] getaddrinfo failed>
21:08:13 okx SOL error: <urlopen error [Errno 11001] getaddrinfo failed>
21:08:13 okx XRP error: <urlopen error [Errno 11001] getaddrinfo failed>
21:08:23 okx DOGE error: <urlopen error [Errno 11001] getaddrinfo failed>
21:08:23 okx BTC error: <urlopen error [Errno 11001] getaddrinfo failed>
21:08:23 okx ETH error: <urlopen error [Errno 11001] getaddrinfo failed>
21:08:23 okx SOL error: <urlopen error [Errno 11001] getaddrinfo failed>
21:08:23 okx XRP error: <urlopen error [Errno 11001] getaddrinfo failed>
21:08:33 okx DOGE error: <urlopen error [Errno 11001] getaddrinfo failed>
21:08:33 okx BTC error: <urlopen error [Errno 11001] getaddrinfo failed>
21:08:33 okx ETH error: <urlopen error [Errno 11001] getaddrinfo failed>
21:08:33 okx SOL error: <urlopen error [Errno 11001] getaddrinfo failed>
21:08:33 okx XRP error: <urlopen error [Errno 11001] getaddrinfo failed>
21:08:43 okx DOGE error: <urlopen error [Errno 11001] getaddrinfo failed>
21:08:43 okx BTC error: <urlopen error [Errno 11001] getaddrinfo failed>
21:08:43 okx ETH error: <urlopen error [Errno 11001] getaddrinfo failed>
21:08:43 okx SOL error: <urlopen error [Errno 11001] getaddrinfo failed>
21:08:43 okx XRP error: <urlopen error [Errno 11001] getaddrinfo failed>
21:08:53 okx DOGE error: <urlopen error [Errno 11001] getaddrinfo failed>
21:08:56 okx BTC error: <urlopen error [Errno 11001] getaddrinfo failed>
21:08:56 okx ETH error: <urlopen error [Errno 11001] getaddrinfo failed>
21:08:56 okx SOL error: <urlopen error [Errno 11001] getaddrinfo failed>
21:08:56 okx XRP error: <urlopen error [Errno 11001] getaddrinfo failed>
21:09:03 okx DOGE error: <urlopen error [Errno 11001] getaddrinfo failed>
21:09:03 okx BTC error: <urlopen error [Errno 11001] getaddrinfo failed>
21:09:03 okx ETH error: <urlopen error [Errno 11001] getaddrinfo failed>
21:09:03 okx SOL error: <urlopen error [Errno 11001] getaddrinfo failed>
21:09:03 okx XRP error: <urlopen error [Errno 11001] getaddrinfo failed>
21:09:13 okx DOGE error: <urlopen error [Errno 11001] getaddrinfo failed>
21:09:13 okx BTC error: <urlopen error [Errno 11001] getaddrinfo failed>
21:09:13 okx ETH error: <urlopen error [Errno 11001] getaddrinfo failed>
21:09:13 okx SOL error: <urlopen error [Errno 11001] getaddrinfo failed>
21:09:13 okx XRP error: <urlopen error [Errno 11001] getaddrinfo failed>
