2026-09-09 18:28:16  connected login=472698318 server=Exness-MT5Trial16 DEMO balance=10000.00 USD
2026-09-09 18:28:16  strategy=donchian_breakout {'period': 20, 'trend': 200, 'use_trend': True, 'long_only': True} symbol=XAUUSDm tf=H1 spec(pip=0.01,$ /pip/lot=1.0)
2026-09-09 18:28:16  flat; signal=HOLD; no entry
2026-09-09 18:28:16  live loop started — waiting for new bars (Ctrl+C to stop)
2026-09-09 18:38:26  connected login=472698318 server=Exness-MT5Trial16 DEMO balance=10000.10 USD
2026-09-09 18:38:26  strategy=donchian_breakout {'period': 20, 'trend': 200, 'use_trend': True, 'long_only': True} symbol=XAUUSDm tf=H1 spec(pip=0.01,$ /pip/lot=1.0)
2026-09-09 18:38:26  live loop started — waiting for new bars (Ctrl+C to stop)
2026-09-09 18:48:00  connected login=472698318 Exness-MT5Trial16 DEMO balance=10000.10
2026-09-09 18:48:00  loaded [donchian_gold] donchian_breakout {'period': 20, 'use_trend': True, 'long_only': True} XAUUSDm H1 magic=20260001 filters={}
2026-09-09 18:48:00  loaded [donchian_gold_adx30] donchian_breakout {'period': 20, 'use_trend': True, 'long_only': True} XAUUSDm H1 magic=20260002 filters={'adx': 30}
2026-09-09 18:48:00  loaded [macd_gold] macd_trend {'fast': 12, 'slow': 26, 'signal': 9, 'trend': 200} XAUUSDm H1 magic=20260003 filters={}
2026-09-09 18:48:00  loaded [stochrsi_gold] stoch_rsi {'mode': 'pullback', 'long_only': True} XAUUSDm H1 magic=20260004 filters={}
2026-09-09 18:48:00  [donchian_gold] flat; HOLD
2026-09-09 18:48:00  [donchian_gold_adx30] flat; HOLD
2026-09-09 18:48:00  [macd_gold] flat; HOLD
2026-09-09 18:48:00  [stochrsi_gold] flat; HOLD
2026-09-09 19:32:41  connected login=472698318 Exness-MT5Trial16 DEMO balance=10000.10
2026-09-09 19:32:41  loaded [donchian_gold] donchian_breakout {'period': 20, 'use_trend': True, 'long_only': True} XAUUSDm H1 magic=20260001 filters={}
2026-09-09 19:32:41  loaded [donchian_gold_adx30] donchian_breakout {'period': 20, 'use_trend': True, 'long_only': True} XAUUSDm H1 magic=20260002 filters={'adx': 30}
2026-09-09 19:32:41  loaded [macd_gold] macd_trend {'fast': 12, 'slow': 26, 'signal': 9, 'trend': 200} XAUUSDm H1 magic=20260003 filters={}
2026-09-09 19:32:41  loaded [stochrsi_gold] stoch_rsi {'mode': 'pullback', 'long_only': True} XAUUSDm H1 magic=20260004 filters={}
2026-09-09 19:32:41  [donchian_gold] flat; HOLD
2026-09-09 19:32:41  [donchian_gold_adx30] flat; HOLD
2026-09-09 19:32:41  [macd_gold] flat; HOLD
2026-09-09 19:32:41  [stochrsi_gold] flat; HOLD
2026-09-09 19:32:48  connected login=472698318 Exness-MT5Trial16 DEMO balance=10000.10
2026-09-09 19:32:48  loaded [donchian_gold] donchian_breakout {'period': 20, 'use_trend': True, 'long_only': True} XAUUSDm H1 magic=20260001 filters={}
2026-09-09 19:32:48  loaded [donchian_gold_adx30] donchian_breakout {'period': 20, 'use_trend': True, 'long_only': True} XAUUSDm H1 magic=20260002 filters={'adx': 30}
2026-09-09 19:32:48  loaded [macd_gold] macd_trend {'fast': 12, 'slow': 26, 'signal': 9, 'trend': 200} XAUUSDm H1 magic=20260003 filters={}
2026-09-09 19:32:48  loaded [stochrsi_gold] stoch_rsi {'mode': 'pullback', 'long_only': True} XAUUSDm H1 magic=20260004 filters={}
2026-09-09 19:32:48  portfolio loop started: 4 strategies (Ctrl+C to stop)
2026-09-09 20:00:14  --- new H1 bar for donchian_gold ---
2026-09-09 20:00:14  [donchian_gold] flat; HOLD
2026-09-09 20:00:14  --- new H1 bar for donchian_gold_adx30 ---
2026-09-09 20:00:14  [donchian_gold_adx30] flat; HOLD
2026-09-09 20:00:14  --- new H1 bar for macd_gold ---
2026-09-09 20:00:14  [macd_gold] flat; HOLD
2026-09-09 20:00:14  --- new H1 bar for stochrsi_gold ---
2026-09-09 20:00:14  [stochrsi_gold] flat; HOLD
2026-09-09 20:23:41  connected login=472698318 Exness-MT5Trial16 DEMO balance=10000.10
2026-09-09 20:23:41  loaded [donchian_gold_h1] donchian_breakout {'period': 20, 'use_trend': True, 'long_only': True} XAUUSDm H1 magic=20260101 filters={}
2026-09-09 20:23:41  loaded [donchian_gold_m15] donchian_breakout {'period': 20, 'use_trend': True, 'long_only': True} XAUUSDm M15 magic=20260102 filters={}
2026-09-09 20:23:41  loaded [donchian_silver_h1] donchian_breakout {'period': 20, 'use_trend': True, 'long_only': True} XAGUSDm H1 magic=20260103 filters={}
2026-09-09 20:23:41  loaded [donchian_btc_m30] donchian_breakout {'period': 20, 'use_trend': True, 'long_only': True} BTCUSDm M30 magic=20260104 filters={}
2026-09-09 20:23:41  loaded [macd_gold_h1] macd_trend {'fast': 12, 'slow': 26, 'signal': 9, 'trend': 200} XAUUSDm H1 magic=20260105 filters={}
2026-09-09 20:23:41  loaded [donchian_nasdaq_h1] donchian_breakout {'period': 20, 'use_trend': True, 'long_only': True} USTECm H1 magic=20260106 filters={}
2026-09-09 20:23:41  [donchian_gold_h1] flat; HOLD
2026-09-09 20:23:41  [donchian_gold_m15] flat; HOLD
2026-09-09 20:23:41  [donchian_silver_h1] flat; HOLD
2026-09-09 20:23:54  connected login=472698318 Exness-MT5Trial16 DEMO balance=10000.10
2026-09-09 20:23:54  loaded [donchian_gold_h1] donchian_breakout {'period': 20, 'use_trend': True, 'long_only': True} XAUUSDm H1 magic=20260101 filters={}
2026-09-09 20:23:54  loaded [donchian_gold_m15] donchian_breakout {'period': 20, 'use_trend': True, 'long_only': True} XAUUSDm M15 magic=20260102 filters={}
2026-09-09 20:23:54  loaded [donchian_silver_h1] donchian_breakout {'period': 20, 'use_trend': True, 'long_only': True} XAGUSDm H1 magic=20260103 filters={}
2026-09-09 20:23:54  loaded [donchian_btc_m30] donchian_breakout {'period': 20, 'use_trend': True, 'long_only': True} BTCUSDm M30 magic=20260104 filters={}
2026-09-09 20:23:54  loaded [macd_gold_h1] macd_trend {'fast': 12, 'slow': 26, 'signal': 9, 'trend': 200} XAUUSDm H1 magic=20260105 filters={}
2026-09-09 20:23:54  loaded [donchian_nasdaq_h1] donchian_breakout {'period': 20, 'use_trend': True, 'long_only': True} USTECm H1 magic=20260106 filters={}
2026-09-09 20:23:54  [donchian_gold_h1] flat; HOLD
2026-09-09 20:23:54  [donchian_gold_m15] flat; HOLD
2026-09-09 20:23:54  [donchian_silver_h1] flat; HOLD
2026-09-09 20:23:54  [donchian_btc_m30] flat; HOLD
2026-09-09 20:23:54  [macd_gold_h1] flat; HOLD
2026-09-09 20:23:54  [donchian_nasdaq_h1] flat; HOLD
2026-09-09 20:24:01  connected login=472698318 Exness-MT5Trial16 DEMO balance=10000.10
2026-09-09 20:24:01  loaded [donchian_gold_h1] donchian_breakout {'period': 20, 'use_trend': True, 'long_only': True} XAUUSDm H1 magic=20260101 filters={}
2026-09-09 20:24:01  loaded [donchian_gold_m15] donchian_breakout {'period': 20, 'use_trend': True, 'long_only': True} XAUUSDm M15 magic=20260102 filters={}
2026-09-09 20:24:01  loaded [donchian_silver_h1] donchian_breakout {'period': 20, 'use_trend': True, 'long_only': True} XAGUSDm H1 magic=20260103 filters={}
2026-09-09 20:24:01  loaded [donchian_btc_m30] donchian_breakout {'period': 20, 'use_trend': True, 'long_only': True} BTCUSDm M30 magic=20260104 filters={}
2026-09-09 20:24:01  loaded [macd_gold_h1] macd_trend {'fast': 12, 'slow': 26, 'signal': 9, 'trend': 200} XAUUSDm H1 magic=20260105 filters={}
2026-09-09 20:24:01  loaded [donchian_nasdaq_h1] donchian_breakout {'period': 20, 'use_trend': True, 'long_only': True} USTECm H1 magic=20260106 filters={}
2026-09-09 20:24:01  portfolio loop started: 6 strategies (Ctrl+C to stop)
2026-09-09 20:30:01  --- new M15 bar for donchian_gold_m15 ---
2026-09-09 20:30:01  [donchian_gold_m15] flat; HOLD
2026-09-09 20:30:01  --- new M30 bar for donchian_btc_m30 ---
2026-09-09 20:30:01  [donchian_btc_m30] flat; HOLD
2026-09-09 20:45:01  --- new M15 bar for donchian_gold_m15 ---
2026-09-09 20:45:01  [donchian_gold_m15] flat; HOLD
2026-09-10 02:20:47  connected login=472698318 Exness-MT5Trial16 DEMO balance=10000.10
2026-09-10 02:20:47  loaded [donchian_gold_h1] donchian_breakout {'period': 20, 'use_trend': True, 'long_only': True} XAUUSDm H1 magic=20260101 filters={}
2026-09-10 02:20:47  loaded [donchian_gold_m15] donchian_breakout {'period': 20, 'use_trend': True, 'long_only': True} XAUUSDm M15 magic=20260102 filters={}
2026-09-10 02:20:47  loaded [donchian_silver_h1] donchian_breakout {'period': 20, 'use_trend': True, 'long_only': True} XAGUSDm H1 magic=20260103 filters={}
2026-09-10 02:20:47  loaded [donchian_btc_m30] donchian_breakout {'period': 20, 'use_trend': True, 'long_only': True} BTCUSDm M30 magic=20260104 filters={}
2026-09-10 02:20:47  loaded [macd_gold_h1] macd_trend {'fast': 12, 'slow': 26, 'signal': 9, 'trend': 200} XAUUSDm H1 magic=20260105 filters={}
2026-09-10 02:20:47  loaded [donchian_nasdaq_h1] donchian_breakout {'period': 20, 'use_trend': True, 'long_only': True} USTECm H1 magic=20260106 filters={}
2026-09-10 02:20:47  portfolio loop started: 6 strategies (Ctrl+C to stop)
2026-09-10 02:21:06  --- new M30 bar for donchian_btc_m30 ---
2026-09-10 02:21:06  [donchian_btc_m30] flat; HOLD
2026-09-10 02:21:06  --- new H1 bar for donchian_nasdaq_h1 ---
2026-09-10 02:21:06  [donchian_nasdaq_h1] flat; HOLD
2026-09-10 02:30:06  --- new M15 bar for donchian_gold_m15 ---
2026-09-10 02:30:06  [donchian_gold_m15] flat; HOLD
2026-09-10 02:30:06  --- new M30 bar for donchian_btc_m30 ---
2026-09-10 02:30:06  [donchian_btc_m30] flat; HOLD
2026-09-10 02:45:07  --- new M15 bar for donchian_gold_m15 ---
2026-09-10 02:45:07  [donchian_gold_m15] flat; HOLD
2026-09-10 03:00:07  --- new H1 bar for donchian_gold_h1 ---
2026-09-10 03:00:07  [donchian_gold_h1] flat; HOLD
2026-09-10 03:00:07  --- new M15 bar for donchian_gold_m15 ---
2026-09-10 03:00:07  [donchian_gold_m15] flat; HOLD
2026-09-10 03:00:07  --- new H1 bar for donchian_silver_h1 ---
2026-09-10 03:00:07  [donchian_silver_h1] flat; HOLD
2026-09-10 03:00:07  --- new M30 bar for donchian_btc_m30 ---
2026-09-10 03:00:07  [donchian_btc_m30] flat; HOLD
2026-09-10 03:00:07  --- new H1 bar for macd_gold_h1 ---
2026-09-10 03:00:07  [macd_gold_h1] flat; HOLD
2026-09-10 03:00:07  --- new H1 bar for donchian_nasdaq_h1 ---
2026-09-10 03:00:07  [donchian_nasdaq_h1] flat; HOLD
2026-09-10 03:15:07  --- new M15 bar for donchian_gold_m15 ---
2026-09-10 03:15:07  [donchian_gold_m15] flat; HOLD
2026-09-10 03:30:07  --- new M15 bar for donchian_gold_m15 ---
2026-09-10 03:30:07  [donchian_gold_m15] flat; HOLD
2026-09-10 03:30:07  --- new M30 bar for donchian_btc_m30 ---
2026-09-10 03:30:07  [donchian_btc_m30] flat; HOLD
2026-09-10 03:45:08  --- new M15 bar for donchian_gold_m15 ---
2026-09-10 03:45:08  [donchian_gold_m15] flat; HOLD
2026-09-10 04:00:08  --- new H1 bar for donchian_gold_h1 ---
2026-09-10 04:00:08  [donchian_gold_h1] flat; HOLD
2026-09-10 04:00:08  --- new M15 bar for donchian_gold_m15 ---
2026-09-10 04:00:08  [donchian_gold_m15] flat; HOLD
2026-09-10 04:00:08  --- new H1 bar for donchian_silver_h1 ---
2026-09-10 04:00:08  [donchian_silver_h1] flat; HOLD
2026-09-10 04:00:08  --- new M30 bar for donchian_btc_m30 ---
2026-09-10 04:00:08  [donchian_btc_m30] flat; HOLD
2026-09-10 04:00:08  --- new H1 bar for macd_gold_h1 ---
2026-09-10 04:00:08  [macd_gold_h1] flat; HOLD
2026-09-10 04:00:08  --- new H1 bar for donchian_nasdaq_h1 ---
2026-09-10 04:00:08  [donchian_nasdaq_h1] flat; HOLD
2026-09-10 04:15:08  --- new M15 bar for donchian_gold_m15 ---
2026-09-10 04:15:08  [donchian_gold_m15] flat; HOLD
2026-09-10 04:30:08  --- new M15 bar for donchian_gold_m15 ---
2026-09-10 04:30:08  [donchian_gold_m15] flat; HOLD
2026-09-10 04:30:08  --- new M30 bar for donchian_btc_m30 ---
2026-09-10 04:30:08  [donchian_btc_m30] flat; HOLD
2026-09-10 04:45:08  --- new M15 bar for donchian_gold_m15 ---
2026-09-10 04:45:08  [donchian_gold_m15] flat; HOLD
2026-09-10 05:00:08  --- new H1 bar for donchian_gold_h1 ---
2026-09-10 05:00:08  [donchian_gold_h1] flat; HOLD
2026-09-10 05:00:08  --- new M15 bar for donchian_gold_m15 ---
2026-09-10 05:00:08  [donchian_gold_m15] flat; HOLD
2026-09-10 05:00:08  --- new H1 bar for donchian_silver_h1 ---
2026-09-10 05:00:08  [donchian_silver_h1] flat; HOLD
2026-09-10 05:00:08  --- new M30 bar for donchian_btc_m30 ---
2026-09-10 05:00:08  [donchian_btc_m30] flat; HOLD
2026-09-10 05:00:08  --- new H1 bar for macd_gold_h1 ---
2026-09-10 05:00:08  [macd_gold_h1] flat; HOLD
2026-09-10 05:00:08  --- new H1 bar for donchian_nasdaq_h1 ---
2026-09-10 05:00:08  [donchian_nasdaq_h1] flat; HOLD
2026-09-10 05:15:08  --- new M15 bar for donchian_gold_m15 ---
2026-09-10 05:15:08  [donchian_gold_m15] flat; HOLD
2026-09-10 05:30:09  --- new M15 bar for donchian_gold_m15 ---
2026-09-10 05:30:09  [donchian_gold_m15] flat; HOLD
2026-09-10 05:30:09  --- new M30 bar for donchian_btc_m30 ---
2026-09-10 05:30:09  [donchian_btc_m30] flat; HOLD
2026-09-10 05:45:09  --- new M15 bar for donchian_gold_m15 ---
2026-09-10 05:45:09  [donchian_gold_m15] BUY XAUUSDm entry~4428.793 sl=4414.194 tp=4450.692 lots=0.21
2026-09-10 05:45:09  [donchian_gold_m15] order OK retcode=10009
2026-09-10 06:00:09  --- new H1 bar for donchian_gold_h1 ---
2026-09-10 06:00:09  [donchian_gold_h1] flat; HOLD
2026-09-10 06:00:09  --- new M15 bar for donchian_gold_m15 ---
2026-09-10 06:00:09  [donchian_gold_m15] holding BUY; signal=BUY
2026-09-10 06:00:09  --- new H1 bar for donchian_silver_h1 ---
2026-09-10 06:00:09  [donchian_silver_h1] flat; HOLD
2026-09-10 06:00:09  --- new M30 bar for donchian_btc_m30 ---
2026-09-10 06:00:09  [donchian_btc_m30] flat; HOLD
2026-09-10 06:00:09  --- new H1 bar for macd_gold_h1 ---
2026-09-10 06:00:09  [macd_gold_h1] flat; HOLD
2026-09-10 06:00:09  --- new H1 bar for donchian_nasdaq_h1 ---
2026-09-10 06:00:09  [donchian_nasdaq_h1] flat; HOLD
2026-09-10 06:15:09  --- new M15 bar for donchian_gold_m15 ---
2026-09-10 06:15:09  [donchian_gold_m15] holding BUY; signal=HOLD
2026-09-10 06:30:09  --- new M15 bar for donchian_gold_m15 ---
2026-09-10 06:30:09  [donchian_gold_m15] flat; HOLD
2026-09-10 06:30:09  --- new M30 bar for donchian_btc_m30 ---
2026-09-10 06:30:09  [donchian_btc_m30] flat; HOLD
2026-09-10 06:45:10  --- new M15 bar for donchian_gold_m15 ---
2026-09-10 06:45:10  [donchian_gold_m15] flat; HOLD
2026-09-10 07:00:10  --- new H1 bar for donchian_gold_h1 ---
2026-09-10 07:00:10  [donchian_gold_h1] flat; HOLD
2026-09-10 07:00:10  --- new M15 bar for donchian_gold_m15 ---
2026-09-10 07:00:10  [donchian_gold_m15] flat; HOLD
2026-09-10 07:00:10  --- new H1 bar for donchian_silver_h1 ---
2026-09-10 07:00:10  [donchian_silver_h1] flat; HOLD
2026-09-10 07:00:10  --- new M30 bar for donchian_btc_m30 ---
2026-09-10 07:00:10  [donchian_btc_m30] flat; HOLD
2026-09-10 07:00:10  --- new H1 bar for macd_gold_h1 ---
2026-09-10 07:00:10  [macd_gold_h1] flat; HOLD
2026-09-10 07:00:10  --- new H1 bar for donchian_nasdaq_h1 ---
2026-09-10 07:00:10  [donchian_nasdaq_h1] flat; HOLD
2026-09-10 07:15:10  --- new M15 bar for donchian_gold_m15 ---
2026-09-10 07:15:10  [donchian_gold_m15] flat; HOLD
2026-09-10 07:30:10  --- new M15 bar for donchian_gold_m15 ---
2026-09-10 07:30:10  [donchian_gold_m15] flat; HOLD
2026-09-10 07:30:10  --- new M30 bar for donchian_btc_m30 ---
2026-09-10 07:30:10  [donchian_btc_m30] flat; HOLD
2026-09-10 07:45:10  --- new M15 bar for donchian_gold_m15 ---
2026-09-10 07:45:10  [donchian_gold_m15] flat; HOLD
2026-09-10 08:00:10  --- new H1 bar for donchian_gold_h1 ---
2026-09-10 08:00:10  [donchian_gold_h1] flat; HOLD
2026-09-10 08:00:10  --- new M15 bar for donchian_gold_m15 ---
2026-09-10 08:00:10  [donchian_gold_m15] flat; HOLD
2026-09-10 08:00:10  --- new H1 bar for donchian_silver_h1 ---
2026-09-10 08:00:10  [donchian_silver_h1] flat; HOLD
2026-09-10 08:00:10  --- new M30 bar for donchian_btc_m30 ---
2026-09-10 08:00:10  [donchian_btc_m30] flat; HOLD
2026-09-10 08:00:10  --- new H1 bar for macd_gold_h1 ---
2026-09-10 08:00:10  [macd_gold_h1] flat; HOLD
2026-09-10 08:00:10  --- new H1 bar for donchian_nasdaq_h1 ---
2026-09-10 08:00:10  [donchian_nasdaq_h1] flat; HOLD
2026-09-10 08:15:10  --- new M15 bar for donchian_gold_m15 ---
2026-09-10 08:15:10  [donchian_gold_m15] flat; HOLD
2026-09-10 08:30:11  --- new M15 bar for donchian_gold_m15 ---
2026-09-10 08:30:11  [donchian_gold_m15] flat; HOLD
2026-09-10 08:30:11  --- new M30 bar for donchian_btc_m30 ---
2026-09-10 08:30:11  [donchian_btc_m30] flat; HOLD
2026-09-10 08:45:11  --- new M15 bar for donchian_gold_m15 ---
2026-09-10 08:45:11  [donchian_gold_m15] flat; HOLD
2026-09-10 09:00:11  --- new H1 bar for donchian_gold_h1 ---
2026-09-10 09:00:11  [donchian_gold_h1] flat; HOLD
2026-09-10 09:00:11  --- new M15 bar for donchian_gold_m15 ---
2026-09-10 09:00:11  [donchian_gold_m15] flat; HOLD
2026-09-10 09:00:11  --- new H1 bar for donchian_silver_h1 ---
2026-09-10 09:00:11  [donchian_silver_h1] flat; HOLD
2026-09-10 09:00:11  --- new M30 bar for donchian_btc_m30 ---
2026-09-10 09:00:11  [donchian_btc_m30] flat; HOLD
2026-09-10 09:00:11  --- new H1 bar for macd_gold_h1 ---
2026-09-10 09:00:11  [macd_gold_h1] SELL XAUUSDm entry~4395.315 sl=4430.771 tp=4342.132 lots=0.08
2026-09-10 09:00:11  [macd_gold_h1] order OK retcode=10009
2026-09-10 09:00:11  --- new H1 bar for donchian_nasdaq_h1 ---
2026-09-10 09:00:11  [donchian_nasdaq_h1] flat; HOLD
2026-09-10 09:15:11  --- new M15 bar for donchian_gold_m15 ---
2026-09-10 09:15:11  [donchian_gold_m15] flat; HOLD
2026-09-10 09:30:12  --- new M15 bar for donchian_gold_m15 ---
2026-09-10 09:30:12  [donchian_gold_m15] flat; HOLD
2026-09-10 09:30:12  --- new M30 bar for donchian_btc_m30 ---
2026-09-10 09:30:12  [donchian_btc_m30] flat; HOLD
2026-09-10 09:45:12  --- new M15 bar for donchian_gold_m15 ---
2026-09-10 09:45:12  [donchian_gold_m15] flat; HOLD
2026-09-10 10:00:12  --- new H1 bar for donchian_gold_h1 ---
2026-09-10 10:00:12  [donchian_gold_h1] flat; HOLD
2026-09-10 10:00:12  --- new M15 bar for donchian_gold_m15 ---
2026-09-10 10:00:12  [donchian_gold_m15] flat; HOLD
2026-09-10 10:00:12  --- new H1 bar for donchian_silver_h1 ---
2026-09-10 10:00:12  [donchian_silver_h1] flat; HOLD
2026-09-10 10:00:12  --- new M30 bar for donchian_btc_m30 ---
2026-09-10 10:00:12  [donchian_btc_m30] flat; HOLD
2026-09-10 10:00:12  --- new H1 bar for macd_gold_h1 ---
2026-09-10 10:00:12  [macd_gold_h1] holding SELL; signal=HOLD
2026-09-10 10:00:12  --- new H1 bar for donchian_nasdaq_h1 ---
2026-09-10 10:00:12  [donchian_nasdaq_h1] flat; HOLD
2026-09-10 10:15:12  --- new M15 bar for donchian_gold_m15 ---
2026-09-10 10:15:12  [donchian_gold_m15] flat; HOLD
2026-09-10 10:30:12  --- new M15 bar for donchian_gold_m15 ---
2026-09-10 10:30:12  [donchian_gold_m15] flat; HOLD
2026-09-10 10:30:12  --- new M30 bar for donchian_btc_m30 ---
2026-09-10 10:30:12  [donchian_btc_m30] flat; HOLD
2026-09-10 10:45:12  --- new M15 bar for donchian_gold_m15 ---
2026-09-10 10:45:12  [donchian_gold_m15] flat; HOLD
2026-09-10 11:00:12  --- new H1 bar for donchian_gold_h1 ---
2026-09-10 11:00:12  [donchian_gold_h1] flat; HOLD
2026-09-10 11:00:12  --- new M15 bar for donchian_gold_m15 ---
2026-09-10 11:00:12  [donchian_gold_m15] flat; HOLD
2026-09-10 11:00:12  --- new H1 bar for donchian_silver_h1 ---
2026-09-10 11:00:12  [donchian_silver_h1] flat; HOLD
2026-09-10 11:00:12  --- new M30 bar for donchian_btc_m30 ---
2026-09-10 11:00:12  [donchian_btc_m30] flat; HOLD
2026-09-10 11:00:12  --- new H1 bar for macd_gold_h1 ---
2026-09-10 11:00:12  [macd_gold_h1] holding SELL; signal=HOLD
2026-09-10 11:00:12  --- new H1 bar for donchian_nasdaq_h1 ---
2026-09-10 11:00:12  [donchian_nasdaq_h1] flat; HOLD
2026-09-10 11:15:12  --- new M15 bar for donchian_gold_m15 ---
2026-09-10 11:15:12  [donchian_gold_m15] flat; HOLD
2026-09-10 11:30:13  --- new M15 bar for donchian_gold_m15 ---
2026-09-10 11:30:13  [donchian_gold_m15] flat; HOLD
2026-09-10 11:30:13  --- new M30 bar for donchian_btc_m30 ---
2026-09-10 11:30:13  [donchian_btc_m30] flat; HOLD
2026-09-10 11:45:13  --- new M15 bar for donchian_gold_m15 ---
2026-09-10 11:45:13  [donchian_gold_m15] flat; HOLD
2026-09-10 12:00:13  --- new H1 bar for donchian_gold_h1 ---
2026-09-10 12:00:13  [donchian_gold_h1] flat; HOLD
2026-09-10 12:00:13  --- new M15 bar for donchian_gold_m15 ---
2026-09-10 12:00:13  [donchian_gold_m15] flat; HOLD
2026-09-10 12:00:13  --- new H1 bar for donchian_silver_h1 ---
2026-09-10 12:00:13  [donchian_silver_h1] flat; HOLD
2026-09-10 12:00:13  --- new M30 bar for donchian_btc_m30 ---
2026-09-10 12:00:13  [donchian_btc_m30] flat; HOLD
2026-09-10 12:00:13  --- new H1 bar for macd_gold_h1 ---
2026-09-10 12:00:13  [macd_gold_h1] holding SELL; signal=HOLD
2026-09-10 12:00:13  --- new H1 bar for donchian_nasdaq_h1 ---
2026-09-10 12:00:13  [donchian_nasdaq_h1] flat; HOLD
2026-09-10 12:15:13  --- new M15 bar for donchian_gold_m15 ---
2026-09-10 12:15:13  [donchian_gold_m15] flat; HOLD
2026-09-10 12:30:13  --- new M15 bar for donchian_gold_m15 ---
2026-09-10 12:30:13  [donchian_gold_m15] flat; HOLD
2026-09-10 12:30:13  --- new M30 bar for donchian_btc_m30 ---
2026-09-10 12:30:13  [donchian_btc_m30] flat; HOLD
2026-09-10 12:45:13  --- new M15 bar for donchian_gold_m15 ---
2026-09-10 12:45:14  [donchian_gold_m15] flat; HOLD
2026-09-10 13:00:14  --- new H1 bar for donchian_gold_h1 ---
2026-09-10 13:00:14  [donchian_gold_h1] flat; HOLD
2026-09-10 13:00:14  --- new M15 bar for donchian_gold_m15 ---
2026-09-10 13:00:14  [donchian_gold_m15] flat; HOLD
2026-09-10 13:00:14  --- new H1 bar for donchian_silver_h1 ---
2026-09-10 13:00:14  [donchian_silver_h1] flat; HOLD
2026-09-10 13:00:14  --- new M30 bar for donchian_btc_m30 ---
2026-09-10 13:00:14  [donchian_btc_m30] flat; HOLD
2026-09-10 13:00:14  --- new H1 bar for macd_gold_h1 ---
2026-09-10 13:00:14  [macd_gold_h1] flat; HOLD
2026-09-10 13:00:14  --- new H1 bar for donchian_nasdaq_h1 ---
2026-09-10 13:00:14  [donchian_nasdaq_h1] flat; HOLD
2026-09-10 13:15:14  --- new M15 bar for donchian_gold_m15 ---
2026-09-10 13:15:14  [donchian_gold_m15] flat; HOLD
2026-09-10 13:30:14  --- new M15 bar for donchian_gold_m15 ---
2026-09-10 13:30:14  [donchian_gold_m15] flat; HOLD
2026-09-10 13:30:14  --- new M30 bar for donchian_btc_m30 ---
2026-09-10 13:30:14  [donchian_btc_m30] flat; HOLD
2026-09-10 13:45:14  --- new M15 bar for donchian_gold_m15 ---
2026-09-10 13:45:14  [donchian_gold_m15] flat; HOLD
2026-09-10 13:54:29  connected login=472698318 Exness-MT5Trial16 DEMO balance=10118.07
2026-09-10 13:54:29  loaded [donchian_gold_h1] donchian_breakout {'period': 20, 'use_trend': True, 'long_only': True} XAUUSDm H1 magic=20260101 filters={}
2026-09-10 13:54:29  loaded [donchian_gold_m15] donchian_breakout {'period': 20, 'use_trend': True, 'long_only': True} XAUUSDm M15 magic=20260102 filters={}
2026-09-10 13:54:29  loaded [donchian_silver_h1] donchian_breakout {'period': 20, 'use_trend': True, 'long_only': True} XAGUSDm H1 magic=20260103 filters={}
2026-09-10 13:54:29  loaded [donchian_btc_m30] donchian_breakout {'period': 20, 'use_trend': True, 'long_only': True} BTCUSDm M30 magic=20260104 filters={}
2026-09-10 13:54:29  loaded [macd_gold_h1] macd_trend {'fast': 12, 'slow': 26, 'signal': 9, 'trend': 200} XAUUSDm H1 magic=20260105 filters={}
2026-09-10 13:54:29  loaded [donchian_nasdaq_h1] donchian_breakout {'period': 20, 'use_trend': True, 'long_only': True} USTECm H1 magic=20260106 filters={}
2026-09-10 13:54:29  [donchian_gold_m15] EXIT SL XAUUSDm @4414.194 profit=-306.58
2026-09-10 13:54:29  [macd_gold_h1] EXIT TP XAUUSDm @4342.132 profit=424.55
2026-09-10 13:54:29  portfolio loop started: 6 strategies (Ctrl+C to stop)
2026-09-10 14:00:14  --- new H1 bar for donchian_gold_h1 ---
2026-09-10 14:00:15  [donchian_gold_h1] flat; HOLD
2026-09-10 14:00:15  --- new M15 bar for donchian_gold_m15 ---
2026-09-10 14:00:15  [donchian_gold_m15] flat; HOLD
2026-09-10 14:00:15  --- new H1 bar for donchian_silver_h1 ---
2026-09-10 14:00:15  [donchian_silver_h1] flat; HOLD
2026-09-10 14:00:15  --- new M30 bar for donchian_btc_m30 ---
2026-09-10 14:00:15  [donchian_btc_m30] flat; HOLD
2026-09-10 14:00:15  --- new H1 bar for macd_gold_h1 ---
2026-09-10 14:00:15  [macd_gold_h1] flat; HOLD
2026-09-10 14:00:15  --- new H1 bar for donchian_nasdaq_h1 ---
2026-09-10 14:00:15  [donchian_nasdaq_h1] flat; HOLD
2026-09-10 14:15:15  --- new M15 bar for donchian_gold_m15 ---
2026-09-10 14:15:15  [donchian_gold_m15] flat; HOLD
2026-09-10 14:30:00  --- new M15 bar for donchian_gold_m15 ---
2026-09-10 14:30:00  [donchian_gold_m15] flat; HOLD
2026-09-10 14:30:00  --- new M30 bar for donchian_btc_m30 ---
2026-09-10 14:30:00  [donchian_btc_m30] flat; HOLD
2026-09-10 14:45:00  --- new M15 bar for donchian_gold_m15 ---
2026-09-10 14:45:00  [donchian_gold_m15] flat; HOLD
2026-09-10 15:00:00  --- new H1 bar for donchian_gold_h1 ---
2026-09-10 15:00:00  [donchian_gold_h1] flat; HOLD
2026-09-10 15:00:00  --- new M15 bar for donchian_gold_m15 ---
2026-09-10 15:00:00  [donchian_gold_m15] flat; HOLD
2026-09-10 15:00:00  --- new H1 bar for donchian_silver_h1 ---
2026-09-10 15:00:00  [donchian_silver_h1] flat; HOLD
2026-09-10 15:00:00  --- new H1 bar for macd_gold_h1 ---
2026-09-10 15:00:00  [macd_gold_h1] flat; HOLD
2026-09-10 15:00:00  --- new H1 bar for donchian_nasdaq_h1 ---
2026-09-10 15:00:00  [donchian_nasdaq_h1] flat; HOLD
2026-09-10 15:00:15  --- new M30 bar for donchian_btc_m30 ---
2026-09-10 15:00:15  [donchian_btc_m30] flat; HOLD
2026-09-10 15:15:00  --- new M15 bar for donchian_gold_m15 ---
2026-09-10 15:15:00  [donchian_gold_m15] flat; HOLD
2026-09-10 16:01:16  --- new H1 bar for donchian_gold_h1 ---
2026-09-10 16:01:16  [donchian_gold_h1] flat; HOLD
2026-09-10 16:01:16  --- new M15 bar for donchian_gold_m15 ---
2026-09-10 16:01:16  [donchian_gold_m15] flat; HOLD
2026-09-10 16:01:16  --- new H1 bar for donchian_silver_h1 ---
2026-09-10 16:01:16  [donchian_silver_h1] flat; HOLD
2026-09-10 16:01:16  --- new M30 bar for donchian_btc_m30 ---
2026-09-10 16:01:16  [donchian_btc_m30] flat; HOLD
2026-09-10 16:01:16  --- new H1 bar for macd_gold_h1 ---
2026-09-10 16:01:16  [macd_gold_h1] flat; HOLD
2026-09-10 16:01:16  --- new H1 bar for donchian_nasdaq_h1 ---
2026-09-10 16:01:16  [donchian_nasdaq_h1] flat; HOLD
2026-09-10 16:04:34  connected login=472698318 server=Exness-MT5Trial16 DEMO balance=10118.07 USD
2026-09-10 16:04:34  strategy=donchian_breakout {'period': 20, 'trend': 200, 'use_trend': True, 'long_only': True} symbol=XAUUSDm tf=H1 spec(pip=0.01,$ /pip/lot=1.0)
2026-09-10 16:04:34  live loop started — waiting for new bars (Ctrl+C to stop)
2026-09-10 16:33:25  stopped by user
2026-09-10 16:34:45  connected login=472698318 Exness-MT5Trial16 DEMO balance=10118.07
2026-09-10 16:34:45  loaded [donchian_gold_h1] donchian_breakout {'period': 20, 'use_trend': True, 'long_only': True} XAUUSDm H1 magic=20260101 filters={}
2026-09-10 16:34:45  loaded [donchian_gold_m15] donchian_breakout {'period': 20, 'use_trend': True, 'long_only': True} XAUUSDm M15 magic=20260102 filters={}
2026-09-10 16:34:45  loaded [donchian_silver_h1] donchian_breakout {'period': 20, 'use_trend': True, 'long_only': True} XAGUSDm H1 magic=20260103 filters={}
2026-09-10 16:34:45  loaded [donchian_btc_m30] donchian_breakout {'period': 20, 'use_trend': True, 'long_only': True} BTCUSDm M30 magic=20260104 filters={}
2026-09-10 16:34:45  loaded [macd_gold_h1] macd_trend {'fast': 12, 'slow': 26, 'signal': 9, 'trend': 200} XAUUSDm H1 magic=20260105 filters={}
2026-09-10 16:34:45  loaded [donchian_nasdaq_h1] donchian_breakout {'period': 20, 'use_trend': True, 'long_only': True} USTECm H1 magic=20260106 filters={}
2026-09-10 16:34:45  portfolio loop started: 6 strategies (Ctrl+C to stop)
2026-09-10 21:46:12  connected login=472698318 Exness-MT5Trial16 DEMO balance=10118.07
2026-09-10 21:46:12  loaded [donchian_gold_h1] donchian_breakout {'period': 20, 'use_trend': True, 'long_only': True} XAUUSDm H1 magic=20260101 filters={}
2026-09-10 21:46:12  loaded [donchian_gold_m15] donchian_breakout {'period': 20, 'use_trend': True, 'long_only': True} XAUUSDm M15 magic=20260102 filters={}
2026-09-10 21:46:12  loaded [donchian_silver_h1] donchian_breakout {'period': 20, 'use_trend': True, 'long_only': True} XAGUSDm H1 magic=20260103 filters={}
2026-09-10 21:46:12  loaded [donchian_btc_m30] donchian_breakout {'period': 20, 'use_trend': True, 'long_only': True} BTCUSDm M30 magic=20260104 filters={}
2026-09-10 21:46:12  loaded [macd_gold_h1] macd_trend {'fast': 12, 'slow': 26, 'signal': 9, 'trend': 200} XAUUSDm H1 magic=20260105 filters={}
2026-09-10 21:46:12  loaded [donchian_nasdaq_h1] donchian_breakout {'period': 20, 'use_trend': True, 'long_only': True} USTECm H1 magic=20260106 filters={}
2026-09-10 21:46:12  portfolio loop started: 6 strategies (Ctrl+C to stop)
2026-09-10 21:46:27  --- new H1 bar for donchian_silver_h1 ---
2026-09-10 21:46:27  [donchian_silver_h1] flat; HOLD
2026-09-10 22:00:12  --- new M30 bar for donchian_btc_m30 ---
2026-09-10 22:00:12  [donchian_btc_m30] flat; HOLD
2026-09-10 22:00:12  --- new H1 bar for donchian_nasdaq_h1 ---
2026-09-10 22:00:12  [donchian_nasdaq_h1] flat; HOLD
2026-09-10 22:00:42  --- new H1 bar for donchian_gold_h1 ---
2026-09-10 22:00:42  [donchian_gold_h1] flat; HOLD
2026-09-10 22:00:42  --- new M15 bar for donchian_gold_m15 ---
2026-09-10 22:00:42  [donchian_gold_m15] flat; HOLD
2026-09-10 22:00:42  --- new H1 bar for macd_gold_h1 ---
2026-09-10 22:00:42  [macd_gold_h1] flat; HOLD
2026-09-10 22:01:57  --- new H1 bar for donchian_silver_h1 ---
2026-09-10 22:01:57  [donchian_silver_h1] flat; HOLD
2026-09-10 22:15:12  --- new M15 bar for donchian_gold_m15 ---
2026-09-10 22:15:12  [donchian_gold_m15] flat; HOLD
2026-09-10 22:30:12  --- new M15 bar for donchian_gold_m15 ---
2026-09-10 22:30:12  [donchian_gold_m15] flat; HOLD
2026-09-10 22:30:12  --- new M30 bar for donchian_btc_m30 ---
2026-09-10 22:30:12  [donchian_btc_m30] flat; HOLD
2026-09-10 22:45:13  --- new M15 bar for donchian_gold_m15 ---
2026-09-10 22:45:13  [donchian_gold_m15] flat; HOLD
2026-09-10 23:00:13  --- new H1 bar for donchian_gold_h1 ---
2026-09-10 23:00:13  [donchian_gold_h1] flat; HOLD
2026-09-10 23:00:13  --- new M15 bar for donchian_gold_m15 ---
2026-09-10 23:00:13  [donchian_gold_m15] flat; HOLD
2026-09-10 23:00:13  --- new H1 bar for donchian_silver_h1 ---
2026-09-10 23:00:13  [donchian_silver_h1] flat; HOLD
2026-09-10 23:00:13  --- new M30 bar for donchian_btc_m30 ---
2026-09-10 23:00:13  [donchian_btc_m30] flat; HOLD
2026-09-10 23:00:13  --- new H1 bar for macd_gold_h1 ---
2026-09-10 23:00:13  [macd_gold_h1] flat; HOLD
2026-09-10 23:00:13  --- new H1 bar for donchian_nasdaq_h1 ---
2026-09-10 23:00:13  [donchian_nasdaq_h1] flat; HOLD
2026-09-10 23:15:13  --- new M15 bar for donchian_gold_m15 ---
2026-09-10 23:15:13  [donchian_gold_m15] flat; HOLD
2026-09-10 23:30:13  --- new M15 bar for donchian_gold_m15 ---
2026-09-10 23:30:13  [donchian_gold_m15] flat; HOLD
2026-09-10 23:30:13  --- new M30 bar for donchian_btc_m30 ---
2026-09-10 23:30:13  [donchian_btc_m30] flat; HOLD
2026-09-10 23:45:13  --- new M15 bar for donchian_gold_m15 ---
2026-09-10 23:45:13  [donchian_gold_m15] flat; HOLD
2026-09-11 00:00:13  --- new H1 bar for donchian_gold_h1 ---
2026-09-11 00:00:13  [donchian_gold_h1] flat; HOLD
2026-09-11 00:00:13  --- new M15 bar for donchian_gold_m15 ---
2026-09-11 00:00:13  [donchian_gold_m15] flat; HOLD
2026-09-11 00:00:13  --- new H1 bar for donchian_silver_h1 ---
2026-09-11 00:00:13  [donchian_silver_h1] flat; HOLD
2026-09-11 00:00:13  --- new M30 bar for donchian_btc_m30 ---
2026-09-11 00:00:13  [donchian_btc_m30] flat; HOLD
2026-09-11 00:00:13  --- new H1 bar for macd_gold_h1 ---
2026-09-11 00:00:13  [macd_gold_h1] flat; HOLD
2026-09-11 00:00:13  --- new H1 bar for donchian_nasdaq_h1 ---
2026-09-11 00:00:13  [donchian_nasdaq_h1] flat; HOLD
2026-09-11 00:15:14  --- new M15 bar for donchian_gold_m15 ---
2026-09-11 00:15:14  [donchian_gold_m15] flat; HOLD
2026-09-11 00:30:14  --- new M15 bar for donchian_gold_m15 ---
2026-09-11 00:30:14  [donchian_gold_m15] flat; HOLD
2026-09-11 00:30:14  --- new M30 bar for donchian_btc_m30 ---
2026-09-11 00:30:14  [donchian_btc_m30] flat; HOLD
2026-09-11 00:45:14  --- new M15 bar for donchian_gold_m15 ---
2026-09-11 00:45:14  [donchian_gold_m15] flat; HOLD
2026-09-11 01:00:14  --- new H1 bar for donchian_gold_h1 ---
2026-09-11 01:00:14  [donchian_gold_h1] flat; HOLD
2026-09-11 01:00:14  --- new M15 bar for donchian_gold_m15 ---
2026-09-11 01:00:14  [donchian_gold_m15] flat; HOLD
2026-09-11 01:00:14  --- new H1 bar for donchian_silver_h1 ---
2026-09-11 01:00:14  [donchian_silver_h1] flat; HOLD
2026-09-11 01:00:14  --- new M30 bar for donchian_btc_m30 ---
2026-09-11 01:00:14  [donchian_btc_m30] flat; HOLD
2026-09-11 01:00:14  --- new H1 bar for macd_gold_h1 ---
2026-09-11 01:00:14  [macd_gold_h1] flat; HOLD
2026-09-11 01:00:14  --- new H1 bar for donchian_nasdaq_h1 ---
2026-09-11 01:00:14  [donchian_nasdaq_h1] flat; HOLD
2026-09-11 01:15:14  --- new M15 bar for donchian_gold_m15 ---
2026-09-11 01:15:14  [donchian_gold_m15] flat; HOLD
2026-09-11 01:30:14  --- new M15 bar for donchian_gold_m15 ---
2026-09-11 01:30:14  [donchian_gold_m15] flat; HOLD
2026-09-11 01:30:14  --- new M30 bar for donchian_btc_m30 ---
2026-09-11 01:30:14  [donchian_btc_m30] flat; HOLD
2026-09-11 01:45:14  --- new M15 bar for donchian_gold_m15 ---
2026-09-11 01:45:15  [donchian_gold_m15] flat; HOLD
2026-09-11 02:00:15  --- new H1 bar for donchian_gold_h1 ---
2026-09-11 02:00:15  [donchian_gold_h1] flat; HOLD
2026-09-11 02:00:15  --- new M15 bar for donchian_gold_m15 ---
2026-09-11 02:00:15  [donchian_gold_m15] flat; HOLD
2026-09-11 02:00:15  --- new H1 bar for donchian_silver_h1 ---
2026-09-11 02:00:15  [donchian_silver_h1] flat; HOLD
2026-09-11 02:00:15  --- new M30 bar for donchian_btc_m30 ---
2026-09-11 02:00:15  [donchian_btc_m30] flat; HOLD
2026-09-11 02:00:15  --- new H1 bar for macd_gold_h1 ---
2026-09-11 02:00:15  [macd_gold_h1] flat; HOLD
2026-09-11 02:00:15  --- new H1 bar for donchian_nasdaq_h1 ---
2026-09-11 02:00:15  [donchian_nasdaq_h1] flat; HOLD
2026-09-11 02:15:15  --- new M15 bar for donchian_gold_m15 ---
2026-09-11 02:15:15  [donchian_gold_m15] flat; HOLD
2026-09-11 02:30:00  --- new M15 bar for donchian_gold_m15 ---
2026-09-11 02:30:00  [donchian_gold_m15] flat; HOLD
2026-09-11 02:30:15  --- new M30 bar for donchian_btc_m30 ---
2026-09-11 02:30:15  [donchian_btc_m30] flat; HOLD
2026-09-11 02:45:00  --- new M15 bar for donchian_gold_m15 ---
2026-09-11 02:45:00  [donchian_gold_m15] flat; HOLD
2026-09-11 03:00:00  --- new H1 bar for donchian_gold_h1 ---
2026-09-11 03:00:00  [donchian_gold_h1] flat; HOLD
2026-09-11 03:00:00  --- new M15 bar for donchian_gold_m15 ---
2026-09-11 03:00:00  [donchian_gold_m15] flat; HOLD
2026-09-11 03:00:00  --- new H1 bar for donchian_silver_h1 ---
2026-09-11 03:00:00  [donchian_silver_h1] flat; HOLD
2026-09-11 03:00:00  --- new M30 bar for donchian_btc_m30 ---
2026-09-11 03:00:00  [donchian_btc_m30] flat; HOLD
2026-09-11 03:00:00  --- new H1 bar for macd_gold_h1 ---
2026-09-11 03:00:00  [macd_gold_h1] flat; HOLD
2026-09-11 03:00:00  --- new H1 bar for donchian_nasdaq_h1 ---
2026-09-11 03:00:00  [donchian_nasdaq_h1] flat; HOLD
2026-09-11 03:15:15  --- new M15 bar for donchian_gold_m15 ---
2026-09-11 03:15:15  [donchian_gold_m15] flat; HOLD
2026-09-11 03:30:01  --- new M15 bar for donchian_gold_m15 ---
2026-09-11 03:30:01  [donchian_gold_m15] flat; HOLD
2026-09-11 03:30:01  --- new M30 bar for donchian_btc_m30 ---
2026-09-11 03:30:01  [donchian_btc_m30] flat; HOLD
2026-09-11 03:45:01  --- new M15 bar for donchian_gold_m15 ---
2026-09-11 03:45:01  [donchian_gold_m15] flat; HOLD
2026-09-11 04:00:01  --- new H1 bar for donchian_gold_h1 ---
2026-09-11 04:00:01  [donchian_gold_h1] flat; HOLD
2026-09-11 04:00:01  --- new M15 bar for donchian_gold_m15 ---
2026-09-11 04:00:01  [donchian_gold_m15] flat; HOLD
2026-09-11 04:00:01  --- new H1 bar for donchian_silver_h1 ---
2026-09-11 04:00:01  [donchian_silver_h1] flat; HOLD
2026-09-11 04:00:01  --- new M30 bar for donchian_btc_m30 ---
2026-09-11 04:00:01  [donchian_btc_m30] flat; HOLD
2026-09-11 04:00:01  --- new H1 bar for macd_gold_h1 ---
2026-09-11 04:00:01  [macd_gold_h1] flat; HOLD
2026-09-11 04:00:01  --- new H1 bar for donchian_nasdaq_h1 ---
2026-09-11 04:00:01  [donchian_nasdaq_h1] flat; HOLD
2026-09-11 04:15:01  --- new M15 bar for donchian_gold_m15 ---
2026-09-11 04:15:01  [donchian_gold_m15] flat; HOLD
2026-09-11 04:30:01  --- new M15 bar for donchian_gold_m15 ---
2026-09-11 04:30:01  [donchian_gold_m15] flat; HOLD
2026-09-11 04:30:01  --- new M30 bar for donchian_btc_m30 ---
2026-09-11 04:30:01  [donchian_btc_m30] flat; HOLD
2026-09-11 04:45:01  --- new M15 bar for donchian_gold_m15 ---
2026-09-11 04:45:01  [donchian_gold_m15] flat; HOLD
2026-09-11 05:00:01  --- new H1 bar for donchian_gold_h1 ---
2026-09-11 05:00:01  [donchian_gold_h1] flat; HOLD
2026-09-11 05:00:01  --- new M15 bar for donchian_gold_m15 ---
2026-09-11 05:00:01  [donchian_gold_m15] flat; HOLD
2026-09-11 05:00:01  --- new H1 bar for donchian_silver_h1 ---
2026-09-11 05:00:01  [donchian_silver_h1] flat; HOLD
2026-09-11 05:00:01  --- new M30 bar for donchian_btc_m30 ---
2026-09-11 05:00:02  [donchian_btc_m30] flat; HOLD
2026-09-11 05:00:02  --- new H1 bar for macd_gold_h1 ---
2026-09-11 05:00:02  [macd_gold_h1] flat; HOLD
2026-09-11 05:00:02  --- new H1 bar for donchian_nasdaq_h1 ---
2026-09-11 05:00:02  [donchian_nasdaq_h1] flat; HOLD
2026-09-11 05:15:02  --- new M15 bar for donchian_gold_m15 ---
2026-09-11 05:15:02  [donchian_gold_m15] flat; HOLD
2026-09-11 05:30:02  --- new M15 bar for donchian_gold_m15 ---
2026-09-11 05:30:02  [donchian_gold_m15] flat; HOLD
2026-09-11 05:30:02  --- new M30 bar for donchian_btc_m30 ---
2026-09-11 05:30:02  [donchian_btc_m30] flat; HOLD
2026-09-11 05:45:02  --- new M15 bar for donchian_gold_m15 ---
2026-09-11 05:45:02  [donchian_gold_m15] flat; HOLD
2026-09-11 06:00:02  --- new H1 bar for donchian_gold_h1 ---
2026-09-11 06:00:02  [donchian_gold_h1] flat; HOLD
2026-09-11 06:00:02  --- new M15 bar for donchian_gold_m15 ---
2026-09-11 06:00:02  [donchian_gold_m15] flat; HOLD
2026-09-11 06:00:02  --- new H1 bar for donchian_silver_h1 ---
2026-09-11 06:00:02  [donchian_silver_h1] flat; HOLD
2026-09-11 06:00:02  --- new M30 bar for donchian_btc_m30 ---
2026-09-11 06:00:02  [donchian_btc_m30] flat; HOLD
2026-09-11 06:00:02  --- new H1 bar for macd_gold_h1 ---
2026-09-11 06:00:02  [macd_gold_h1] flat; HOLD
2026-09-11 06:00:02  --- new H1 bar for donchian_nasdaq_h1 ---
2026-09-11 06:00:02  [donchian_nasdaq_h1] flat; HOLD
2026-09-11 06:15:02  --- new M15 bar for donchian_gold_m15 ---
2026-09-11 06:15:02  [donchian_gold_m15] flat; HOLD
2026-09-11 06:30:02  --- new M15 bar for donchian_gold_m15 ---
2026-09-11 06:30:02  [donchian_gold_m15] flat; HOLD
2026-09-11 06:30:02  --- new M30 bar for donchian_btc_m30 ---
2026-09-11 06:30:02  [donchian_btc_m30] flat; HOLD
2026-09-11 06:45:02  --- new M15 bar for donchian_gold_m15 ---
2026-09-11 06:45:03  [donchian_gold_m15] flat; HOLD
2026-09-11 07:00:03  --- new H1 bar for donchian_gold_h1 ---
2026-09-11 07:00:03  [donchian_gold_h1] flat; HOLD
2026-09-11 07:00:03  --- new M15 bar for donchian_gold_m15 ---
2026-09-11 07:00:03  [donchian_gold_m15] flat; HOLD
2026-09-11 07:00:03  --- new H1 bar for donchian_silver_h1 ---
2026-09-11 07:00:03  [donchian_silver_h1] flat; HOLD
2026-09-11 07:00:03  --- new M30 bar for donchian_btc_m30 ---
2026-09-11 07:00:03  [donchian_btc_m30] flat; HOLD
2026-09-11 07:00:03  --- new H1 bar for macd_gold_h1 ---
2026-09-11 07:00:03  [macd_gold_h1] flat; HOLD
2026-09-11 07:00:03  --- new H1 bar for donchian_nasdaq_h1 ---
2026-09-11 07:00:03  [donchian_nasdaq_h1] flat; HOLD
2026-09-11 07:15:03  --- new M15 bar for donchian_gold_m15 ---
2026-09-11 07:15:03  [donchian_gold_m15] flat; HOLD
2026-09-11 07:30:03  --- new M15 bar for donchian_gold_m15 ---
2026-09-11 07:30:03  [donchian_gold_m15] flat; HOLD
2026-09-11 07:30:03  --- new M30 bar for donchian_btc_m30 ---
2026-09-11 07:30:03  [donchian_btc_m30] flat; HOLD
2026-09-11 07:45:03  --- new M15 bar for donchian_gold_m15 ---
2026-09-11 07:45:03  [donchian_gold_m15] flat; HOLD
2026-09-11 08:00:03  --- new H1 bar for donchian_gold_h1 ---
2026-09-11 08:00:03  [donchian_gold_h1] flat; HOLD
2026-09-11 08:00:03  --- new M15 bar for donchian_gold_m15 ---
2026-09-11 08:00:03  [donchian_gold_m15] flat; HOLD
2026-09-11 08:00:03  --- new H1 bar for donchian_silver_h1 ---
2026-09-11 08:00:03  [donchian_silver_h1] flat; HOLD
2026-09-11 08:00:03  --- new M30 bar for donchian_btc_m30 ---
2026-09-11 08:00:03  [donchian_btc_m30] flat; HOLD
2026-09-11 08:00:03  --- new H1 bar for macd_gold_h1 ---
2026-09-11 08:00:03  [macd_gold_h1] flat; HOLD
2026-09-11 08:00:03  --- new H1 bar for donchian_nasdaq_h1 ---
2026-09-11 08:00:03  [donchian_nasdaq_h1] flat; HOLD
2026-09-11 08:15:03  --- new M15 bar for donchian_gold_m15 ---
2026-09-11 08:15:03  [donchian_gold_m15] flat; HOLD
2026-09-11 08:30:04  --- new M15 bar for donchian_gold_m15 ---
2026-09-11 08:30:04  [donchian_gold_m15] flat; HOLD
2026-09-11 08:30:04  --- new M30 bar for donchian_btc_m30 ---
2026-09-11 08:30:04  [donchian_btc_m30] flat; HOLD
2026-09-11 08:45:04  --- new M15 bar for donchian_gold_m15 ---
2026-09-11 08:45:04  [donchian_gold_m15] flat; HOLD
2026-09-11 09:00:04  --- new H1 bar for donchian_gold_h1 ---
2026-09-11 09:00:04  [donchian_gold_h1] flat; HOLD
2026-09-11 09:00:04  --- new M15 bar for donchian_gold_m15 ---
2026-09-11 09:00:04  [donchian_gold_m15] flat; HOLD
2026-09-11 09:00:04  --- new H1 bar for donchian_silver_h1 ---
2026-09-11 09:00:04  [donchian_silver_h1] flat; HOLD
2026-09-11 09:00:04  --- new M30 bar for donchian_btc_m30 ---
2026-09-11 09:00:04  [donchian_btc_m30] flat; HOLD
2026-09-11 09:00:04  --- new H1 bar for macd_gold_h1 ---
2026-09-11 09:00:04  [macd_gold_h1] flat; HOLD
2026-09-11 09:00:04  --- new H1 bar for donchian_nasdaq_h1 ---
2026-09-11 09:00:04  [donchian_nasdaq_h1] flat; HOLD
2026-09-11 09:15:04  --- new M15 bar for donchian_gold_m15 ---
2026-09-11 09:15:04  [donchian_gold_m15] flat; HOLD
2026-09-11 09:30:04  --- new M15 bar for donchian_gold_m15 ---
2026-09-11 09:30:04  [donchian_gold_m15] flat; HOLD
2026-09-11 09:30:04  --- new M30 bar for donchian_btc_m30 ---
2026-09-11 09:30:04  [donchian_btc_m30] flat; HOLD
2026-09-11 09:45:04  --- new M15 bar for donchian_gold_m15 ---
2026-09-11 09:45:04  [donchian_gold_m15] flat; HOLD
2026-09-11 10:00:05  --- new H1 bar for donchian_gold_h1 ---
2026-09-11 10:00:05  [donchian_gold_h1] flat; HOLD
2026-09-11 10:00:05  --- new M15 bar for donchian_gold_m15 ---
2026-09-11 10:00:05  [donchian_gold_m15] flat; HOLD
2026-09-11 10:00:05  --- new H1 bar for donchian_silver_h1 ---
2026-09-11 10:00:05  [donchian_silver_h1] flat; HOLD
2026-09-11 10:00:05  --- new M30 bar for donchian_btc_m30 ---
2026-09-11 10:00:05  [donchian_btc_m30] flat; HOLD
2026-09-11 10:00:05  --- new H1 bar for macd_gold_h1 ---
2026-09-11 10:00:05  [macd_gold_h1] flat; HOLD
2026-09-11 10:00:05  --- new H1 bar for donchian_nasdaq_h1 ---
2026-09-11 10:00:05  [donchian_nasdaq_h1] flat; HOLD
2026-09-11 10:15:05  --- new M15 bar for donchian_gold_m15 ---
2026-09-11 10:15:05  [donchian_gold_m15] flat; HOLD
2026-09-11 10:30:05  --- new M15 bar for donchian_gold_m15 ---
2026-09-11 10:30:05  [donchian_gold_m15] flat; HOLD
2026-09-11 10:30:05  --- new M30 bar for donchian_btc_m30 ---
2026-09-11 10:30:05  [donchian_btc_m30] flat; HOLD
2026-09-11 10:45:05  --- new M15 bar for donchian_gold_m15 ---
2026-09-11 10:45:05  [donchian_gold_m15] flat; HOLD
2026-09-11 11:00:05  --- new H1 bar for donchian_gold_h1 ---
2026-09-11 11:00:05  [donchian_gold_h1] flat; HOLD
2026-09-11 11:00:05  --- new M15 bar for donchian_gold_m15 ---
2026-09-11 11:00:05  [donchian_gold_m15] flat; HOLD
2026-09-11 11:00:05  --- new H1 bar for donchian_silver_h1 ---
2026-09-11 11:00:05  [donchian_silver_h1] flat; HOLD
2026-09-11 11:00:05  --- new M30 bar for donchian_btc_m30 ---
2026-09-11 11:00:05  [donchian_btc_m30] flat; HOLD
2026-09-11 11:00:05  --- new H1 bar for macd_gold_h1 ---
2026-09-11 11:00:05  [macd_gold_h1] flat; HOLD
2026-09-11 11:00:05  --- new H1 bar for donchian_nasdaq_h1 ---
2026-09-11 11:00:05  [donchian_nasdaq_h1] flat; HOLD
2026-09-11 11:15:05  --- new M15 bar for donchian_gold_m15 ---
2026-09-11 11:15:05  [donchian_gold_m15] flat; HOLD
2026-09-11 11:30:05  --- new M15 bar for donchian_gold_m15 ---
2026-09-11 11:30:06  [donchian_gold_m15] flat; HOLD
2026-09-11 11:30:06  --- new M30 bar for donchian_btc_m30 ---
2026-09-11 11:30:06  [donchian_btc_m30] flat; HOLD
2026-09-11 11:45:06  --- new M15 bar for donchian_gold_m15 ---
2026-09-11 11:45:06  [donchian_gold_m15] flat; HOLD
2026-09-11 12:00:06  --- new H1 bar for donchian_gold_h1 ---
2026-09-11 12:00:06  [donchian_gold_h1] flat; HOLD
2026-09-11 12:00:06  --- new M15 bar for donchian_gold_m15 ---
2026-09-11 12:00:06  [donchian_gold_m15] flat; HOLD
2026-09-11 12:00:06  --- new H1 bar for donchian_silver_h1 ---
2026-09-11 12:00:06  [donchian_silver_h1] flat; HOLD
2026-09-11 12:00:06  --- new M30 bar for donchian_btc_m30 ---
2026-09-11 12:00:06  [donchian_btc_m30] flat; HOLD
2026-09-11 12:00:06  --- new H1 bar for macd_gold_h1 ---
2026-09-11 12:00:06  [macd_gold_h1] flat; HOLD
2026-09-11 12:00:06  --- new H1 bar for donchian_nasdaq_h1 ---
2026-09-11 12:00:06  [donchian_nasdaq_h1] flat; HOLD
2026-09-11 12:15:06  --- new M15 bar for donchian_gold_m15 ---
2026-09-11 12:15:06  [donchian_gold_m15] flat; HOLD
2026-09-11 12:30:06  --- new M15 bar for donchian_gold_m15 ---
2026-09-11 12:30:06  [donchian_gold_m15] flat; HOLD
2026-09-11 12:30:06  --- new M30 bar for donchian_btc_m30 ---
2026-09-11 12:30:06  [donchian_btc_m30] flat; HOLD
2026-09-11 12:45:06  --- new M15 bar for donchian_gold_m15 ---
2026-09-11 12:45:06  [donchian_gold_m15] flat; HOLD
2026-09-11 13:00:06  --- new H1 bar for donchian_gold_h1 ---
2026-09-11 13:00:07  [donchian_gold_h1] flat; HOLD
2026-09-11 13:00:07  --- new M15 bar for donchian_gold_m15 ---
2026-09-11 13:00:07  [donchian_gold_m15] BUY XAUUSDm entry~4389.581 sl=4360.272 tp=4433.545 lots=0.1
2026-09-11 13:00:07  [donchian_gold_m15] order OK retcode=10009
2026-09-11 13:00:07  --- new H1 bar for donchian_silver_h1 ---
2026-09-11 13:00:07  [donchian_silver_h1] flat; HOLD
2026-09-11 13:00:07  --- new M30 bar for donchian_btc_m30 ---
2026-09-11 13:00:07  [donchian_btc_m30] flat; HOLD
2026-09-11 13:00:07  --- new H1 bar for macd_gold_h1 ---
2026-09-11 13:00:07  [macd_gold_h1] flat; HOLD
2026-09-11 13:00:07  --- new H1 bar for donchian_nasdaq_h1 ---
2026-09-11 13:00:07  [donchian_nasdaq_h1] BUY USTECm entry~29477.810 sl=29308.435 tp=29731.872 lots=1.79
2026-09-11 13:00:07  [donchian_nasdaq_h1] order OK retcode=10009
2026-09-11 13:15:08  --- new M15 bar for donchian_gold_m15 ---
2026-09-11 13:15:08  [donchian_gold_m15] holding BUY; signal=HOLD
2026-09-11 13:30:08  --- new M15 bar for donchian_gold_m15 ---
2026-09-11 13:30:08  [donchian_gold_m15] holding BUY; signal=HOLD
2026-09-11 13:30:08  --- new M30 bar for donchian_btc_m30 ---
2026-09-11 13:30:08  [donchian_btc_m30] flat; HOLD
2026-09-11 13:45:08  --- new M15 bar for donchian_gold_m15 ---
2026-09-11 13:45:08  [donchian_gold_m15] holding BUY; signal=HOLD
2026-09-11 14:00:08  --- new H1 bar for donchian_gold_h1 ---
2026-09-11 14:00:08  [donchian_gold_h1] flat; HOLD
2026-09-11 14:00:08  --- new M15 bar for donchian_gold_m15 ---
2026-09-11 14:00:08  [donchian_gold_m15] holding BUY; signal=BUY
2026-09-11 14:00:08  --- new H1 bar for donchian_silver_h1 ---
2026-09-11 14:00:08  [donchian_silver_h1] flat; HOLD
2026-09-11 14:00:08  --- new M30 bar for donchian_btc_m30 ---
2026-09-11 14:00:08  [donchian_btc_m30] BUY BTCUSDm entry~79262.800 sl=78238.875 tp=80798.688 lots=0.3
2026-09-11 14:00:09  [donchian_btc_m30] order OK retcode=10009
2026-09-11 14:00:09  --- new H1 bar for macd_gold_h1 ---
2026-09-11 14:00:09  [macd_gold_h1] flat; HOLD
2026-09-11 14:00:09  --- new H1 bar for donchian_nasdaq_h1 ---
2026-09-11 14:00:09  [donchian_nasdaq_h1] holding BUY; signal=HOLD
2026-09-11 14:15:09  --- new M15 bar for donchian_gold_m15 ---
2026-09-11 14:15:09  [donchian_gold_m15] holding BUY; signal=HOLD
2026-09-11 14:30:09  --- new M15 bar for donchian_gold_m15 ---
2026-09-11 14:30:09  [donchian_gold_m15] holding BUY; signal=HOLD
2026-09-11 14:30:09  --- new M30 bar for donchian_btc_m30 ---
2026-09-11 14:30:09  [donchian_btc_m30] holding BUY; signal=HOLD
2026-09-11 14:45:09  --- new M15 bar for donchian_gold_m15 ---
2026-09-11 14:45:09  [donchian_gold_m15] holding BUY; signal=HOLD
2026-09-11 15:00:09  --- new H1 bar for donchian_gold_h1 ---
2026-09-11 15:00:09  [donchian_gold_h1] flat; HOLD
2026-09-11 15:00:09  --- new M15 bar for donchian_gold_m15 ---
2026-09-11 15:00:09  [donchian_gold_m15] holding BUY; signal=HOLD
2026-09-11 15:00:09  --- new H1 bar for donchian_silver_h1 ---
2026-09-11 15:00:09  [donchian_silver_h1] flat; HOLD
2026-09-11 15:00:09  --- new M30 bar for donchian_btc_m30 ---
2026-09-11 15:00:09  [donchian_btc_m30] holding BUY; signal=HOLD
2026-09-11 15:00:09  --- new H1 bar for macd_gold_h1 ---
2026-09-11 15:00:09  [macd_gold_h1] flat; HOLD
2026-09-11 15:00:09  --- new H1 bar for donchian_nasdaq_h1 ---
2026-09-11 15:00:09  [donchian_nasdaq_h1] holding BUY; signal=HOLD
2026-09-11 15:13:09  [donchian_gold_m15] EXIT SL XAUUSDm @4360.272 profit=-287.35
2026-09-11 15:15:09  --- new M15 bar for donchian_gold_m15 ---
2026-09-11 15:15:09  [donchian_gold_m15] flat; HOLD
2026-09-11 15:20:16  connected login=472698318 Exness-MT5Trial16 DEMO balance=9830.72
2026-09-11 15:20:16  loaded [donchian_gold_h1] donchian_breakout {'period': 20, 'use_trend': True, 'long_only': True} XAUUSDm H1 magic=20260101 filters={}
2026-09-11 15:20:16  loaded [donchian_gold_m15] donchian_breakout {'period': 20, 'use_trend': True, 'long_only': True} XAUUSDm M15 magic=20260102 filters={}
2026-09-11 15:20:16  loaded [donchian_silver_h1] donchian_breakout {'period': 20, 'use_trend': True, 'long_only': True} XAGUSDm H1 magic=20260103 filters={}
2026-09-11 15:20:16  loaded [donchian_btc_m30] donchian_breakout {'period': 20, 'use_trend': True, 'long_only': True} BTCUSDm M30 magic=20260104 filters={}
2026-09-11 15:20:16  loaded [macd_gold_h1] macd_trend {'fast': 12, 'slow': 26, 'signal': 9, 'trend': 200} XAUUSDm H1 magic=20260105 filters={}
2026-09-11 15:20:16  loaded [donchian_nasdaq_h1] donchian_breakout {'period': 20, 'use_trend': True, 'long_only': True} USTECm H1 magic=20260106 filters={}
2026-09-11 15:20:16  [donchian_gold_h1] flat; HOLD
2026-09-11 15:20:16  [donchian_gold_m15] flat; HOLD
2026-09-11 15:20:16  [donchian_silver_h1] flat; HOLD
2026-09-11 15:20:16  [donchian_btc_m30] holding BUY; signal=HOLD
2026-09-11 15:20:16  [macd_gold_h1] flat; HOLD
2026-09-11 15:20:16  [donchian_nasdaq_h1] holding BUY; signal=HOLD
2026-09-11 15:20:36  connected login=472698318 Exness-MT5Trial16 DEMO balance=9830.72
2026-09-11 15:20:36  loaded [donchian_gold_h1] donchian_breakout {'period': 20, 'use_trend': True, 'long_only': True} XAUUSDm H1 magic=20260101 filters={}
2026-09-11 15:20:36  loaded [donchian_gold_m15] donchian_breakout {'period': 20, 'use_trend': True, 'long_only': True} XAUUSDm M15 magic=20260102 filters={}
2026-09-11 15:20:36  loaded [donchian_silver_h1] donchian_breakout {'period': 20, 'use_trend': True, 'long_only': True} XAGUSDm H1 magic=20260103 filters={}
2026-09-11 15:20:36  loaded [donchian_btc_m30] donchian_breakout {'period': 20, 'use_trend': True, 'long_only': True} BTCUSDm M30 magic=20260104 filters={}
2026-09-11 15:20:36  loaded [macd_gold_h1] macd_trend {'fast': 12, 'slow': 26, 'signal': 9, 'trend': 200} XAUUSDm H1 magic=20260105 filters={}
2026-09-11 15:20:36  loaded [donchian_nasdaq_h1] donchian_breakout {'period': 20, 'use_trend': True, 'long_only': True} USTECm H1 magic=20260106 filters={}
2026-09-11 15:20:36  portfolio loop started: 6 strategies (Ctrl+C to stop)
2026-09-11 15:30:06  --- new M15 bar for donchian_gold_m15 ---
2026-09-11 15:30:06  [donchian_gold_m15] flat; HOLD
2026-09-11 15:30:06  --- new M30 bar for donchian_btc_m30 ---
2026-09-11 15:30:06  [donchian_btc_m30] holding BUY; signal=HOLD
2026-09-11 15:32:12  connected login=472698318 Exness-MT5Trial16 DEMO balance=9830.72
2026-09-11 15:32:12  loaded [donchian_gold_h1] donchian_breakout {'period': 20, 'use_trend': True, 'long_only': True} XAUUSDm H1 magic=20260101 filters={}
2026-09-11 15:32:12  loaded [donchian_gold_m15] donchian_breakout {'period': 20, 'use_trend': True, 'long_only': True} XAUUSDm M15 magic=20260102 filters={}
2026-09-11 15:32:12  loaded [donchian_silver_h1] donchian_breakout {'period': 20, 'use_trend': True, 'long_only': True} XAGUSDm H1 magic=20260103 filters={}
2026-09-11 15:32:12  loaded [donchian_btc_m30] donchian_breakout {'period': 20, 'use_trend': True, 'long_only': True} BTCUSDm M30 magic=20260104 filters={}
2026-09-11 15:32:12  loaded [macd_gold_h1] macd_trend {'fast': 12, 'slow': 26, 'signal': 9, 'trend': 200} XAUUSDm H1 magic=20260105 filters={}
2026-09-11 15:32:12  loaded [donchian_nasdaq_h1] donchian_breakout {'period': 20, 'use_trend': True, 'long_only': True} USTECm H1 magic=20260106 filters={}
2026-09-11 15:32:12  portfolio loop started: 6 strategies | breaker at -10.0% or 6 straight losses (Ctrl+C to stop)
2026-09-11 15:45:13  --- new M15 bar for donchian_gold_m15 ---
2026-09-11 15:45:13  [donchian_gold_m15] flat; HOLD
2026-09-11 15:51:43  [donchian_btc_m30] EXIT SL BTCUSDm @78238.87 profit=-309.01 (no risk record - not scored in R)
2026-09-11 16:00:13  --- new H1 bar for donchian_gold_h1 ---
2026-09-11 16:00:13  [donchian_gold_h1] flat; HOLD
2026-09-11 16:00:13  --- new M15 bar for donchian_gold_m15 ---
2026-09-11 16:00:13  [donchian_gold_m15] flat; HOLD
2026-09-11 16:00:13  --- new H1 bar for donchian_silver_h1 ---
2026-09-11 16:00:13  [donchian_silver_h1] flat; HOLD
2026-09-11 16:00:13  --- new M30 bar for donchian_btc_m30 ---
2026-09-11 16:00:13  [donchian_btc_m30] flat; HOLD
2026-09-11 16:00:13  --- new H1 bar for macd_gold_h1 ---
2026-09-11 16:00:13  [macd_gold_h1] flat; HOLD
2026-09-11 16:00:13  --- new H1 bar for donchian_nasdaq_h1 ---
2026-09-11 16:00:13  [donchian_nasdaq_h1] holding BUY; signal=HOLD
2026-09-11 16:10:45  connected login=472698318 Exness-MT5Trial16 DEMO balance=9521.71
2026-09-11 16:10:45  loaded [donchian_gold_h1] donchian_breakout {'period': 20, 'use_trend': True, 'long_only': True} XAUUSDm H1 magic=20260101 filters={}
2026-09-11 16:10:45  loaded [donchian_gold_m15] donchian_breakout {'period': 20, 'use_trend': True, 'long_only': True} XAUUSDm M15 magic=20260102 filters={}
2026-09-11 16:10:45  loaded [donchian_silver_h1] donchian_breakout {'period': 20, 'use_trend': True, 'long_only': True} XAGUSDm H1 magic=20260103 filters={}
2026-09-11 16:10:45  loaded [donchian_btc_m30] donchian_breakout {'period': 20, 'use_trend': True, 'long_only': True} BTCUSDm M30 magic=20260104 filters={}
2026-09-11 16:10:45  loaded [donchian_nasdaq_h1] donchian_breakout {'period': 20, 'use_trend': True, 'long_only': True} USTECm H1 magic=20260106 filters={}
2026-09-11 16:10:45  portfolio loop started: 5 strategies | breaker at -10.0% or 6 straight losses (Ctrl+C to stop)
2026-09-11 16:15:00  --- new M15 bar for donchian_gold_m15 ---
2026-09-11 16:15:00  [donchian_gold_m15] flat; HOLD
2026-09-11 16:30:01  --- new M15 bar for donchian_gold_m15 ---
2026-09-11 16:30:01  [donchian_gold_m15] flat; HOLD
2026-09-11 16:30:16  --- new M30 bar for donchian_btc_m30 ---
2026-09-11 16:30:16  [donchian_btc_m30] flat; HOLD
2026-09-11 16:45:01  --- new M15 bar for donchian_gold_m15 ---
2026-09-11 16:45:01  [donchian_gold_m15] flat; HOLD
2026-09-11 17:00:01  --- new H1 bar for donchian_gold_h1 ---
2026-09-11 17:00:01  [donchian_gold_h1] flat; HOLD
2026-09-11 17:00:01  --- new M15 bar for donchian_gold_m15 ---
2026-09-11 17:00:01  [donchian_gold_m15] flat; HOLD
2026-09-11 17:00:01  --- new M30 bar for donchian_btc_m30 ---
2026-09-11 17:00:01  [donchian_btc_m30] flat; HOLD
2026-09-11 17:00:01  --- new H1 bar for donchian_nasdaq_h1 ---
2026-09-11 17:00:01  [donchian_nasdaq_h1] holding BUY; signal=HOLD
2026-09-11 17:00:16  --- new H1 bar for donchian_silver_h1 ---
2026-09-11 17:00:16  [donchian_silver_h1] flat; HOLD
2026-09-11 17:15:01  --- new M15 bar for donchian_gold_m15 ---
2026-09-11 17:15:01  [donchian_gold_m15] flat; HOLD
2026-09-11 17:30:01  --- new M15 bar for donchian_gold_m15 ---
2026-09-11 17:30:02  [donchian_gold_m15] flat; HOLD
2026-09-11 17:30:02  --- new M30 bar for donchian_btc_m30 ---
2026-09-11 17:30:02  [donchian_btc_m30] flat; HOLD
2026-09-11 17:45:02  --- new M15 bar for donchian_gold_m15 ---
2026-09-11 17:45:02  [donchian_gold_m15] flat; HOLD
2026-09-11 18:00:02  --- new H1 bar for donchian_gold_h1 ---
2026-09-11 18:00:02  [donchian_gold_h1] flat; HOLD
2026-09-11 18:00:02  --- new M15 bar for donchian_gold_m15 ---
2026-09-11 18:00:02  [donchian_gold_m15] flat; HOLD
2026-09-11 18:00:02  --- new H1 bar for donchian_silver_h1 ---
2026-09-11 18:00:02  [donchian_silver_h1] flat; HOLD
2026-09-11 18:00:02  --- new M30 bar for donchian_btc_m30 ---
2026-09-11 18:00:02  [donchian_btc_m30] flat; HOLD
2026-09-11 18:00:02  --- new H1 bar for donchian_nasdaq_h1 ---
2026-09-11 18:00:02  [donchian_nasdaq_h1] holding BUY; signal=HOLD
2026-09-11 18:15:02  --- new M15 bar for donchian_gold_m15 ---
2026-09-11 18:15:02  [donchian_gold_m15] flat; HOLD
2026-09-11 18:30:03  --- new M15 bar for donchian_gold_m15 ---
2026-09-11 18:30:03  [donchian_gold_m15] flat; HOLD
2026-09-11 18:30:03  --- new M30 bar for donchian_btc_m30 ---
2026-09-11 18:30:03  [donchian_btc_m30] flat; HOLD
2026-09-11 18:45:03  --- new M15 bar for donchian_gold_m15 ---
2026-09-11 18:45:03  [donchian_gold_m15] flat; HOLD
2026-09-11 19:00:04  --- new H1 bar for donchian_gold_h1 ---
2026-09-11 19:00:04  [donchian_gold_h1] flat; HOLD
2026-09-11 19:00:04  --- new M15 bar for donchian_gold_m15 ---
2026-09-11 19:00:04  [donchian_gold_m15] flat; HOLD
2026-09-11 19:00:04  --- new H1 bar for donchian_silver_h1 ---
2026-09-11 19:00:04  [donchian_silver_h1] flat; HOLD
2026-09-11 19:00:04  --- new M30 bar for donchian_btc_m30 ---
2026-09-11 19:00:04  [donchian_btc_m30] flat; HOLD
2026-09-11 19:00:04  --- new H1 bar for donchian_nasdaq_h1 ---
2026-09-11 19:00:04  [donchian_nasdaq_h1] holding BUY; signal=HOLD
2026-09-11 19:15:04  --- new M15 bar for donchian_gold_m15 ---
2026-09-11 19:15:04  [donchian_gold_m15] flat; HOLD
2026-09-11 19:30:04  --- new M15 bar for donchian_gold_m15 ---
2026-09-11 19:30:04  [donchian_gold_m15] flat; HOLD
2026-09-11 19:30:04  --- new M30 bar for donchian_btc_m30 ---
2026-09-11 19:30:04  [donchian_btc_m30] flat; HOLD
2026-09-11 19:45:05  --- new M15 bar for donchian_gold_m15 ---
2026-09-11 19:45:05  [donchian_gold_m15] flat; HOLD
2026-09-11 20:00:05  --- new H1 bar for donchian_gold_h1 ---
2026-09-11 20:00:05  [donchian_gold_h1] flat; HOLD
2026-09-11 20:00:05  --- new M15 bar for donchian_gold_m15 ---
2026-09-11 20:00:05  [donchian_gold_m15] flat; HOLD
2026-09-11 20:00:05  --- new H1 bar for donchian_silver_h1 ---
2026-09-11 20:00:05  [donchian_silver_h1] flat; HOLD
2026-09-11 20:00:05  --- new M30 bar for donchian_btc_m30 ---
2026-09-11 20:00:05  [donchian_btc_m30] flat; HOLD
2026-09-11 20:00:05  --- new H1 bar for donchian_nasdaq_h1 ---
2026-09-11 20:00:05  [donchian_nasdaq_h1] holding BUY; signal=HOLD
2026-09-11 20:15:06  --- new M15 bar for donchian_gold_m15 ---
2026-09-11 20:15:06  [donchian_gold_m15] flat; HOLD
2026-09-11 20:30:06  --- new M15 bar for donchian_gold_m15 ---
2026-09-11 20:30:06  [donchian_gold_m15] flat; HOLD
2026-09-11 20:30:06  --- new M30 bar for donchian_btc_m30 ---
2026-09-11 20:30:06  [donchian_btc_m30] flat; HOLD
2026-09-11 20:45:06  --- new M15 bar for donchian_gold_m15 ---
2026-09-11 20:45:06  [donchian_gold_m15] flat; HOLD
2026-09-11 21:00:07  --- new M30 bar for donchian_btc_m30 ---
2026-09-11 21:00:07  [donchian_btc_m30] flat; HOLD
2026-09-11 21:30:11  --- new M30 bar for donchian_btc_m30 ---
2026-09-11 21:30:11  [donchian_btc_m30] flat; HOLD
2026-09-11 22:00:11  --- new M30 bar for donchian_btc_m30 ---
2026-09-11 22:00:11  [donchian_btc_m30] flat; HOLD
2026-09-11 22:30:12  --- new M30 bar for donchian_btc_m30 ---
2026-09-11 22:30:12  [donchian_btc_m30] flat; HOLD
2026-09-11 23:00:12  --- new M30 bar for donchian_btc_m30 ---
2026-09-11 23:00:12  [donchian_btc_m30] flat; HOLD
2026-09-11 23:30:13  --- new M30 bar for donchian_btc_m30 ---
2026-09-11 23:30:13  [donchian_btc_m30] flat; HOLD
2026-09-12 00:00:13  --- new M30 bar for donchian_btc_m30 ---
2026-09-12 00:00:13  [donchian_btc_m30] flat; HOLD
2026-09-12 00:20:43  connected login=472698318 Exness-MT5Trial16 DEMO balance=9521.71
2026-09-12 00:20:43  loaded [donchian_gold_h1] donchian_breakout {'period': 20, 'use_trend': True, 'long_only': True} XAUUSDm H1 magic=20260101 filters={}
2026-09-12 00:20:43  loaded [donchian_gold_m15] donchian_breakout {'period': 20, 'use_trend': True, 'long_only': True} XAUUSDm M15 magic=20260102 filters={}
2026-09-12 00:20:43  loaded [donchian_silver_h1] donchian_breakout {'period': 20, 'use_trend': True, 'long_only': True} XAGUSDm H1 magic=20260103 filters={}
2026-09-12 00:20:43  loaded [donchian_btc_m30] donchian_breakout {'period': 20, 'use_trend': True, 'long_only': True} BTCUSDm M30 magic=20260104 filters={}
2026-09-12 00:20:43  loaded [donchian_nasdaq_h1] donchian_breakout {'period': 20, 'use_trend': True, 'long_only': True} USTECm H1 magic=20260106 filters={}
2026-09-12 00:20:43  portfolio loop started: 5 strategies | breaker at -30.0% or 12 straight losses (Ctrl+C to stop)
2026-09-12 00:30:13  --- new M30 bar for donchian_btc_m30 ---
2026-09-12 00:30:13  [donchian_btc_m30] flat; HOLD
2026-09-12 01:00:14  --- new M30 bar for donchian_btc_m30 ---
2026-09-12 01:00:14  [donchian_btc_m30] flat; HOLD
2026-09-12 01:30:14  --- new M30 bar for donchian_btc_m30 ---
2026-09-12 01:30:14  [donchian_btc_m30] flat; HOLD
2026-09-12 02:00:15  --- new M30 bar for donchian_btc_m30 ---
2026-09-12 02:00:15  [donchian_btc_m30] flat; HOLD
2026-09-12 02:30:01  --- new M30 bar for donchian_btc_m30 ---
2026-09-12 02:30:01  [donchian_btc_m30] flat; HOLD
2026-09-12 03:00:01  --- new M30 bar for donchian_btc_m30 ---
2026-09-12 03:00:01  [donchian_btc_m30] flat; HOLD
2026-09-12 03:30:02  --- new M30 bar for donchian_btc_m30 ---
2026-09-12 03:30:02  [donchian_btc_m30] flat; HOLD
2026-09-12 04:00:03  --- new M30 bar for donchian_btc_m30 ---
2026-09-12 04:00:03  [donchian_btc_m30] flat; HOLD
2026-09-12 04:30:04  --- new M30 bar for donchian_btc_m30 ---
2026-09-12 04:30:04  [donchian_btc_m30] flat; HOLD
2026-09-12 05:01:04  --- new M30 bar for donchian_btc_m30 ---
2026-09-12 05:01:04  [donchian_btc_m30] flat; HOLD
2026-09-12 05:30:05  --- new M30 bar for donchian_btc_m30 ---
2026-09-12 05:30:05  [donchian_btc_m30] flat; HOLD
2026-09-12 06:00:06  --- new M30 bar for donchian_btc_m30 ---
2026-09-12 06:00:06  [donchian_btc_m30] flat; HOLD
2026-09-12 06:30:07  --- new M30 bar for donchian_btc_m30 ---
2026-09-12 06:30:07  [donchian_btc_m30] flat; HOLD
2026-09-12 07:00:07  --- new M30 bar for donchian_btc_m30 ---
2026-09-12 07:00:07  [donchian_btc_m30] flat; HOLD
2026-09-12 07:30:08  --- new M30 bar for donchian_btc_m30 ---
2026-09-12 07:30:08  [donchian_btc_m30] flat; HOLD
2026-09-12 08:00:09  --- new M30 bar for donchian_btc_m30 ---
2026-09-12 08:00:09  [donchian_btc_m30] flat; HOLD
2026-09-12 08:30:09  --- new M30 bar for donchian_btc_m30 ---
2026-09-12 08:30:09  [donchian_btc_m30] flat; HOLD
2026-09-12 09:00:10  --- new M30 bar for donchian_btc_m30 ---
2026-09-12 09:00:10  [donchian_btc_m30] flat; HOLD
2026-09-12 09:30:10  --- new M30 bar for donchian_btc_m30 ---
2026-09-12 09:30:10  [donchian_btc_m30] flat; HOLD
2026-09-12 10:00:11  --- new M30 bar for donchian_btc_m30 ---
2026-09-12 10:00:11  [donchian_btc_m30] flat; HOLD
2026-09-12 10:30:11  --- new M30 bar for donchian_btc_m30 ---
2026-09-12 10:30:11  [donchian_btc_m30] flat; HOLD
2026-09-12 11:00:12  --- new M30 bar for donchian_btc_m30 ---
2026-09-12 11:00:12  [donchian_btc_m30] flat; HOLD
2026-09-12 11:30:13  --- new M30 bar for donchian_btc_m30 ---
2026-09-12 11:30:13  [donchian_btc_m30] flat; HOLD
2026-09-12 12:00:13  --- new M30 bar for donchian_btc_m30 ---
2026-09-12 12:00:13  [donchian_btc_m30] flat; HOLD
2026-09-12 12:30:14  --- new M30 bar for donchian_btc_m30 ---
2026-09-12 12:30:14  [donchian_btc_m30] flat; HOLD
2026-09-12 13:00:15  --- new M30 bar for donchian_btc_m30 ---
2026-09-12 13:00:15  [donchian_btc_m30] flat; HOLD
2026-09-12 13:30:15  --- new M30 bar for donchian_btc_m30 ---
2026-09-12 13:30:15  [donchian_btc_m30] flat; HOLD
2026-09-12 14:00:01  --- new M30 bar for donchian_btc_m30 ---
2026-09-12 14:00:01  [donchian_btc_m30] flat; HOLD
2026-09-12 14:30:02  --- new M30 bar for donchian_btc_m30 ---
2026-09-12 14:30:02  [donchian_btc_m30] flat; HOLD
2026-09-12 15:00:02  --- new M30 bar for donchian_btc_m30 ---
2026-09-12 15:00:02  [donchian_btc_m30] flat; HOLD
2026-09-12 15:30:03  --- new M30 bar for donchian_btc_m30 ---
2026-09-12 15:30:03  [donchian_btc_m30] flat; HOLD
2026-09-12 16:00:04  --- new M30 bar for donchian_btc_m30 ---
2026-09-12 16:00:04  [donchian_btc_m30] flat; HOLD
2026-09-12 16:30:05  --- new M30 bar for donchian_btc_m30 ---
2026-09-12 16:30:05  [donchian_btc_m30] flat; HOLD
2026-09-12 17:00:05  --- new M30 bar for donchian_btc_m30 ---
2026-09-12 17:00:05  [donchian_btc_m30] flat; HOLD
2026-09-12 17:30:06  --- new M30 bar for donchian_btc_m30 ---
2026-09-12 17:30:06  [donchian_btc_m30] flat; HOLD
2026-09-12 18:00:06  --- new M30 bar for donchian_btc_m30 ---
2026-09-12 18:00:06  [donchian_btc_m30] flat; HOLD
2026-09-12 18:30:07  --- new M30 bar for donchian_btc_m30 ---
2026-09-12 18:30:07  [donchian_btc_m30] flat; HOLD
2026-09-12 19:00:07  --- new M30 bar for donchian_btc_m30 ---
2026-09-12 19:00:07  [donchian_btc_m30] flat; HOLD
2026-09-12 19:30:08  --- new M30 bar for donchian_btc_m30 ---
2026-09-12 19:30:08  [donchian_btc_m30] flat; HOLD
2026-09-12 20:00:08  --- new M30 bar for donchian_btc_m30 ---
2026-09-12 20:00:08  [donchian_btc_m30] flat; HOLD
2026-09-12 20:30:09  --- new M30 bar for donchian_btc_m30 ---
2026-09-12 20:30:09  [donchian_btc_m30] flat; HOLD
2026-09-12 21:00:09  --- new M30 bar for donchian_btc_m30 ---
2026-09-12 21:00:09  [donchian_btc_m30] flat; HOLD
2026-09-12 21:30:10  --- new M30 bar for donchian_btc_m30 ---
2026-09-12 21:30:10  [donchian_btc_m30] flat; HOLD
2026-09-12 22:00:10  --- new M30 bar for donchian_btc_m30 ---
2026-09-12 22:00:10  [donchian_btc_m30] flat; HOLD
2026-09-12 22:30:11  --- new M30 bar for donchian_btc_m30 ---
2026-09-12 22:30:11  [donchian_btc_m30] flat; HOLD
2026-09-12 23:00:11  --- new M30 bar for donchian_btc_m30 ---
2026-09-12 23:00:11  [donchian_btc_m30] flat; HOLD
2026-09-12 23:30:12  --- new M30 bar for donchian_btc_m30 ---
2026-09-12 23:30:12  [donchian_btc_m30] flat; HOLD
2026-09-13 00:00:12  --- new M30 bar for donchian_btc_m30 ---
2026-09-13 00:00:12  [donchian_btc_m30] flat; HOLD
2026-09-13 00:30:13  --- new M30 bar for donchian_btc_m30 ---
2026-09-13 00:30:13  [donchian_btc_m30] flat; HOLD
2026-09-13 01:00:13  --- new M30 bar for donchian_btc_m30 ---
2026-09-13 01:00:13  [donchian_btc_m30] flat; HOLD
2026-09-13 01:30:14  --- new M30 bar for donchian_btc_m30 ---
2026-09-13 01:30:14  [donchian_btc_m30] flat; HOLD
2026-09-13 02:00:14  --- new M30 bar for donchian_btc_m30 ---
2026-09-13 02:00:14  [donchian_btc_m30] flat; HOLD
2026-09-13 02:30:15  --- new M30 bar for donchian_btc_m30 ---
2026-09-13 02:30:15  [donchian_btc_m30] flat; HOLD
2026-09-13 03:00:15  --- new M30 bar for donchian_btc_m30 ---
2026-09-13 03:00:15  [donchian_btc_m30] flat; HOLD
2026-09-13 03:30:01  --- new M30 bar for donchian_btc_m30 ---
2026-09-13 03:30:01  [donchian_btc_m30] flat; HOLD
2026-09-13 04:00:01  --- new M30 bar for donchian_btc_m30 ---
2026-09-13 04:00:01  [donchian_btc_m30] flat; HOLD
2026-09-13 04:30:02  --- new M30 bar for donchian_btc_m30 ---
2026-09-13 04:30:02  [donchian_btc_m30] flat; HOLD
2026-09-13 05:00:02  --- new M30 bar for donchian_btc_m30 ---
2026-09-13 05:00:02  [donchian_btc_m30] flat; HOLD
2026-09-13 05:30:03  --- new M30 bar for donchian_btc_m30 ---
2026-09-13 05:30:03  [donchian_btc_m30] flat; HOLD
2026-09-13 06:00:03  --- new M30 bar for donchian_btc_m30 ---
2026-09-13 06:00:03  [donchian_btc_m30] flat; HOLD
2026-09-13 06:30:04  --- new M30 bar for donchian_btc_m30 ---
2026-09-13 06:30:04  [donchian_btc_m30] flat; HOLD
2026-09-13 07:00:04  --- new M30 bar for donchian_btc_m30 ---
2026-09-13 07:00:04  [donchian_btc_m30] flat; HOLD
2026-09-13 07:30:05  --- new M30 bar for donchian_btc_m30 ---
2026-09-13 07:30:05  [donchian_btc_m30] flat; HOLD
2026-09-13 08:00:06  --- new M30 bar for donchian_btc_m30 ---
2026-09-13 08:00:06  [donchian_btc_m30] flat; HOLD
2026-09-13 08:30:06  --- new M30 bar for donchian_btc_m30 ---
2026-09-13 08:30:06  [donchian_btc_m30] flat; HOLD
2026-09-13 09:00:06  --- new M30 bar for donchian_btc_m30 ---
2026-09-13 09:00:06  [donchian_btc_m30] flat; HOLD
2026-09-13 09:30:07  --- new M30 bar for donchian_btc_m30 ---
2026-09-13 09:30:07  [donchian_btc_m30] flat; HOLD
2026-09-13 10:00:07  --- new M30 bar for donchian_btc_m30 ---
2026-09-13 10:00:07  [donchian_btc_m30] flat; HOLD
2026-09-13 10:30:08  --- new M30 bar for donchian_btc_m30 ---
2026-09-13 10:30:08  [donchian_btc_m30] flat; HOLD
2026-09-13 11:00:09  --- new M30 bar for donchian_btc_m30 ---
2026-09-13 11:00:09  [donchian_btc_m30] flat; HOLD
2026-09-13 11:30:09  --- new M30 bar for donchian_btc_m30 ---
2026-09-13 11:30:09  [donchian_btc_m30] flat; HOLD
2026-09-13 12:00:09  --- new M30 bar for donchian_btc_m30 ---
2026-09-13 12:00:09  [donchian_btc_m30] flat; HOLD
2026-09-13 12:30:10  --- new M30 bar for donchian_btc_m30 ---
2026-09-13 12:30:10  [donchian_btc_m30] flat; HOLD
2026-09-13 13:00:10  --- new M30 bar for donchian_btc_m30 ---
2026-09-13 13:00:10  [donchian_btc_m30] flat; HOLD
2026-09-13 13:30:11  --- new M30 bar for donchian_btc_m30 ---
2026-09-13 13:30:11  [donchian_btc_m30] flat; HOLD
2026-09-13 14:00:11  --- new M30 bar for donchian_btc_m30 ---
2026-09-13 14:00:11  [donchian_btc_m30] flat; HOLD
2026-09-13 14:30:12  --- new M30 bar for donchian_btc_m30 ---
2026-09-13 14:30:12  [donchian_btc_m30] flat; HOLD
2026-09-13 15:00:12  --- new M30 bar for donchian_btc_m30 ---
2026-09-13 15:00:12  [donchian_btc_m30] flat; HOLD
2026-09-13 15:30:13  --- new M30 bar for donchian_btc_m30 ---
2026-09-13 15:30:13  [donchian_btc_m30] flat; HOLD
2026-09-13 16:00:13  --- new M30 bar for donchian_btc_m30 ---
2026-09-13 16:00:13  [donchian_btc_m30] flat; HOLD
2026-09-13 16:30:13  --- new M30 bar for donchian_btc_m30 ---
2026-09-13 16:30:13  [donchian_btc_m30] flat; HOLD
2026-09-13 17:00:14  --- new M30 bar for donchian_btc_m30 ---
2026-09-13 17:00:14  [donchian_btc_m30] flat; HOLD
2026-09-13 17:30:14  --- new M30 bar for donchian_btc_m30 ---
2026-09-13 17:30:14  [donchian_btc_m30] flat; HOLD
2026-09-13 18:00:15  --- new M30 bar for donchian_btc_m30 ---
2026-09-13 18:00:15  [donchian_btc_m30] flat; HOLD
2026-09-13 18:30:00  --- new M30 bar for donchian_btc_m30 ---
2026-09-13 18:30:00  [donchian_btc_m30] flat; HOLD
2026-09-13 19:00:01  --- new M30 bar for donchian_btc_m30 ---
2026-09-13 19:00:01  [donchian_btc_m30] flat; HOLD
2026-09-13 19:30:01  --- new M30 bar for donchian_btc_m30 ---
2026-09-13 19:30:01  [donchian_btc_m30] flat; HOLD
2026-09-13 20:00:02  --- new M30 bar for donchian_btc_m30 ---
2026-09-13 20:00:02  [donchian_btc_m30] flat; HOLD
2026-09-13 20:30:03  --- new M30 bar for donchian_btc_m30 ---
2026-09-13 20:30:03  [donchian_btc_m30] flat; HOLD
2026-09-13 21:00:03  --- new M30 bar for donchian_btc_m30 ---
2026-09-13 21:00:03  [donchian_btc_m30] flat; HOLD
2026-09-13 21:30:04  --- new M30 bar for donchian_btc_m30 ---
2026-09-13 21:30:04  [donchian_btc_m30] flat; HOLD
