2026-09-10 21:13:24  connected to Bitget DEMO | rsi_mom(7, 40, 60)+er30 | risk 0.5% | max 3 pos | lev 5x isolated
2026-09-10 21:13:24  ACCOUNT READ FAILED: ExchangeError: bitget {"code":"40099","msg":"exchange environment is incorrect","requestTime":1789074804607,"data":null}
2026-09-10 21:13:24  If this says 'exchange environment is incorrect', the account is still in Unified mode — switch to Classic in Bitget settings.
2026-09-10 21:15:22  connected to Bitget DEMO | rsi_mom(7, 40, 60)+er30 | risk 0.5% | max 3 pos | lev 5x isolated
2026-09-10 21:15:22  ACCOUNT READ FAILED: ExchangeError: bitget {"code":"40099","msg":"exchange environment is incorrect","requestTime":1789074922441,"data":null}
2026-09-10 21:15:22  If this says 'exchange environment is incorrect', the account is still in Unified mode — switch to Classic in Bitget settings.
2026-09-10 21:31:31  Bitget DEMO (SUSDT-FUTURES) | rsi_mom(7, 40, 60)+er30 | risk 0.5% | max 3 | lev 5x isolated | 3 contracts
2026-09-10 21:31:32  demo equity: 2990.75 SUSDT | positions: 0
2026-09-10 21:31:32  demo equity=2990.75 SUSDT | open=0 []
2026-09-10 21:31:32  [SBTC/SUSDT:SUSDT] SIGNAL SELL -> sell 0.0181 @~77234.2000 sl=78056.4930 tp=76000.7605 (risk 14.95 SUSDT)
2026-09-10 21:31:32  [SBTC/SUSDT:SUSDT] DRY: order not sent
2026-09-10 21:31:33  [SETH/SUSDT:SUSDT] flat; HOLD
2026-09-10 21:31:33  [SXRP/SUSDT:SUSDT] SIGNAL SELL -> sell 577.0 @~1.3534 sl=1.3793 tp=1.3146 (risk 14.95 SUSDT)
2026-09-10 21:31:33  [SXRP/SUSDT:SUSDT] DRY: order not sent
2026-09-10 21:31:56  Bitget DEMO (SUSDT-FUTURES) | rsi_mom(7, 40, 60)+er30 | risk 0.5% | max 3 | lev 5x isolated | 3 contracts
2026-09-10 21:31:56  demo equity: 2990.75 SUSDT | positions: 0
2026-09-10 21:31:57  demo equity=2990.75 SUSDT | open=0 []
2026-09-10 21:32:22  Bitget DEMO (SUSDT-FUTURES) | rsi_mom(7, 40, 60)+er30 | risk 0.5% | max 3 | lev 5x isolated | 3 contracts
2026-09-10 21:32:23  demo equity: 2990.75 SUSDT | positions: 0
2026-09-10 21:32:23  demo equity=2990.75 SUSDT | open=0 []
2026-09-10 21:32:23  [SBTC/SUSDT:SUSDT] SIGNAL SELL -> sell 0.0181 @~77234.2000 sl=78056.4930 tp=76000.7605 (risk 14.95 SUSDT)
2026-09-10 21:32:24  [SBTC/SUSDT:SUSDT] ORDER FAILED: InvalidOrder: bitget {"code":"40774","msg":"The order type for unilateral position must also be the unilateral position type.","requestTime":1789075944605,"data":null}
2026-09-10 21:32:24  [SETH/SUSDT:SUSDT] flat; HOLD
2026-09-10 21:32:25  [SXRP/SUSDT:SUSDT] SIGNAL SELL -> sell 577.0 @~1.3534 sl=1.3793 tp=1.3146 (risk 14.95 SUSDT)
2026-09-10 21:32:25  [SXRP/SUSDT:SUSDT] ORDER FAILED: InvalidOrder: bitget {"code":"40774","msg":"The order type for unilateral position must also be the unilateral position type.","requestTime":1789075945704,"data":null}
2026-09-10 21:35:03  position mode set to one_way_mode
2026-09-10 21:35:03  Bitget DEMO (SUSDT-FUTURES) | rsi_mom(7, 40, 60)+er30 | risk 0.5% | max 3 | lev 5x isolated | 3 contracts
2026-09-10 21:35:03  demo equity: 2990.72 SUSDT | positions: 0
2026-09-10 21:35:03  demo equity=2990.72 SUSDT | open=0 []
2026-09-10 21:35:04  [SBTC/SUSDT:SUSDT] SIGNAL SELL -> sell 0.0181 @~77234.2000 sl=78056.4930 tp=76000.7605 (risk 14.95 SUSDT)
2026-09-10 21:35:04  [SBTC/SUSDT:SUSDT] ORDER OK id=1482058090516480001 status=None
2026-09-10 21:35:05  [SETH/SUSDT:SUSDT] flat; HOLD
2026-09-10 21:35:05  [SXRP/SUSDT:SUSDT] SIGNAL SELL -> sell 577.0 @~1.3534 sl=1.3793 tp=1.3146 (risk 14.95 SUSDT)
2026-09-10 21:35:05  [SXRP/SUSDT:SUSDT] ORDER OK id=1482058095348318209 status=None
2026-09-10 21:36:04  position mode set to one_way_mode
2026-09-10 21:36:04  Bitget DEMO (SUSDT-FUTURES) | rsi_mom(7, 40, 60)+er30 | risk 0.5% | max 3 | lev 5x isolated | 3 contracts
2026-09-10 21:36:04  demo equity: 2988.89 SUSDT | positions: 2
2026-09-10 21:36:05  demo equity=2988.89 SUSDT | open=2 ['SBTCSUSDT', 'SXRPSUSDT']
2026-09-10 21:38:06  demo equity=2988.63 SUSDT | open=2 ['SBTCSUSDT', 'SXRPSUSDT']
2026-09-10 21:40:07  demo equity=2988.94 SUSDT | open=2 ['SBTCSUSDT', 'SXRPSUSDT']
2026-09-10 21:40:29  position mode set to one_way_mode
2026-09-10 21:40:29  Bitget DEMO (SUSDT-FUTURES) | risk 0.5% | max 3 | lev 5x isolated
2026-09-10 21:40:29     SBTC/SUSDT:SUSDT     <- rsi_mom(7, 40, 60)+er30
2026-09-10 21:40:29     SETH/SUSDT:SUSDT     <- roc_mom(20, 1.0)+er30
2026-09-10 21:40:29     SXRP/SUSDT:SUSDT     <- bb_break(30, 1.5)+er30
2026-09-10 21:40:30  demo equity: 2988.89 SUSDT | positions: 2
2026-09-10 21:40:30  demo equity=2988.89 SUSDT | open=2 ['SBTCSUSDT', 'SXRPSUSDT']
2026-09-10 21:42:31  demo equity=2989.43 SUSDT | open=2 ['SBTCSUSDT', 'SXRPSUSDT']
2026-09-10 21:44:32  demo equity=2989.39 SUSDT | open=2 ['SBTCSUSDT', 'SXRPSUSDT']
2026-09-10 21:46:33  demo equity=2988.82 SUSDT | open=2 ['SBTCSUSDT', 'SXRPSUSDT']
2026-09-10 21:48:35  demo equity=2987.60 SUSDT | open=2 ['SBTCSUSDT', 'SXRPSUSDT']
2026-09-10 21:50:36  demo equity=2987.91 SUSDT | open=2 ['SBTCSUSDT', 'SXRPSUSDT']
2026-09-10 21:52:37  demo equity=2988.68 SUSDT | open=2 ['SBTCSUSDT', 'SXRPSUSDT']
2026-09-10 21:54:39  demo equity=2988.80 SUSDT | open=2 ['SBTCSUSDT', 'SXRPSUSDT']
2026-09-10 21:56:40  demo equity=2989.61 SUSDT | open=2 ['SBTCSUSDT', 'SXRPSUSDT']
2026-09-10 21:58:42  demo equity=2991.42 SUSDT | open=2 ['SBTCSUSDT', 'SXRPSUSDT']
2026-09-10 22:00:43  demo equity=2991.74 SUSDT | open=2 ['SBTCSUSDT', 'SXRPSUSDT']
2026-09-10 22:00:43  [SBTC/SUSDT:SUSDT] holding short 0.0181 uPnL=1.181819999999 (SL/TP on exchange)
2026-09-10 22:00:44  [SETH/SUSDT:SUSDT] roc_mom(20, 1.0): flat; HOLD
2026-09-10 22:00:44  [SXRP/SUSDT:SUSDT] holding short 577 uPnL=1.154 (SL/TP on exchange)
2026-09-10 22:02:44  demo equity=2991.50 SUSDT | open=2 ['SBTCSUSDT', 'SXRPSUSDT']
2026-09-10 22:04:46  demo equity=2990.37 SUSDT | open=2 ['SBTCSUSDT', 'SXRPSUSDT']
2026-09-10 22:06:48  demo equity=2990.49 SUSDT | open=2 ['SBTCSUSDT', 'SXRPSUSDT']
2026-09-10 22:08:49  demo equity=2989.92 SUSDT | open=2 ['SBTCSUSDT', 'SXRPSUSDT']
2026-09-10 22:10:50  demo equity=2988.85 SUSDT | open=2 ['SBTCSUSDT', 'SXRPSUSDT']
2026-09-10 22:12:51  demo equity=2989.38 SUSDT | open=2 ['SBTCSUSDT', 'SXRPSUSDT']
2026-09-10 22:14:52  demo equity=2990.54 SUSDT | open=2 ['SBTCSUSDT', 'SXRPSUSDT']
2026-09-10 22:16:53  demo equity=2988.24 SUSDT | open=2 ['SBTCSUSDT', 'SXRPSUSDT']
2026-09-10 22:18:54  demo equity=2988.39 SUSDT | open=2 ['SBTCSUSDT', 'SXRPSUSDT']
2026-09-10 22:20:55  demo equity=2987.61 SUSDT | open=2 ['SBTCSUSDT', 'SXRPSUSDT']
2026-09-10 22:22:57  demo equity=2988.39 SUSDT | open=2 ['SBTCSUSDT', 'SXRPSUSDT']
2026-09-10 22:24:58  demo equity=2989.35 SUSDT | open=2 ['SBTCSUSDT', 'SXRPSUSDT']
2026-09-10 22:26:59  demo equity=2989.67 SUSDT | open=2 ['SBTCSUSDT', 'SXRPSUSDT']
2026-09-10 22:29:00  demo equity=2989.70 SUSDT | open=2 ['SBTCSUSDT', 'SXRPSUSDT']
2026-09-10 22:31:01  demo equity=2992.27 SUSDT | open=2 ['SBTCSUSDT', 'SXRPSUSDT']
2026-09-10 22:33:02  demo equity=2993.50 SUSDT | open=2 ['SBTCSUSDT', 'SXRPSUSDT']
2026-09-10 22:35:03  demo equity=2994.56 SUSDT | open=2 ['SBTCSUSDT', 'SXRPSUSDT']
2026-09-10 22:37:04  demo equity=2996.21 SUSDT | open=2 ['SBTCSUSDT', 'SXRPSUSDT']
2026-09-10 22:39:05  demo equity=2998.35 SUSDT | open=2 ['SBTCSUSDT', 'SXRPSUSDT']
2026-09-10 22:41:07  demo equity=2998.26 SUSDT | open=2 ['SBTCSUSDT', 'SXRPSUSDT']
2026-09-10 22:43:08  demo equity=2998.49 SUSDT | open=2 ['SBTCSUSDT', 'SXRPSUSDT']
2026-09-10 22:45:09  demo equity=2998.77 SUSDT | open=2 ['SBTCSUSDT', 'SXRPSUSDT']
2026-09-10 22:47:10  demo equity=2996.42 SUSDT | open=2 ['SBTCSUSDT', 'SXRPSUSDT']
2026-09-10 22:49:11  demo equity=2995.96 SUSDT | open=2 ['SBTCSUSDT', 'SXRPSUSDT']
2026-09-10 22:51:12  demo equity=2996.33 SUSDT | open=2 ['SBTCSUSDT', 'SXRPSUSDT']
2026-09-10 22:53:13  demo equity=2997.63 SUSDT | open=2 ['SBTCSUSDT', 'SXRPSUSDT']
2026-09-10 22:55:14  demo equity=2998.22 SUSDT | open=2 ['SBTCSUSDT', 'SXRPSUSDT']
2026-09-10 22:57:15  demo equity=2999.70 SUSDT | open=2 ['SBTCSUSDT', 'SXRPSUSDT']
2026-09-10 22:59:16  demo equity=3000.82 SUSDT | open=2 ['SBTCSUSDT', 'SXRPSUSDT']
2026-09-10 23:01:17  demo equity=2999.87 SUSDT | open=2 ['SBTCSUSDT', 'SXRPSUSDT']
2026-09-10 23:01:18  [SBTC/SUSDT:SUSDT] holding short 0.0181 uPnL=5.842569999999 (SL/TP on exchange)
2026-09-10 23:01:18  [SETH/SUSDT:SUSDT] roc_mom(20, 1.0): flat; HOLD
2026-09-10 23:01:18  [SXRP/SUSDT:SUSDT] holding short 577 uPnL=4.616 (SL/TP on exchange)
2026-09-10 23:03:18  demo equity=3002.51 SUSDT | open=2 ['SBTCSUSDT', 'SXRPSUSDT']
2026-09-10 23:05:20  demo equity=3002.43 SUSDT | open=2 ['SBTCSUSDT', 'SXRPSUSDT']
2026-09-10 23:07:21  demo equity=3003.99 SUSDT | open=2 ['SBTCSUSDT', 'SXRPSUSDT']
2026-09-10 23:09:22  demo equity=3007.98 SUSDT | open=2 ['SBTCSUSDT', 'SXRPSUSDT']
2026-09-10 23:11:23  demo equity=3005.55 SUSDT | open=2 ['SBTCSUSDT', 'SXRPSUSDT']
2026-09-10 23:13:24  demo equity=3008.08 SUSDT | open=2 ['SBTCSUSDT', 'SXRPSUSDT']
2026-09-10 23:15:25  demo equity=3010.78 SUSDT | open=2 ['SBTCSUSDT', 'SXRPSUSDT']
2026-09-10 23:17:27  demo equity=3008.47 SUSDT | open=2 ['SBTCSUSDT', 'SXRPSUSDT']
2026-09-10 23:19:28  demo equity=3009.47 SUSDT | open=2 ['SBTCSUSDT', 'SXRPSUSDT']
2026-09-10 23:21:29  demo equity=3004.78 SUSDT | open=2 ['SBTCSUSDT', 'SXRPSUSDT']
2026-09-10 23:23:30  demo equity=3005.99 SUSDT | open=2 ['SBTCSUSDT', 'SXRPSUSDT']
2026-09-10 23:25:31  demo equity=3006.41 SUSDT | open=2 ['SBTCSUSDT', 'SXRPSUSDT']
2026-09-10 23:27:32  demo equity=3005.25 SUSDT | open=2 ['SBTCSUSDT', 'SXRPSUSDT']
2026-09-10 23:29:33  demo equity=3004.96 SUSDT | open=2 ['SBTCSUSDT', 'SXRPSUSDT']
2026-09-10 23:31:35  demo equity=3005.22 SUSDT | open=2 ['SBTCSUSDT', 'SXRPSUSDT']
2026-09-10 23:33:36  demo equity=3004.51 SUSDT | open=2 ['SBTCSUSDT', 'SXRPSUSDT']
2026-09-10 23:35:37  demo equity=3005.55 SUSDT | open=2 ['SBTCSUSDT', 'SXRPSUSDT']
2026-09-10 23:37:39  demo equity=3004.19 SUSDT | open=2 ['SBTCSUSDT', 'SXRPSUSDT']
2026-09-10 23:39:40  demo equity=3003.67 SUSDT | open=2 ['SBTCSUSDT', 'SXRPSUSDT']
2026-09-10 23:41:42  demo equity=3005.84 SUSDT | open=2 ['SBTCSUSDT', 'SXRPSUSDT']
2026-09-10 23:43:43  demo equity=3005.68 SUSDT | open=2 ['SBTCSUSDT', 'SXRPSUSDT']
2026-09-10 23:45:44  demo equity=3005.12 SUSDT | open=2 ['SBTCSUSDT', 'SXRPSUSDT']
2026-09-10 23:47:45  demo equity=3005.10 SUSDT | open=2 ['SBTCSUSDT', 'SXRPSUSDT']
2026-09-10 23:49:47  demo equity=3006.32 SUSDT | open=2 ['SBTCSUSDT', 'SXRPSUSDT']
2026-09-10 23:51:48  demo equity=3005.87 SUSDT | open=2 ['SBTCSUSDT', 'SXRPSUSDT']
2026-09-10 23:53:49  demo equity=3006.56 SUSDT | open=2 ['SBTCSUSDT', 'SXRPSUSDT']
2026-09-10 23:55:50  demo equity=3009.58 SUSDT | open=2 ['SBTCSUSDT', 'SXRPSUSDT']
2026-09-10 23:57:51  demo equity=3008.90 SUSDT | open=2 ['SBTCSUSDT', 'SXRPSUSDT']
2026-09-10 23:59:53  demo equity=3010.81 SUSDT | open=2 ['SBTCSUSDT', 'SXRPSUSDT']
2026-09-11 00:01:54  demo equity=3009.32 SUSDT | open=2 ['SBTCSUSDT', 'SXRPSUSDT']
2026-09-11 00:01:54  [SBTC/SUSDT:SUSDT] holding short 0.0181 uPnL=10.459879999999 (SL/TP on exchange)
2026-09-11 00:01:54  [SETH/SUSDT:SUSDT] roc_mom(20, 1.0): flat; HOLD
2026-09-11 00:01:54  [SXRP/SUSDT:SUSDT] holding short 577 uPnL=9.232 (SL/TP on exchange)
2026-09-11 00:03:55  demo equity=3006.61 SUSDT | open=2 ['SBTCSUSDT', 'SXRPSUSDT']
2026-09-11 00:05:56  demo equity=3007.88 SUSDT | open=2 ['SBTCSUSDT', 'SXRPSUSDT']
2026-09-11 00:07:57  demo equity=3003.78 SUSDT | open=2 ['SBTCSUSDT', 'SXRPSUSDT']
2026-09-11 00:09:58  demo equity=3002.44 SUSDT | open=2 ['SBTCSUSDT', 'SXRPSUSDT']
2026-09-11 00:12:00  demo equity=3001.40 SUSDT | open=2 ['SBTCSUSDT', 'SXRPSUSDT']
2026-09-11 00:14:01  demo equity=3001.03 SUSDT | open=2 ['SBTCSUSDT', 'SXRPSUSDT']
2026-09-11 00:16:02  demo equity=3002.08 SUSDT | open=2 ['SBTCSUSDT', 'SXRPSUSDT']
2026-09-11 00:18:03  demo equity=3001.58 SUSDT | open=2 ['SBTCSUSDT', 'SXRPSUSDT']
2026-09-11 00:20:04  demo equity=3002.61 SUSDT | open=2 ['SBTCSUSDT', 'SXRPSUSDT']
2026-09-11 00:22:06  demo equity=3002.73 SUSDT | open=2 ['SBTCSUSDT', 'SXRPSUSDT']
2026-09-11 00:24:07  demo equity=3001.29 SUSDT | open=2 ['SBTCSUSDT', 'SXRPSUSDT']
2026-09-11 00:26:08  demo equity=3001.90 SUSDT | open=2 ['SBTCSUSDT', 'SXRPSUSDT']
2026-09-11 00:28:10  demo equity=3001.46 SUSDT | open=2 ['SBTCSUSDT', 'SXRPSUSDT']
2026-09-11 00:30:11  demo equity=3001.11 SUSDT | open=2 ['SBTCSUSDT', 'SXRPSUSDT']
2026-09-11 00:32:12  demo equity=3005.99 SUSDT | open=2 ['SBTCSUSDT', 'SXRPSUSDT']
2026-09-11 00:34:13  demo equity=3006.45 SUSDT | open=2 ['SBTCSUSDT', 'SXRPSUSDT']
2026-09-11 00:36:14  demo equity=3003.18 SUSDT | open=2 ['SBTCSUSDT', 'SXRPSUSDT']
2026-09-11 00:38:16  demo equity=3004.16 SUSDT | open=2 ['SBTCSUSDT', 'SXRPSUSDT']
2026-09-11 00:40:18  demo equity=3003.81 SUSDT | open=2 ['SBTCSUSDT', 'SXRPSUSDT']
2026-09-11 00:42:19  demo equity=3007.39 SUSDT | open=2 ['SBTCSUSDT', 'SXRPSUSDT']
2026-09-11 00:44:20  demo equity=3005.84 SUSDT | open=2 ['SBTCSUSDT', 'SXRPSUSDT']
2026-09-11 00:46:21  demo equity=3005.99 SUSDT | open=2 ['SBTCSUSDT', 'SXRPSUSDT']
2026-09-11 00:48:22  demo equity=3006.38 SUSDT | open=2 ['SBTCSUSDT', 'SXRPSUSDT']
2026-09-11 00:50:24  demo equity=3005.88 SUSDT | open=2 ['SBTCSUSDT', 'SXRPSUSDT']
2026-09-11 00:52:25  demo equity=3003.37 SUSDT | open=2 ['SBTCSUSDT', 'SXRPSUSDT']
2026-09-11 00:54:26  demo equity=3002.09 SUSDT | open=2 ['SBTCSUSDT', 'SXRPSUSDT']
2026-09-11 00:56:27  demo equity=3000.97 SUSDT | open=2 ['SBTCSUSDT', 'SXRPSUSDT']
2026-09-11 00:58:28  demo equity=3000.95 SUSDT | open=2 ['SBTCSUSDT', 'SXRPSUSDT']
2026-09-11 01:00:30  demo equity=3001.19 SUSDT | open=2 ['SBTCSUSDT', 'SXRPSUSDT']
2026-09-11 01:00:30  [SBTC/SUSDT:SUSDT] holding short 0.0181 uPnL=5.216309999999 (SL/TP on exchange)
2026-09-11 01:00:30  [SETH/SUSDT:SUSDT] roc_mom(20, 1.0): flat; HOLD
2026-09-11 01:00:30  [SXRP/SUSDT:SUSDT] holding short 577 uPnL=6.347 (SL/TP on exchange)
2026-09-11 01:02:31  demo equity=2999.41 SUSDT | open=2 ['SBTCSUSDT', 'SXRPSUSDT']
2026-09-11 01:04:32  demo equity=2998.28 SUSDT | open=2 ['SBTCSUSDT', 'SXRPSUSDT']
2026-09-11 01:06:33  demo equity=2998.28 SUSDT | open=2 ['SBTCSUSDT', 'SXRPSUSDT']
2026-09-11 01:08:34  demo equity=2998.86 SUSDT | open=2 ['SBTCSUSDT', 'SXRPSUSDT']
2026-09-11 01:10:35  demo equity=2998.81 SUSDT | open=2 ['SBTCSUSDT', 'SXRPSUSDT']
2026-09-11 01:12:36  demo equity=2998.23 SUSDT | open=2 ['SBTCSUSDT', 'SXRPSUSDT']
2026-09-11 01:14:38  demo equity=2998.61 SUSDT | open=2 ['SBTCSUSDT', 'SXRPSUSDT']
2026-09-11 01:16:39  demo equity=2999.37 SUSDT | open=2 ['SBTCSUSDT', 'SXRPSUSDT']
2026-09-11 01:18:40  demo equity=2998.63 SUSDT | open=2 ['SBTCSUSDT', 'SXRPSUSDT']
2026-09-11 01:20:42  demo equity=2998.55 SUSDT | open=2 ['SBTCSUSDT', 'SXRPSUSDT']
2026-09-11 01:22:43  demo equity=3003.16 SUSDT | open=2 ['SBTCSUSDT', 'SXRPSUSDT']
2026-09-11 01:24:44  demo equity=3000.76 SUSDT | open=2 ['SBTCSUSDT', 'SXRPSUSDT']
2026-09-11 01:26:45  demo equity=3001.13 SUSDT | open=2 ['SBTCSUSDT', 'SXRPSUSDT']
2026-09-11 01:28:46  demo equity=3003.03 SUSDT | open=2 ['SBTCSUSDT', 'SXRPSUSDT']
2026-09-11 01:30:48  demo equity=3003.11 SUSDT | open=2 ['SBTCSUSDT', 'SXRPSUSDT']
2026-09-11 01:32:49  demo equity=3005.71 SUSDT | open=2 ['SBTCSUSDT', 'SXRPSUSDT']
2026-09-11 01:34:50  demo equity=3006.66 SUSDT | open=2 ['SBTCSUSDT', 'SXRPSUSDT']
2026-09-11 01:36:51  demo equity=3001.16 SUSDT | open=2 ['SBTCSUSDT', 'SXRPSUSDT']
2026-09-11 01:38:52  demo equity=3004.09 SUSDT | open=2 ['SBTCSUSDT', 'SXRPSUSDT']
2026-09-11 01:40:54  demo equity=3005.58 SUSDT | open=2 ['SBTCSUSDT', 'SXRPSUSDT']
2026-09-11 01:42:55  demo equity=3005.41 SUSDT | open=2 ['SBTCSUSDT', 'SXRPSUSDT']
2026-09-11 01:44:56  demo equity=3001.12 SUSDT | open=2 ['SBTCSUSDT', 'SXRPSUSDT']
2026-09-11 01:46:57  demo equity=3002.58 SUSDT | open=2 ['SBTCSUSDT', 'SXRPSUSDT']
2026-09-11 01:48:58  demo equity=2999.82 SUSDT | open=2 ['SBTCSUSDT', 'SXRPSUSDT']
2026-09-11 01:50:59  demo equity=2999.07 SUSDT | open=2 ['SBTCSUSDT', 'SXRPSUSDT']
2026-09-11 01:53:01  demo equity=2998.98 SUSDT | open=2 ['SBTCSUSDT', 'SXRPSUSDT']
2026-09-11 01:55:02  demo equity=2997.74 SUSDT | open=2 ['SBTCSUSDT', 'SXRPSUSDT']
2026-09-11 01:57:03  demo equity=2997.05 SUSDT | open=2 ['SBTCSUSDT', 'SXRPSUSDT']
2026-09-11 01:59:04  demo equity=2996.95 SUSDT | open=2 ['SBTCSUSDT', 'SXRPSUSDT']
2026-09-11 02:01:05  demo equity=2997.09 SUSDT | open=2 ['SBTCSUSDT', 'SXRPSUSDT']
2026-09-11 02:01:06  [SBTC/SUSDT:SUSDT] holding short 0.0181 uPnL=4.005419999999 (SL/TP on exchange)
2026-09-11 02:01:06  [SETH/SUSDT:SUSDT] roc_mom(20, 1.0): flat; HOLD
2026-09-11 02:01:06  [SXRP/SUSDT:SUSDT] holding short 577 uPnL=3.462 (SL/TP on exchange)
2026-09-11 02:03:07  demo equity=2998.64 SUSDT | open=2 ['SBTCSUSDT', 'SXRPSUSDT']
2026-09-11 02:05:08  demo equity=2997.00 SUSDT | open=2 ['SBTCSUSDT', 'SXRPSUSDT']
2026-09-11 02:07:09  demo equity=2999.10 SUSDT | open=2 ['SBTCSUSDT', 'SXRPSUSDT']
2026-09-11 02:09:11  demo equity=2998.12 SUSDT | open=2 ['SBTCSUSDT', 'SXRPSUSDT']
2026-09-11 02:11:12  demo equity=2998.77 SUSDT | open=2 ['SBTCSUSDT', 'SXRPSUSDT']
2026-09-11 02:13:13  demo equity=2997.97 SUSDT | open=2 ['SBTCSUSDT', 'SXRPSUSDT']
2026-09-11 02:15:14  demo equity=2997.32 SUSDT | open=2 ['SBTCSUSDT', 'SXRPSUSDT']
2026-09-11 02:17:16  demo equity=2998.09 SUSDT | open=2 ['SBTCSUSDT', 'SXRPSUSDT']
2026-09-11 02:19:17  demo equity=3000.16 SUSDT | open=2 ['SBTCSUSDT', 'SXRPSUSDT']
2026-09-11 02:21:18  demo equity=2999.75 SUSDT | open=2 ['SBTCSUSDT', 'SXRPSUSDT']
2026-09-11 02:23:19  demo equity=3000.31 SUSDT | open=2 ['SBTCSUSDT', 'SXRPSUSDT']
2026-09-11 02:25:21  demo equity=3002.69 SUSDT | open=2 ['SBTCSUSDT', 'SXRPSUSDT']
2026-09-11 02:27:22  demo equity=3005.29 SUSDT | open=2 ['SBTCSUSDT', 'SXRPSUSDT']
2026-09-11 02:29:23  demo equity=3003.80 SUSDT | open=2 ['SBTCSUSDT', 'SXRPSUSDT']
2026-09-11 02:31:24  demo equity=3003.55 SUSDT | open=2 ['SBTCSUSDT', 'SXRPSUSDT']
2026-09-11 02:33:25  demo equity=3004.19 SUSDT | open=2 ['SBTCSUSDT', 'SXRPSUSDT']
2026-09-11 02:35:27  demo equity=3004.83 SUSDT | open=2 ['SBTCSUSDT', 'SXRPSUSDT']
2026-09-11 02:37:28  demo equity=3001.64 SUSDT | open=2 ['SBTCSUSDT', 'SXRPSUSDT']
2026-09-11 02:39:29  demo equity=2999.69 SUSDT | open=2 ['SBTCSUSDT', 'SXRPSUSDT']
2026-09-11 02:41:31  demo equity=2999.95 SUSDT | open=2 ['SBTCSUSDT', 'SXRPSUSDT']
2026-09-11 02:43:32  demo equity=3000.62 SUSDT | open=2 ['SBTCSUSDT', 'SXRPSUSDT']
2026-09-11 02:45:33  demo equity=3000.57 SUSDT | open=2 ['SBTCSUSDT', 'SXRPSUSDT']
2026-09-11 02:47:34  demo equity=3000.79 SUSDT | open=2 ['SBTCSUSDT', 'SXRPSUSDT']
2026-09-11 02:49:35  demo equity=2999.06 SUSDT | open=2 ['SBTCSUSDT', 'SXRPSUSDT']
2026-09-11 02:51:36  demo equity=2999.40 SUSDT | open=2 ['SBTCSUSDT', 'SXRPSUSDT']
2026-09-11 02:53:38  demo equity=3000.80 SUSDT | open=2 ['SBTCSUSDT', 'SXRPSUSDT']
2026-09-11 02:55:39  demo equity=3001.32 SUSDT | open=2 ['SBTCSUSDT', 'SXRPSUSDT']
2026-09-11 02:57:40  demo equity=3001.03 SUSDT | open=2 ['SBTCSUSDT', 'SXRPSUSDT']
2026-09-11 02:59:41  demo equity=3000.63 SUSDT | open=2 ['SBTCSUSDT', 'SXRPSUSDT']
2026-09-11 03:01:43  demo equity=3001.16 SUSDT | open=2 ['SBTCSUSDT', 'SXRPSUSDT']
2026-09-11 03:01:43  [SBTC/SUSDT:SUSDT] holding short 0.0181 uPnL=5.761119999999 (SL/TP on exchange)
2026-09-11 03:01:43  [SETH/SUSDT:SUSDT] roc_mom(20, 1.0): flat; HOLD
2026-09-11 03:01:44  [SXRP/SUSDT:SUSDT] holding short 577 uPnL=5.77 (SL/TP on exchange)
2026-09-11 03:03:44  demo equity=3001.13 SUSDT | open=2 ['SBTCSUSDT', 'SXRPSUSDT']
2026-09-11 03:05:45  demo equity=3003.33 SUSDT | open=2 ['SBTCSUSDT', 'SXRPSUSDT']
2026-09-11 03:07:46  demo equity=3005.38 SUSDT | open=2 ['SBTCSUSDT', 'SXRPSUSDT']
2026-09-11 03:09:47  demo equity=3005.98 SUSDT | open=2 ['SBTCSUSDT', 'SXRPSUSDT']
2026-09-11 03:11:49  demo equity=3005.87 SUSDT | open=2 ['SBTCSUSDT', 'SXRPSUSDT']
2026-09-11 03:13:50  demo equity=3001.22 SUSDT | open=2 ['SBTCSUSDT', 'SXRPSUSDT']
2026-09-11 03:15:51  demo equity=3000.87 SUSDT | open=2 ['SBTCSUSDT', 'SXRPSUSDT']
2026-09-11 03:17:52  demo equity=3004.35 SUSDT | open=2 ['SBTCSUSDT', 'SXRPSUSDT']
2026-09-11 03:19:53  demo equity=3002.80 SUSDT | open=2 ['SBTCSUSDT', 'SXRPSUSDT']
2026-09-11 03:21:55  demo equity=3004.58 SUSDT | open=2 ['SBTCSUSDT', 'SXRPSUSDT']
2026-09-11 03:23:56  demo equity=3004.60 SUSDT | open=2 ['SBTCSUSDT', 'SXRPSUSDT']
2026-09-11 03:25:57  demo equity=3005.21 SUSDT | open=2 ['SBTCSUSDT', 'SXRPSUSDT']
2026-09-11 03:27:58  demo equity=3003.56 SUSDT | open=2 ['SBTCSUSDT', 'SXRPSUSDT']
2026-09-11 03:29:59  demo equity=3002.48 SUSDT | open=2 ['SBTCSUSDT', 'SXRPSUSDT']
2026-09-11 03:32:00  demo equity=3004.11 SUSDT | open=2 ['SBTCSUSDT', 'SXRPSUSDT']
2026-09-11 03:34:02  demo equity=3005.41 SUSDT | open=2 ['SBTCSUSDT', 'SXRPSUSDT']
2026-09-11 03:36:03  demo equity=3004.08 SUSDT | open=2 ['SBTCSUSDT', 'SXRPSUSDT']
2026-09-11 03:38:04  demo equity=3001.77 SUSDT | open=2 ['SBTCSUSDT', 'SXRPSUSDT']
2026-09-11 03:40:05  demo equity=3000.66 SUSDT | open=2 ['SBTCSUSDT', 'SXRPSUSDT']
2026-09-11 03:42:06  demo equity=3000.17 SUSDT | open=2 ['SBTCSUSDT', 'SXRPSUSDT']
2026-09-11 03:44:07  demo equity=3000.57 SUSDT | open=2 ['SBTCSUSDT', 'SXRPSUSDT']
2026-09-11 03:46:09  demo equity=3001.50 SUSDT | open=2 ['SBTCSUSDT', 'SXRPSUSDT']
2026-09-11 03:48:10  demo equity=3002.43 SUSDT | open=2 ['SBTCSUSDT', 'SXRPSUSDT']
2026-09-11 03:50:11  demo equity=3002.94 SUSDT | open=2 ['SBTCSUSDT', 'SXRPSUSDT']
2026-09-11 03:52:12  demo equity=3002.75 SUSDT | open=2 ['SBTCSUSDT', 'SXRPSUSDT']
2026-09-11 03:54:13  demo equity=3002.82 SUSDT | open=2 ['SBTCSUSDT', 'SXRPSUSDT']
2026-09-11 03:56:15  demo equity=3001.40 SUSDT | open=2 ['SBTCSUSDT', 'SXRPSUSDT']
2026-09-11 03:58:16  demo equity=3000.49 SUSDT | open=2 ['SBTCSUSDT', 'SXRPSUSDT']
2026-09-11 04:00:17  demo equity=2999.90 SUSDT | open=2 ['SBTCSUSDT', 'SXRPSUSDT']
2026-09-11 04:00:17  [SBTC/SUSDT:SUSDT] holding short 0.0181 uPnL=5.084179999999 (SL/TP on exchange)
2026-09-11 04:00:18  [SETH/SUSDT:SUSDT] roc_mom(20, 1.0): flat; HOLD
2026-09-11 04:00:18  [SXRP/SUSDT:SUSDT] holding short 577 uPnL=5.193 (SL/TP on exchange)
2026-09-11 04:02:18  demo equity=3000.72 SUSDT | open=2 ['SBTCSUSDT', 'SXRPSUSDT']
2026-09-11 04:04:20  demo equity=2999.68 SUSDT | open=2 ['SBTCSUSDT', 'SXRPSUSDT']
2026-09-11 04:06:21  demo equity=2998.36 SUSDT | open=2 ['SBTCSUSDT', 'SXRPSUSDT']
2026-09-11 04:08:22  demo equity=2997.45 SUSDT | open=2 ['SBTCSUSDT', 'SXRPSUSDT']
2026-09-11 04:10:23  demo equity=2997.62 SUSDT | open=2 ['SBTCSUSDT', 'SXRPSUSDT']
2026-09-11 04:12:24  demo equity=2998.91 SUSDT | open=2 ['SBTCSUSDT', 'SXRPSUSDT']
2026-09-11 04:14:25  demo equity=2997.62 SUSDT | open=2 ['SBTCSUSDT', 'SXRPSUSDT']
2026-09-11 04:16:26  demo equity=2996.86 SUSDT | open=2 ['SBTCSUSDT', 'SXRPSUSDT']
2026-09-11 04:18:27  demo equity=2998.19 SUSDT | open=2 ['SBTCSUSDT', 'SXRPSUSDT']
2026-09-11 04:20:29  demo equity=2997.79 SUSDT | open=2 ['SBTCSUSDT', 'SXRPSUSDT']
2026-09-11 04:22:30  demo equity=2995.36 SUSDT | open=2 ['SBTCSUSDT', 'SXRPSUSDT']
2026-09-11 04:24:31  demo equity=2994.78 SUSDT | open=2 ['SBTCSUSDT', 'SXRPSUSDT']
2026-09-11 04:26:33  demo equity=2992.45 SUSDT | open=2 ['SBTCSUSDT', 'SXRPSUSDT']
2026-09-11 04:28:34  demo equity=2991.82 SUSDT | open=2 ['SBTCSUSDT', 'SXRPSUSDT']
2026-09-11 04:30:35  demo equity=2991.44 SUSDT | open=2 ['SBTCSUSDT', 'SXRPSUSDT']
2026-09-11 04:32:36  demo equity=2992.12 SUSDT | open=2 ['SBTCSUSDT', 'SXRPSUSDT']
2026-09-11 04:34:38  demo equity=2992.80 SUSDT | open=2 ['SBTCSUSDT', 'SXRPSUSDT']
2026-09-11 04:36:39  demo equity=2993.46 SUSDT | open=2 ['SBTCSUSDT', 'SXRPSUSDT']
2026-09-11 04:38:40  demo equity=2994.01 SUSDT | open=2 ['SBTCSUSDT', 'SXRPSUSDT']
2026-09-11 04:40:42  demo equity=2993.75 SUSDT | open=2 ['SBTCSUSDT', 'SXRPSUSDT']
2026-09-11 04:42:43  demo equity=2993.61 SUSDT | open=2 ['SBTCSUSDT', 'SXRPSUSDT']
2026-09-11 04:44:44  demo equity=2994.11 SUSDT | open=2 ['SBTCSUSDT', 'SXRPSUSDT']
2026-09-11 04:46:45  demo equity=2994.04 SUSDT | open=2 ['SBTCSUSDT', 'SXRPSUSDT']
2026-09-11 04:48:47  demo equity=2993.82 SUSDT | open=2 ['SBTCSUSDT', 'SXRPSUSDT']
2026-09-11 04:50:48  demo equity=2993.08 SUSDT | open=2 ['SBTCSUSDT', 'SXRPSUSDT']
2026-09-11 04:52:49  demo equity=2992.31 SUSDT | open=2 ['SBTCSUSDT', 'SXRPSUSDT']
2026-09-11 04:54:50  demo equity=2992.11 SUSDT | open=2 ['SBTCSUSDT', 'SXRPSUSDT']
2026-09-11 04:56:52  demo equity=2992.21 SUSDT | open=2 ['SBTCSUSDT', 'SXRPSUSDT']
2026-09-11 04:58:53  demo equity=2992.57 SUSDT | open=2 ['SBTCSUSDT', 'SXRPSUSDT']
2026-09-11 05:00:54  demo equity=2992.57 SUSDT | open=2 ['SBTCSUSDT', 'SXRPSUSDT']
2026-09-11 05:00:54  [SBTC/SUSDT:SUSDT] holding short 0.0181 uPnL=0.633389999999 (SL/TP on exchange)
2026-09-11 05:00:55  [SETH/SUSDT:SUSDT] roc_mom(20, 1.0): flat; HOLD
2026-09-11 05:00:55  [SXRP/SUSDT:SUSDT] holding short 577 uPnL=2.308 (SL/TP on exchange)
2026-09-11 05:02:55  demo equity=2993.23 SUSDT | open=2 ['SBTCSUSDT', 'SXRPSUSDT']
2026-09-11 05:04:57  demo equity=2993.28 SUSDT | open=2 ['SBTCSUSDT', 'SXRPSUSDT']
2026-09-11 05:06:58  demo equity=2993.75 SUSDT | open=2 ['SBTCSUSDT', 'SXRPSUSDT']
2026-09-11 05:08:59  demo equity=2993.86 SUSDT | open=2 ['SBTCSUSDT', 'SXRPSUSDT']
2026-09-11 05:11:00  demo equity=2993.07 SUSDT | open=2 ['SBTCSUSDT', 'SXRPSUSDT']
2026-09-11 05:13:02  demo equity=2992.97 SUSDT | open=2 ['SBTCSUSDT', 'SXRPSUSDT']
2026-09-11 05:15:03  demo equity=2992.43 SUSDT | open=2 ['SBTCSUSDT', 'SXRPSUSDT']
2026-09-11 05:17:04  demo equity=2992.55 SUSDT | open=2 ['SBTCSUSDT', 'SXRPSUSDT']
2026-09-11 05:19:06  demo equity=2992.38 SUSDT | open=2 ['SBTCSUSDT', 'SXRPSUSDT']
2026-09-11 05:21:07  demo equity=2992.31 SUSDT | open=2 ['SBTCSUSDT', 'SXRPSUSDT']
2026-09-11 05:23:08  demo equity=2993.27 SUSDT | open=2 ['SBTCSUSDT', 'SXRPSUSDT']
2026-09-11 05:25:09  demo equity=2993.31 SUSDT | open=2 ['SBTCSUSDT', 'SXRPSUSDT']
2026-09-11 05:27:11  demo equity=2994.35 SUSDT | open=2 ['SBTCSUSDT', 'SXRPSUSDT']
2026-09-11 05:29:12  demo equity=2993.66 SUSDT | open=2 ['SBTCSUSDT', 'SXRPSUSDT']
2026-09-11 05:31:13  demo equity=2992.50 SUSDT | open=2 ['SBTCSUSDT', 'SXRPSUSDT']
2026-09-11 05:33:15  demo equity=2993.97 SUSDT | open=2 ['SBTCSUSDT', 'SXRPSUSDT']
2026-09-11 05:35:16  demo equity=2993.82 SUSDT | open=2 ['SBTCSUSDT', 'SXRPSUSDT']
2026-09-11 05:37:17  demo equity=2992.89 SUSDT | open=2 ['SBTCSUSDT', 'SXRPSUSDT']
2026-09-11 05:39:18  demo equity=2991.81 SUSDT | open=2 ['SBTCSUSDT', 'SXRPSUSDT']
2026-09-11 05:41:20  demo equity=2992.36 SUSDT | open=2 ['SBTCSUSDT', 'SXRPSUSDT']
2026-09-11 05:43:21  demo equity=2992.31 SUSDT | open=2 ['SBTCSUSDT', 'SXRPSUSDT']
2026-09-11 05:45:22  demo equity=2992.36 SUSDT | open=2 ['SBTCSUSDT', 'SXRPSUSDT']
2026-09-11 05:47:24  demo equity=2991.67 SUSDT | open=2 ['SBTCSUSDT', 'SXRPSUSDT']
2026-09-11 05:49:25  demo equity=2991.31 SUSDT | open=2 ['SBTCSUSDT', 'SXRPSUSDT']
2026-09-11 05:51:26  demo equity=2991.23 SUSDT | open=2 ['SBTCSUSDT', 'SXRPSUSDT']
2026-09-11 05:53:27  demo equity=2991.40 SUSDT | open=2 ['SBTCSUSDT', 'SXRPSUSDT']
2026-09-11 05:55:29  demo equity=2990.58 SUSDT | open=2 ['SBTCSUSDT', 'SXRPSUSDT']
2026-09-11 05:57:30  demo equity=2991.16 SUSDT | open=2 ['SBTCSUSDT', 'SXRPSUSDT']
2026-09-11 05:59:31  demo equity=2991.10 SUSDT | open=2 ['SBTCSUSDT', 'SXRPSUSDT']
2026-09-11 06:01:32  demo equity=2991.12 SUSDT | open=2 ['SBTCSUSDT', 'SXRPSUSDT']
2026-09-11 06:01:33  [SBTC/SUSDT:SUSDT] holding short 0.0181 uPnL=-0.233600000001 (SL/TP on exchange)
2026-09-11 06:01:33  [SETH/SUSDT:SUSDT] roc_mom(20, 1.0): flat; HOLD
2026-09-11 06:01:33  [SXRP/SUSDT:SUSDT] holding short 577 uPnL=1.731 (SL/TP on exchange)
2026-09-11 06:03:34  demo equity=2990.57 SUSDT | open=2 ['SBTCSUSDT', 'SXRPSUSDT']
2026-09-11 06:05:35  demo equity=2989.96 SUSDT | open=2 ['SBTCSUSDT', 'SXRPSUSDT']
2026-09-11 06:07:36  demo equity=2989.32 SUSDT | open=2 ['SBTCSUSDT', 'SXRPSUSDT']
2026-09-11 06:09:37  demo equity=2988.44 SUSDT | open=2 ['SBTCSUSDT', 'SXRPSUSDT']
2026-09-11 06:11:39  demo equity=2988.21 SUSDT | open=2 ['SBTCSUSDT', 'SXRPSUSDT']
2026-09-11 06:13:40  demo equity=2987.08 SUSDT | open=2 ['SBTCSUSDT', 'SXRPSUSDT']
2026-09-11 06:15:41  demo equity=2985.82 SUSDT | open=2 ['SBTCSUSDT', 'SXRPSUSDT']
2026-09-11 06:17:42  demo equity=2985.24 SUSDT | open=2 ['SBTCSUSDT', 'SXRPSUSDT']
2026-09-11 06:19:44  demo equity=2987.87 SUSDT | open=2 ['SBTCSUSDT', 'SXRPSUSDT']
2026-09-11 06:21:45  demo equity=2987.71 SUSDT | open=2 ['SBTCSUSDT', 'SXRPSUSDT']
2026-09-11 06:23:46  demo equity=2989.06 SUSDT | open=2 ['SBTCSUSDT', 'SXRPSUSDT']
2026-09-11 06:25:47  demo equity=2989.36 SUSDT | open=2 ['SBTCSUSDT', 'SXRPSUSDT']
2026-09-11 06:27:49  demo equity=2990.11 SUSDT | open=2 ['SBTCSUSDT', 'SXRPSUSDT']
2026-09-11 06:29:50  demo equity=2989.29 SUSDT | open=2 ['SBTCSUSDT', 'SXRPSUSDT']
2026-09-11 06:31:51  demo equity=2989.06 SUSDT | open=2 ['SBTCSUSDT', 'SXRPSUSDT']
2026-09-11 06:33:52  demo equity=2990.56 SUSDT | open=2 ['SBTCSUSDT', 'SXRPSUSDT']
2026-09-11 06:35:54  demo equity=2990.27 SUSDT | open=2 ['SBTCSUSDT', 'SXRPSUSDT']
2026-09-11 06:37:55  demo equity=2989.39 SUSDT | open=2 ['SBTCSUSDT', 'SXRPSUSDT']
2026-09-11 06:39:56  demo equity=2989.02 SUSDT | open=2 ['SBTCSUSDT', 'SXRPSUSDT']
2026-09-11 06:41:57  demo equity=2989.51 SUSDT | open=2 ['SBTCSUSDT', 'SXRPSUSDT']
2026-09-11 06:43:59  demo equity=2989.77 SUSDT | open=2 ['SBTCSUSDT', 'SXRPSUSDT']
2026-09-11 06:46:00  demo equity=2989.42 SUSDT | open=2 ['SBTCSUSDT', 'SXRPSUSDT']
2026-09-11 06:48:01  demo equity=2988.63 SUSDT | open=2 ['SBTCSUSDT', 'SXRPSUSDT']
2026-09-11 06:50:03  demo equity=2986.66 SUSDT | open=2 ['SBTCSUSDT', 'SXRPSUSDT']
2026-09-11 06:52:04  demo equity=2987.33 SUSDT | open=2 ['SBTCSUSDT', 'SXRPSUSDT']
2026-09-11 06:54:05  demo equity=2987.39 SUSDT | open=2 ['SBTCSUSDT', 'SXRPSUSDT']
2026-09-11 06:56:06  demo equity=2987.92 SUSDT | open=2 ['SBTCSUSDT', 'SXRPSUSDT']
2026-09-11 06:58:08  demo equity=2987.29 SUSDT | open=2 ['SBTCSUSDT', 'SXRPSUSDT']
2026-09-11 07:00:09  demo equity=2987.21 SUSDT | open=2 ['SBTCSUSDT', 'SXRPSUSDT']
2026-09-11 07:00:09  [SBTC/SUSDT:SUSDT] holding short 0.0181 uPnL=-1.840880000001 (SL/TP on exchange)
2026-09-11 07:00:09  [SETH/SUSDT:SUSDT] roc_mom(20, 1.0): flat; HOLD
2026-09-11 07:00:10  [SXRP/SUSDT:SUSDT] holding short 577 uPnL=-0.577 (SL/TP on exchange)
2026-09-11 07:02:10  demo equity=2986.92 SUSDT | open=2 ['SBTCSUSDT', 'SXRPSUSDT']
2026-09-11 07:04:12  demo equity=2986.17 SUSDT | open=2 ['SBTCSUSDT', 'SXRPSUSDT']
2026-09-11 07:06:13  demo equity=2986.17 SUSDT | open=2 ['SBTCSUSDT', 'SXRPSUSDT']
2026-09-11 07:08:14  demo equity=2984.33 SUSDT | open=2 ['SBTCSUSDT', 'SXRPSUSDT']
2026-09-11 07:10:16  demo equity=2983.07 SUSDT | open=2 ['SBTCSUSDT', 'SXRPSUSDT']
2026-09-11 07:12:18  demo equity=2983.07 SUSDT | open=2 ['SBTCSUSDT', 'SXRPSUSDT']
2026-09-11 07:14:19  demo equity=2984.94 SUSDT | open=2 ['SBTCSUSDT', 'SXRPSUSDT']
2026-09-11 07:16:21  demo equity=2984.94 SUSDT | open=2 ['SBTCSUSDT', 'SXRPSUSDT']
2026-09-11 07:18:22  demo equity=2984.22 SUSDT | open=2 ['SBTCSUSDT', 'SXRPSUSDT']
2026-09-11 07:20:24  demo equity=2983.77 SUSDT | open=2 ['SBTCSUSDT', 'SXRPSUSDT']
2026-09-11 07:22:26  demo equity=2983.08 SUSDT | open=2 ['SBTCSUSDT', 'SXRPSUSDT']
2026-09-11 07:24:27  demo equity=2982.40 SUSDT | open=2 ['SBTCSUSDT', 'SXRPSUSDT']
2026-09-11 07:26:29  demo equity=2984.66 SUSDT | open=2 ['SBTCSUSDT', 'SXRPSUSDT']
2026-09-11 07:28:31  demo equity=2984.20 SUSDT | open=2 ['SBTCSUSDT', 'SXRPSUSDT']
2026-09-11 07:30:33  demo equity=2984.94 SUSDT | open=2 ['SBTCSUSDT', 'SXRPSUSDT']
2026-09-11 07:32:34  demo equity=2985.95 SUSDT | open=2 ['SBTCSUSDT', 'SXRPSUSDT']
2026-09-11 07:34:36  demo equity=2986.28 SUSDT | open=2 ['SBTCSUSDT', 'SXRPSUSDT']
2026-09-11 07:36:38  demo equity=2986.15 SUSDT | open=2 ['SBTCSUSDT', 'SXRPSUSDT']
2026-09-11 07:38:39  demo equity=2986.26 SUSDT | open=2 ['SBTCSUSDT', 'SXRPSUSDT']
2026-09-11 07:40:41  demo equity=2986.50 SUSDT | open=2 ['SBTCSUSDT', 'SXRPSUSDT']
2026-09-11 07:42:43  demo equity=2987.15 SUSDT | open=2 ['SBTCSUSDT', 'SXRPSUSDT']
2026-09-11 07:44:44  demo equity=2987.05 SUSDT | open=2 ['SBTCSUSDT', 'SXRPSUSDT']
2026-09-11 07:46:46  demo equity=2988.29 SUSDT | open=2 ['SBTCSUSDT', 'SXRPSUSDT']
2026-09-11 07:48:48  demo equity=2988.51 SUSDT | open=2 ['SBTCSUSDT', 'SXRPSUSDT']
2026-09-11 07:50:49  demo equity=2988.62 SUSDT | open=2 ['SBTCSUSDT', 'SXRPSUSDT']
2026-09-11 07:52:51  demo equity=2989.08 SUSDT | open=2 ['SBTCSUSDT', 'SXRPSUSDT']
2026-09-11 07:54:53  demo equity=2989.90 SUSDT | open=2 ['SBTCSUSDT', 'SXRPSUSDT']
2026-09-11 07:56:54  demo equity=2988.66 SUSDT | open=2 ['SBTCSUSDT', 'SXRPSUSDT']
2026-09-11 07:58:56  demo equity=2988.85 SUSDT | open=2 ['SBTCSUSDT', 'SXRPSUSDT']
2026-09-11 08:00:58  demo equity=2989.88 SUSDT | open=2 ['SBTCSUSDT', 'SXRPSUSDT']
2026-09-11 08:00:58  [SBTC/SUSDT:SUSDT] holding short 0.0181 uPnL=-0.537680000001 (SL/TP on exchange)
2026-09-11 08:00:58  [SETH/SUSDT:SUSDT] roc_mom(20, 1.0): flat; HOLD
2026-09-11 08:00:59  [SXRP/SUSDT:SUSDT] holding short 577 uPnL=0.577 (SL/TP on exchange)
2026-09-11 08:03:00  demo equity=2989.47 SUSDT | open=2 ['SBTCSUSDT', 'SXRPSUSDT']
2026-09-11 08:05:01  demo equity=2991.21 SUSDT | open=2 ['SBTCSUSDT', 'SXRPSUSDT']
2026-09-11 08:07:03  demo equity=2991.32 SUSDT | open=2 ['SBTCSUSDT', 'SXRPSUSDT']
2026-09-11 08:09:05  demo equity=2992.02 SUSDT | open=2 ['SBTCSUSDT', 'SXRPSUSDT']
2026-09-11 08:11:06  demo equity=2992.09 SUSDT | open=2 ['SBTCSUSDT', 'SXRPSUSDT']
2026-09-11 08:13:08  demo equity=2992.28 SUSDT | open=2 ['SBTCSUSDT', 'SXRPSUSDT']
2026-09-11 08:15:10  demo equity=2990.68 SUSDT | open=2 ['SBTCSUSDT', 'SXRPSUSDT']
2026-09-11 08:17:11  demo equity=2990.48 SUSDT | open=2 ['SBTCSUSDT', 'SXRPSUSDT']
2026-09-11 08:19:13  demo equity=2989.61 SUSDT | open=2 ['SBTCSUSDT', 'SXRPSUSDT']
2026-09-11 08:21:15  demo equity=2989.53 SUSDT | open=2 ['SBTCSUSDT', 'SXRPSUSDT']
2026-09-11 08:23:16  demo equity=2989.59 SUSDT | open=2 ['SBTCSUSDT', 'SXRPSUSDT']
2026-09-11 08:25:18  demo equity=2986.71 SUSDT | open=2 ['SBTCSUSDT', 'SXRPSUSDT']
2026-09-11 08:27:19  demo equity=2987.10 SUSDT | open=2 ['SBTCSUSDT', 'SXRPSUSDT']
2026-09-11 08:29:21  demo equity=2986.73 SUSDT | open=2 ['SBTCSUSDT', 'SXRPSUSDT']
2026-09-11 08:31:23  demo equity=2982.78 SUSDT | open=2 ['SBTCSUSDT', 'SXRPSUSDT']
2026-09-11 08:33:25  demo equity=2982.64 SUSDT | open=2 ['SBTCSUSDT', 'SXRPSUSDT']
2026-09-11 08:35:26  demo equity=2984.44 SUSDT | open=2 ['SBTCSUSDT', 'SXRPSUSDT']
2026-09-11 08:37:28  demo equity=2985.66 SUSDT | open=2 ['SBTCSUSDT', 'SXRPSUSDT']
2026-09-11 08:39:30  demo equity=2984.35 SUSDT | open=2 ['SBTCSUSDT', 'SXRPSUSDT']
2026-09-11 08:41:31  demo equity=2983.91 SUSDT | open=2 ['SBTCSUSDT', 'SXRPSUSDT']
2026-09-11 08:43:33  demo equity=2983.98 SUSDT | open=2 ['SBTCSUSDT', 'SXRPSUSDT']
2026-09-11 08:45:35  demo equity=2983.84 SUSDT | open=2 ['SBTCSUSDT', 'SXRPSUSDT']
2026-09-11 08:47:36  demo equity=2983.87 SUSDT | open=2 ['SBTCSUSDT', 'SXRPSUSDT']
2026-09-11 08:49:38  demo equity=2984.78 SUSDT | open=2 ['SBTCSUSDT', 'SXRPSUSDT']
2026-09-11 08:51:39  demo equity=2985.80 SUSDT | open=2 ['SBTCSUSDT', 'SXRPSUSDT']
2026-09-11 08:53:41  demo equity=2985.27 SUSDT | open=2 ['SBTCSUSDT', 'SXRPSUSDT']
2026-09-11 08:55:43  demo equity=2987.16 SUSDT | open=2 ['SBTCSUSDT', 'SXRPSUSDT']
2026-09-11 08:57:44  demo equity=2985.66 SUSDT | open=2 ['SBTCSUSDT', 'SXRPSUSDT']
2026-09-11 08:59:46  demo equity=2986.20 SUSDT | open=2 ['SBTCSUSDT', 'SXRPSUSDT']
2026-09-11 09:01:48  demo equity=2985.64 SUSDT | open=2 ['SBTCSUSDT', 'SXRPSUSDT']
2026-09-11 09:01:48  [SBTC/SUSDT:SUSDT] holding short 0.0181 uPnL=-3.048150000001 (SL/TP on exchange)
2026-09-11 09:01:48  [SETH/SUSDT:SUSDT] roc_mom(20, 1.0): flat; HOLD
2026-09-11 09:01:49  [SXRP/SUSDT:SUSDT] holding short 577 uPnL=-1.154 (SL/TP on exchange)
2026-09-11 09:03:49  demo equity=2985.63 SUSDT | open=2 ['SBTCSUSDT', 'SXRPSUSDT']
2026-09-11 09:05:51  demo equity=2986.92 SUSDT | open=2 ['SBTCSUSDT', 'SXRPSUSDT']
2026-09-11 09:07:53  demo equity=2987.17 SUSDT | open=2 ['SBTCSUSDT', 'SXRPSUSDT']
2026-09-11 09:09:54  demo equity=2987.98 SUSDT | open=2 ['SBTCSUSDT', 'SXRPSUSDT']
2026-09-11 09:11:56  demo equity=2988.46 SUSDT | open=2 ['SBTCSUSDT', 'SXRPSUSDT']
2026-09-11 09:13:58  demo equity=2988.24 SUSDT | open=2 ['SBTCSUSDT', 'SXRPSUSDT']
2026-09-11 09:16:00  demo equity=2988.83 SUSDT | open=2 ['SBTCSUSDT', 'SXRPSUSDT']
2026-09-11 09:18:01  demo equity=2988.76 SUSDT | open=2 ['SBTCSUSDT', 'SXRPSUSDT']
2026-09-11 09:20:03  demo equity=2988.67 SUSDT | open=2 ['SBTCSUSDT', 'SXRPSUSDT']
2026-09-11 09:22:05  demo equity=2989.08 SUSDT | open=2 ['SBTCSUSDT', 'SXRPSUSDT']
2026-09-11 09:24:06  demo equity=2990.29 SUSDT | open=2 ['SBTCSUSDT', 'SXRPSUSDT']
2026-09-11 09:26:08  demo equity=2991.56 SUSDT | open=2 ['SBTCSUSDT', 'SXRPSUSDT']
2026-09-11 09:28:10  demo equity=2991.66 SUSDT | open=2 ['SBTCSUSDT', 'SXRPSUSDT']
2026-09-11 09:30:11  demo equity=2992.38 SUSDT | open=2 ['SBTCSUSDT', 'SXRPSUSDT']
2026-09-11 09:32:13  demo equity=2993.03 SUSDT | open=2 ['SBTCSUSDT', 'SXRPSUSDT']
2026-09-11 09:34:15  demo equity=2993.66 SUSDT | open=2 ['SBTCSUSDT', 'SXRPSUSDT']
2026-09-11 09:36:16  demo equity=2996.44 SUSDT | open=2 ['SBTCSUSDT', 'SXRPSUSDT']
2026-09-11 09:38:18  demo equity=2999.29 SUSDT | open=2 ['SBTCSUSDT', 'SXRPSUSDT']
2026-09-11 09:40:19  demo equity=3001.00 SUSDT | open=2 ['SBTCSUSDT', 'SXRPSUSDT']
2026-09-11 09:42:21  demo equity=3001.96 SUSDT | open=2 ['SBTCSUSDT', 'SXRPSUSDT']
2026-09-11 09:44:23  demo equity=3001.00 SUSDT | open=2 ['SBTCSUSDT', 'SXRPSUSDT']
2026-09-11 09:46:24  demo equity=3000.98 SUSDT | open=2 ['SBTCSUSDT', 'SXRPSUSDT']
2026-09-11 09:48:26  demo equity=2999.31 SUSDT | open=2 ['SBTCSUSDT', 'SXRPSUSDT']
2026-09-11 09:50:28  demo equity=3000.17 SUSDT | open=2 ['SBTCSUSDT', 'SXRPSUSDT']
2026-09-11 09:52:29  demo equity=2998.23 SUSDT | open=2 ['SBTCSUSDT', 'SXRPSUSDT']
2026-09-11 09:54:31  demo equity=2998.20 SUSDT | open=2 ['SBTCSUSDT', 'SXRPSUSDT']
2026-09-11 09:56:33  demo equity=2998.42 SUSDT | open=2 ['SBTCSUSDT', 'SXRPSUSDT']
2026-09-11 09:58:35  demo equity=2998.03 SUSDT | open=2 ['SBTCSUSDT', 'SXRPSUSDT']
2026-09-11 10:00:36  demo equity=2998.11 SUSDT | open=2 ['SBTCSUSDT', 'SXRPSUSDT']
2026-09-11 10:00:37  [SBTC/SUSDT:SUSDT] holding short 0.0181 uPnL=2.499499999999 (SL/TP on exchange)
2026-09-11 10:00:38  [SETH/SUSDT:SUSDT] roc_mom(20, 1.0) SIGNAL BUY -> buy 0.497 @~2468.2500 sl=2438.1121 tp=2513.4568 (risk 14.99 SUSDT)
2026-09-11 10:00:39  [SETH/SUSDT:SUSDT] ORDER OK id=1482245720248057858 status=None
2026-09-11 10:00:39  [SXRP/SUSDT:SUSDT] holding short 577 uPnL=5.77 (SL/TP on exchange)
2026-09-11 10:02:40  demo equity=2997.78 SUSDT | open=3 ['SBTCSUSDT', 'SXRPSUSDT', 'SETHSUSDT']
2026-09-11 10:04:42  demo equity=2997.13 SUSDT | open=3 ['SBTCSUSDT', 'SXRPSUSDT', 'SETHSUSDT']
2026-09-11 10:06:43  demo equity=2996.97 SUSDT | open=3 ['SBTCSUSDT', 'SXRPSUSDT', 'SETHSUSDT']
2026-09-11 10:08:45  demo equity=2996.37 SUSDT | open=3 ['SBTCSUSDT', 'SXRPSUSDT', 'SETHSUSDT']
2026-09-11 10:10:47  demo equity=2996.21 SUSDT | open=3 ['SBTCSUSDT', 'SXRPSUSDT', 'SETHSUSDT']
2026-09-11 10:12:49  demo equity=2996.35 SUSDT | open=3 ['SBTCSUSDT', 'SXRPSUSDT', 'SETHSUSDT']
2026-09-11 10:14:50  demo equity=2996.32 SUSDT | open=3 ['SBTCSUSDT', 'SXRPSUSDT', 'SETHSUSDT']
2026-09-11 10:16:52  demo equity=2995.65 SUSDT | open=3 ['SBTCSUSDT', 'SXRPSUSDT', 'SETHSUSDT']
2026-09-11 10:18:54  demo equity=2995.18 SUSDT | open=3 ['SBTCSUSDT', 'SXRPSUSDT', 'SETHSUSDT']
2026-09-11 10:20:55  demo equity=2995.31 SUSDT | open=3 ['SBTCSUSDT', 'SXRPSUSDT', 'SETHSUSDT']
2026-09-11 10:22:57  demo equity=2996.05 SUSDT | open=3 ['SBTCSUSDT', 'SXRPSUSDT', 'SETHSUSDT']
2026-09-11 10:24:59  demo equity=2996.12 SUSDT | open=3 ['SBTCSUSDT', 'SXRPSUSDT', 'SETHSUSDT']
2026-09-11 10:27:00  demo equity=2996.53 SUSDT | open=3 ['SBTCSUSDT', 'SXRPSUSDT', 'SETHSUSDT']
2026-09-11 10:29:02  demo equity=2996.91 SUSDT | open=3 ['SBTCSUSDT', 'SXRPSUSDT', 'SETHSUSDT']
2026-09-11 10:31:04  demo equity=2997.11 SUSDT | open=3 ['SBTCSUSDT', 'SXRPSUSDT', 'SETHSUSDT']
2026-09-11 10:33:06  demo equity=2997.60 SUSDT | open=3 ['SBTCSUSDT', 'SXRPSUSDT', 'SETHSUSDT']
2026-09-11 10:35:07  demo equity=2996.99 SUSDT | open=3 ['SBTCSUSDT', 'SXRPSUSDT', 'SETHSUSDT']
2026-09-11 10:37:09  demo equity=2997.40 SUSDT | open=3 ['SBTCSUSDT', 'SXRPSUSDT', 'SETHSUSDT']
2026-09-11 10:39:11  demo equity=2997.96 SUSDT | open=3 ['SBTCSUSDT', 'SXRPSUSDT', 'SETHSUSDT']
2026-09-11 10:41:12  demo equity=2998.59 SUSDT | open=3 ['SBTCSUSDT', 'SXRPSUSDT', 'SETHSUSDT']
2026-09-11 10:43:18  demo equity=2998.58 SUSDT | open=3 ['SBTCSUSDT', 'SXRPSUSDT', 'SETHSUSDT']
2026-09-11 10:45:21  demo equity=2998.60 SUSDT | open=3 ['SBTCSUSDT', 'SXRPSUSDT', 'SETHSUSDT']
2026-09-11 10:47:25  demo equity=2998.19 SUSDT | open=3 ['SBTCSUSDT', 'SXRPSUSDT', 'SETHSUSDT']
2026-09-11 10:49:28  demo equity=2998.09 SUSDT | open=3 ['SBTCSUSDT', 'SXRPSUSDT', 'SETHSUSDT']
2026-09-11 10:51:31  demo equity=2998.54 SUSDT | open=3 ['SBTCSUSDT', 'SXRPSUSDT', 'SETHSUSDT']
2026-09-11 10:53:34  demo equity=2998.80 SUSDT | open=3 ['SBTCSUSDT', 'SXRPSUSDT', 'SETHSUSDT']
2026-09-11 10:55:37  demo equity=2999.15 SUSDT | open=3 ['SBTCSUSDT', 'SXRPSUSDT', 'SETHSUSDT']
2026-09-11 10:57:40  demo equity=2999.02 SUSDT | open=3 ['SBTCSUSDT', 'SXRPSUSDT', 'SETHSUSDT']
2026-09-11 10:59:43  demo equity=2999.10 SUSDT | open=3 ['SBTCSUSDT', 'SXRPSUSDT', 'SETHSUSDT']
2026-09-11 11:01:47  demo equity=2999.92 SUSDT | open=3 ['SBTCSUSDT', 'SXRPSUSDT', 'SETHSUSDT']
2026-09-11 11:01:48  [SBTC/SUSDT:SUSDT] holding short 0.0181 uPnL=3.686859999999 (SL/TP on exchange)
2026-09-11 11:01:48  [SETH/SUSDT:SUSDT] holding long 0.497 uPnL=-4.98988 (SL/TP on exchange)
2026-09-11 11:01:49  [SXRP/SUSDT:SUSDT] holding short 577 uPnL=12.117 (SL/TP on exchange)
2026-09-11 11:03:49  demo equity=3003.15 SUSDT | open=3 ['SBTCSUSDT', 'SXRPSUSDT', 'SETHSUSDT']
2026-09-11 11:05:51  demo equity=3004.33 SUSDT | open=3 ['SBTCSUSDT', 'SXRPSUSDT', 'SETHSUSDT']
2026-09-11 11:07:52  demo equity=3005.03 SUSDT | open=3 ['SBTCSUSDT', 'SXRPSUSDT', 'SETHSUSDT']
2026-09-11 11:09:53  demo equity=3005.08 SUSDT | open=3 ['SBTCSUSDT', 'SXRPSUSDT', 'SETHSUSDT']
2026-09-11 11:11:54  demo equity=3004.44 SUSDT | open=3 ['SBTCSUSDT', 'SXRPSUSDT', 'SETHSUSDT']
2026-09-11 11:13:55  demo equity=3004.11 SUSDT | open=3 ['SBTCSUSDT', 'SXRPSUSDT', 'SETHSUSDT']
2026-09-11 11:15:57  demo equity=3004.33 SUSDT | open=3 ['SBTCSUSDT', 'SXRPSUSDT', 'SETHSUSDT']
2026-09-11 11:17:58  demo equity=3003.18 SUSDT | open=3 ['SBTCSUSDT', 'SXRPSUSDT', 'SETHSUSDT']
2026-09-11 11:19:59  demo equity=3004.63 SUSDT | open=3 ['SBTCSUSDT', 'SXRPSUSDT', 'SETHSUSDT']
2026-09-11 11:22:00  demo equity=3004.25 SUSDT | open=3 ['SBTCSUSDT', 'SXRPSUSDT', 'SETHSUSDT']
2026-09-11 11:24:01  demo equity=3005.13 SUSDT | open=3 ['SBTCSUSDT', 'SXRPSUSDT', 'SETHSUSDT']
2026-09-11 11:26:02  demo equity=3003.90 SUSDT | open=3 ['SBTCSUSDT', 'SXRPSUSDT', 'SETHSUSDT']
2026-09-11 11:28:03  demo equity=3004.55 SUSDT | open=3 ['SBTCSUSDT', 'SXRPSUSDT', 'SETHSUSDT']
2026-09-11 11:30:05  demo equity=3004.56 SUSDT | open=3 ['SBTCSUSDT', 'SXRPSUSDT', 'SETHSUSDT']
2026-09-11 11:32:06  demo equity=3004.81 SUSDT | open=3 ['SBTCSUSDT', 'SXRPSUSDT', 'SETHSUSDT']
2026-09-11 11:34:07  demo equity=3004.27 SUSDT | open=3 ['SBTCSUSDT', 'SXRPSUSDT', 'SETHSUSDT']
2026-09-11 11:36:09  demo equity=3005.43 SUSDT | open=3 ['SBTCSUSDT', 'SXRPSUSDT', 'SETHSUSDT']
2026-09-11 11:38:10  demo equity=3003.38 SUSDT | open=3 ['SBTCSUSDT', 'SXRPSUSDT', 'SETHSUSDT']
2026-09-11 11:40:11  demo equity=3004.04 SUSDT | open=3 ['SBTCSUSDT', 'SXRPSUSDT', 'SETHSUSDT']
2026-09-11 11:42:12  demo equity=3002.82 SUSDT | open=3 ['SBTCSUSDT', 'SXRPSUSDT', 'SETHSUSDT']
2026-09-11 11:44:14  demo equity=3003.24 SUSDT | open=3 ['SBTCSUSDT', 'SXRPSUSDT', 'SETHSUSDT']
2026-09-11 11:46:15  demo equity=3001.93 SUSDT | open=3 ['SBTCSUSDT', 'SXRPSUSDT', 'SETHSUSDT']
2026-09-11 11:48:16  demo equity=3002.39 SUSDT | open=3 ['SBTCSUSDT', 'SXRPSUSDT', 'SETHSUSDT']
2026-09-11 11:50:17  demo equity=3001.23 SUSDT | open=3 ['SBTCSUSDT', 'SXRPSUSDT', 'SETHSUSDT']
2026-09-11 11:52:18  demo equity=3001.09 SUSDT | open=3 ['SBTCSUSDT', 'SXRPSUSDT', 'SETHSUSDT']
2026-09-11 11:54:19  demo equity=3000.49 SUSDT | open=3 ['SBTCSUSDT', 'SXRPSUSDT', 'SETHSUSDT']
2026-09-11 11:56:20  demo equity=3000.86 SUSDT | open=3 ['SBTCSUSDT', 'SXRPSUSDT', 'SETHSUSDT']
2026-09-11 11:58:22  demo equity=3000.74 SUSDT | open=3 ['SBTCSUSDT', 'SXRPSUSDT', 'SETHSUSDT']
2026-09-11 12:00:23  demo equity=2998.99 SUSDT | open=3 ['SBTCSUSDT', 'SXRPSUSDT', 'SETHSUSDT']
2026-09-11 12:00:23  [SBTC/SUSDT:SUSDT] holding short 0.0181 uPnL=3.156529999999 (SL/TP on exchange)
2026-09-11 12:00:23  [SETH/SUSDT:SUSDT] holding long 0.497 uPnL=-5.93915 (SL/TP on exchange)
2026-09-11 12:00:23  [SXRP/SUSDT:SUSDT] holding short 577 uPnL=12.694 (SL/TP on exchange)
2026-09-11 12:02:24  demo equity=2997.52 SUSDT | open=3 ['SBTCSUSDT', 'SXRPSUSDT', 'SETHSUSDT']
2026-09-11 12:04:25  demo equity=2996.77 SUSDT | open=3 ['SBTCSUSDT', 'SXRPSUSDT', 'SETHSUSDT']
2026-09-11 12:06:26  demo equity=2998.46 SUSDT | open=3 ['SBTCSUSDT', 'SXRPSUSDT', 'SETHSUSDT']
2026-09-11 12:08:27  demo equity=2999.77 SUSDT | open=3 ['SBTCSUSDT', 'SXRPSUSDT', 'SETHSUSDT']
2026-09-11 12:10:28  demo equity=2999.01 SUSDT | open=3 ['SBTCSUSDT', 'SXRPSUSDT', 'SETHSUSDT']
2026-09-11 12:12:30  demo equity=2999.13 SUSDT | open=3 ['SBTCSUSDT', 'SXRPSUSDT', 'SETHSUSDT']
2026-09-11 12:14:31  demo equity=2999.64 SUSDT | open=3 ['SBTCSUSDT', 'SXRPSUSDT', 'SETHSUSDT']
2026-09-11 12:16:32  demo equity=3000.28 SUSDT | open=3 ['SBTCSUSDT', 'SXRPSUSDT', 'SETHSUSDT']
2026-09-11 12:18:33  demo equity=2999.51 SUSDT | open=3 ['SBTCSUSDT', 'SXRPSUSDT', 'SETHSUSDT']
2026-09-11 12:20:34  demo equity=3001.14 SUSDT | open=3 ['SBTCSUSDT', 'SXRPSUSDT', 'SETHSUSDT']
2026-09-11 12:22:36  demo equity=3000.42 SUSDT | open=3 ['SBTCSUSDT', 'SXRPSUSDT', 'SETHSUSDT']
2026-09-11 12:24:37  demo equity=3001.80 SUSDT | open=3 ['SBTCSUSDT', 'SXRPSUSDT', 'SETHSUSDT']
2026-09-11 12:26:38  demo equity=3001.64 SUSDT | open=3 ['SBTCSUSDT', 'SXRPSUSDT', 'SETHSUSDT']
2026-09-11 12:28:39  demo equity=3001.01 SUSDT | open=3 ['SBTCSUSDT', 'SXRPSUSDT', 'SETHSUSDT']
2026-09-11 12:30:40  demo equity=2998.57 SUSDT | open=2 ['SBTCSUSDT', 'SXRPSUSDT']
2026-09-11 12:32:42  demo equity=2996.06 SUSDT | open=2 ['SBTCSUSDT', 'SXRPSUSDT']
2026-09-11 12:34:43  demo equity=2973.62 SUSDT | open=2 ['SBTCSUSDT', 'SXRPSUSDT']
2026-09-11 12:36:44  demo equity=2974.05 SUSDT | open=2 ['SBTCSUSDT', 'SXRPSUSDT']
2026-09-11 12:38:46  demo equity=2964.79 SUSDT | open=2 ['SBTCSUSDT', 'SXRPSUSDT']
2026-09-11 12:40:47  demo equity=2960.35 SUSDT | open=2 ['SBTCSUSDT', 'SXRPSUSDT']
2026-09-11 12:42:48  demo equity=2965.53 SUSDT | open=2 ['SBTCSUSDT', 'SXRPSUSDT']
2026-09-11 12:44:50  demo equity=2959.93 SUSDT | open=2 ['SBTCSUSDT', 'SXRPSUSDT']
2026-09-11 12:46:51  demo equity=2954.13 SUSDT | open=2 ['SBTCSUSDT', 'SXRPSUSDT']
2026-09-11 12:48:52  demo equity=2950.22 SUSDT | open=2 ['SBTCSUSDT', 'SXRPSUSDT']
2026-09-11 12:50:53  demo equity=2947.13 SUSDT | open=2 ['SBTCSUSDT', 'SXRPSUSDT']
2026-09-11 12:52:54  demo equity=2944.20 SUSDT | open=1 ['SXRPSUSDT']
2026-09-11 12:54:55  demo equity=2945.93 SUSDT | open=1 ['SXRPSUSDT']
2026-09-11 12:56:57  demo equity=2948.24 SUSDT | open=1 ['SXRPSUSDT']
2026-09-11 12:58:58  demo equity=2947.08 SUSDT | open=1 ['SXRPSUSDT']
2026-09-11 13:00:59  demo equity=2948.24 SUSDT | open=1 ['SXRPSUSDT']
2026-09-11 13:01:00  [SBTC/SUSDT:SUSDT] rsi_mom(7, 40, 60): flat; HOLD
2026-09-11 13:01:00  [SETH/SUSDT:SUSDT] roc_mom(20, 1.0): flat; HOLD
2026-09-11 13:01:00  [SXRP/SUSDT:SUSDT] holding short 577 uPnL=-6.347 (SL/TP on exchange)
2026-09-11 13:03:01  demo equity=2948.24 SUSDT | open=1 ['SXRPSUSDT']
2026-09-11 13:05:02  demo equity=2949.39 SUSDT | open=1 ['SXRPSUSDT']
2026-09-11 13:07:03  demo equity=2947.08 SUSDT | open=1 ['SXRPSUSDT']
2026-09-11 13:09:04  demo equity=2951.70 SUSDT | open=1 ['SXRPSUSDT']
2026-09-11 13:11:05  demo equity=2951.12 SUSDT | open=1 ['SXRPSUSDT']
2026-09-11 13:13:07  demo equity=2951.70 SUSDT | open=1 ['SXRPSUSDT']
2026-09-11 13:15:08  demo equity=2948.24 SUSDT | open=1 ['SXRPSUSDT']
2026-09-11 13:17:09  demo equity=2950.55 SUSDT | open=1 ['SXRPSUSDT']
2026-09-11 13:19:10  demo equity=2949.39 SUSDT | open=1 ['SXRPSUSDT']
2026-09-11 13:21:11  demo equity=2949.39 SUSDT | open=1 ['SXRPSUSDT']
2026-09-11 13:23:13  demo equity=2947.66 SUSDT | open=1 ['SXRPSUSDT']
2026-09-11 13:25:14  demo equity=2948.82 SUSDT | open=1 ['SXRPSUSDT']
2026-09-11 13:27:15  demo equity=2948.82 SUSDT | open=1 ['SXRPSUSDT']
2026-09-11 13:29:16  demo equity=2949.97 SUSDT | open=1 ['SXRPSUSDT']
2026-09-11 13:31:17  demo equity=2948.82 SUSDT | open=1 ['SXRPSUSDT']
2026-09-11 13:33:18  demo equity=2951.12 SUSDT | open=1 ['SXRPSUSDT']
2026-09-11 13:35:20  demo equity=2948.82 SUSDT | open=1 ['SXRPSUSDT']
2026-09-11 13:37:21  demo equity=2951.70 SUSDT | open=1 ['SXRPSUSDT']
2026-09-11 13:39:22  demo equity=2949.97 SUSDT | open=1 ['SXRPSUSDT']
2026-09-11 13:41:23  demo equity=2947.66 SUSDT | open=1 ['SXRPSUSDT']
2026-09-11 13:43:25  demo equity=2944.78 SUSDT | open=1 ['SXRPSUSDT']
2026-09-11 13:45:26  demo equity=2945.35 SUSDT | open=1 ['SXRPSUSDT']
2026-09-11 13:47:27  demo equity=2943.62 SUSDT | open=1 ['SXRPSUSDT']
2026-09-11 13:49:28  demo equity=2938.53 SUSDT | open=0 []
2026-09-11 13:51:29  demo equity=2938.53 SUSDT | open=0 []
2026-09-11 13:53:31  demo equity=2938.53 SUSDT | open=0 []
2026-09-11 13:55:32  demo equity=2938.53 SUSDT | open=0 []
2026-09-11 13:57:33  demo equity=2938.53 SUSDT | open=0 []
2026-09-11 13:59:34  demo equity=2938.53 SUSDT | open=0 []
2026-09-11 14:01:36  demo equity=2938.53 SUSDT | open=0 []
2026-09-11 14:01:36  [SBTC/SUSDT:SUSDT] rsi_mom(7, 40, 60): flat; HOLD
2026-09-11 14:01:36  [SETH/SUSDT:SUSDT] roc_mom(20, 1.0) SIGNAL BUY -> buy 0.249 @~2628.9200 sl=2570.0907 tp=2717.1640 (risk 14.69 SUSDT)
2026-09-11 14:01:37  [SETH/SUSDT:SUSDT] ORDER OK id=1482306361235243089 status=None
2026-09-11 14:01:37  [SXRP/SUSDT:SUSDT] bb_break(30, 1.5): flat; HOLD
2026-09-11 14:03:38  demo equity=2940.16 SUSDT | open=1 ['SETHSUSDT']
2026-09-11 14:05:39  demo equity=2938.39 SUSDT | open=1 ['SETHSUSDT']
2026-09-11 14:07:40  demo equity=2934.61 SUSDT | open=1 ['SETHSUSDT']
2026-09-11 14:09:41  demo equity=2934.37 SUSDT | open=1 ['SETHSUSDT']
2026-09-11 14:11:42  demo equity=2931.40 SUSDT | open=1 ['SETHSUSDT']
2026-09-11 14:13:44  demo equity=2932.77 SUSDT | open=1 ['SETHSUSDT']
2026-09-11 14:15:45  demo equity=2932.43 SUSDT | open=1 ['SETHSUSDT']
2026-09-11 14:17:46  demo equity=2932.06 SUSDT | open=1 ['SETHSUSDT']
2026-09-11 14:19:51  demo equity=2932.19 SUSDT | open=1 ['SETHSUSDT']
2026-09-11 14:21:53  demo equity=2933.53 SUSDT | open=1 ['SETHSUSDT']
2026-09-11 14:23:54  demo equity=2932.87 SUSDT | open=1 ['SETHSUSDT']
2026-09-11 14:25:55  demo equity=2934.39 SUSDT | open=1 ['SETHSUSDT']
2026-09-11 14:27:56  demo equity=2934.50 SUSDT | open=1 ['SETHSUSDT']
2026-09-11 14:29:57  demo equity=2934.16 SUSDT | open=1 ['SETHSUSDT']
2026-09-11 14:31:59  demo equity=2933.31 SUSDT | open=1 ['SETHSUSDT']
2026-09-11 14:34:00  demo equity=2933.33 SUSDT | open=1 ['SETHSUSDT']
2026-09-11 14:36:01  demo equity=2931.05 SUSDT | open=1 ['SETHSUSDT']
2026-09-11 14:38:02  demo equity=2932.14 SUSDT | open=1 ['SETHSUSDT']
2026-09-11 14:40:03  demo equity=2931.93 SUSDT | open=1 ['SETHSUSDT']
2026-09-11 14:42:04  demo equity=2931.69 SUSDT | open=1 ['SETHSUSDT']
2026-09-11 14:44:06  demo equity=2929.90 SUSDT | open=1 ['SETHSUSDT']
2026-09-11 14:46:07  demo equity=2932.23 SUSDT | open=1 ['SETHSUSDT']
2026-09-11 14:48:08  demo equity=2930.47 SUSDT | open=1 ['SETHSUSDT']
2026-09-11 14:50:09  demo equity=2929.12 SUSDT | open=1 ['SETHSUSDT']
2026-09-11 14:52:11  demo equity=2929.95 SUSDT | open=1 ['SETHSUSDT']
2026-09-11 14:54:12  demo equity=2930.16 SUSDT | open=1 ['SETHSUSDT']
2026-09-11 14:56:13  demo equity=2930.12 SUSDT | open=1 ['SETHSUSDT']
2026-09-11 14:58:14  demo equity=2931.76 SUSDT | open=1 ['SETHSUSDT']
2026-09-11 15:00:15  demo equity=2931.51 SUSDT | open=1 ['SETHSUSDT']
2026-09-11 15:00:16  [SBTC/SUSDT:SUSDT] rsi_mom(7, 40, 60) SIGNAL BUY -> buy 0.0111 @~78763.6000 sl=77454.7284 tp=80726.9074 (risk 14.66 SUSDT)
2026-09-11 15:00:16  [SBTC/SUSDT:SUSDT] ORDER OK id=1482321123297886210 status=None
2026-09-11 15:00:17  [SETH/SUSDT:SUSDT] holding long 0.249 uPnL=-6.6234 (SL/TP on exchange)
2026-09-11 15:00:17  [SXRP/SUSDT:SUSDT] bb_break(30, 1.5) SIGNAL BUY -> buy 367.0 @~1.3943 sl=1.3544 tp=1.4541 (risk 14.66 SUSDT)
2026-09-11 15:00:18  [SXRP/SUSDT:SUSDT] ORDER OK id=1482321130554032131 status=None
2026-09-11 15:02:18  demo equity=2924.35 SUSDT | open=3 ['SXRPSUSDT', 'SETHSUSDT', 'SBTCSUSDT']
2026-09-11 15:04:20  demo equity=2925.45 SUSDT | open=3 ['SXRPSUSDT', 'SETHSUSDT', 'SBTCSUSDT']
2026-09-11 15:06:21  demo equity=2927.69 SUSDT | open=3 ['SXRPSUSDT', 'SETHSUSDT', 'SBTCSUSDT']
2026-09-11 15:08:22  demo equity=2926.78 SUSDT | open=3 ['SXRPSUSDT', 'SETHSUSDT', 'SBTCSUSDT']
2026-09-11 15:10:24  demo equity=2924.19 SUSDT | open=3 ['SXRPSUSDT', 'SETHSUSDT', 'SBTCSUSDT']
2026-09-11 15:12:25  demo equity=2923.77 SUSDT | open=3 ['SXRPSUSDT', 'SETHSUSDT', 'SBTCSUSDT']
2026-09-11 15:14:27  demo equity=2924.30 SUSDT | open=3 ['SXRPSUSDT', 'SETHSUSDT', 'SBTCSUSDT']
2026-09-11 15:15:44  Bitget DEMO | risk 0.5% | max 3 | 5x isolated
2026-09-11 15:15:44     SBTC/SUSDT:SUSDT     <- rsi_mom(7, 40, 60)+er30 @ 1h
2026-09-11 15:15:44     SETH/SUSDT:SUSDT     <- roc_mom(20, 1.0)+er30 @ 15m
2026-09-11 15:15:44     SXRP/SUSDT:SUSDT     <- bb_break(30, 1.5)+er30 @ 15m
2026-09-11 15:15:45  demo equity: 2925.52 SUSDT | positions: 3
2026-09-11 15:15:46  demo equity=2925.54 SUSDT | open=3 ['SXRPSUSDT', 'SETHSUSDT', 'SBTCSUSDT']
2026-09-11 15:15:46  [demo_rsi_mom_1h] holding long uPnL=-2.073510000001
2026-09-11 15:15:46  [demo_roc_mom_15m] holding long uPnL=-6.76533
2026-09-11 15:15:46  [demo_bb_break_15m] holding long uPnL=-2.936
2026-09-11 15:15:46  ---- demo standings ----
2026-09-11 15:15:46     demo_rsi_mom_1h        ACTIVE  trades=  0 meanR=+0.000  (1h)
2026-09-11 15:15:46     demo_roc_mom_15m       ACTIVE  trades=  0 meanR=+0.000  (15m)
2026-09-11 15:15:46     demo_bb_break_15m      ACTIVE  trades=  0 meanR=+0.000  (15m)
2026-09-11 15:16:09  Bitget DEMO | risk 0.5% | max 3 | 5x isolated
2026-09-11 15:16:09     SBTC/SUSDT:SUSDT     <- rsi_mom(7, 40, 60)+er30 @ 1h
2026-09-11 15:16:09     SETH/SUSDT:SUSDT     <- roc_mom(20, 1.0)+er30 @ 15m
2026-09-11 15:16:09     SXRP/SUSDT:SUSDT     <- bb_break(30, 1.5)+er30 @ 15m
2026-09-11 15:16:09  demo equity: 2925.28 SUSDT | positions: 3
2026-09-11 15:16:10  demo equity=2925.31 SUSDT | open=3 ['SXRPSUSDT', 'SETHSUSDT', 'SBTCSUSDT']
2026-09-11 15:16:10  [demo_rsi_mom_1h] holding long uPnL=-2.009130000001
2026-09-11 15:16:10  [demo_roc_mom_15m] holding long uPnL=-6.68565
2026-09-11 15:16:10  [demo_bb_break_15m] holding long uPnL=-3.303
2026-09-11 15:17:11  demo equity=2925.68 SUSDT | open=3 ['SXRPSUSDT', 'SETHSUSDT', 'SBTCSUSDT']
2026-09-11 15:18:13  demo equity=2926.01 SUSDT | open=3 ['SXRPSUSDT', 'SETHSUSDT', 'SBTCSUSDT']
2026-09-11 15:19:14  demo equity=2927.26 SUSDT | open=3 ['SXRPSUSDT', 'SETHSUSDT', 'SBTCSUSDT']
2026-09-11 15:20:16  demo equity=2929.22 SUSDT | open=3 ['SXRPSUSDT', 'SETHSUSDT', 'SBTCSUSDT']
2026-09-11 15:21:17  demo equity=2929.54 SUSDT | open=3 ['SXRPSUSDT', 'SETHSUSDT', 'SBTCSUSDT']
2026-09-11 15:22:18  demo equity=2929.52 SUSDT | open=3 ['SXRPSUSDT', 'SETHSUSDT', 'SBTCSUSDT']
2026-09-11 15:23:20  demo equity=2928.01 SUSDT | open=3 ['SXRPSUSDT', 'SETHSUSDT', 'SBTCSUSDT']
2026-09-11 15:24:22  demo equity=2930.97 SUSDT | open=3 ['SXRPSUSDT', 'SETHSUSDT', 'SBTCSUSDT']
2026-09-11 15:25:23  demo equity=2929.62 SUSDT | open=3 ['SXRPSUSDT', 'SETHSUSDT', 'SBTCSUSDT']
2026-09-11 15:26:25  demo equity=2930.20 SUSDT | open=3 ['SXRPSUSDT', 'SETHSUSDT', 'SBTCSUSDT']
2026-09-11 15:27:26  demo equity=2931.08 SUSDT | open=3 ['SXRPSUSDT', 'SETHSUSDT', 'SBTCSUSDT']
2026-09-11 15:28:27  demo equity=2932.15 SUSDT | open=3 ['SXRPSUSDT', 'SETHSUSDT', 'SBTCSUSDT']
2026-09-11 15:29:29  demo equity=2931.59 SUSDT | open=3 ['SXRPSUSDT', 'SETHSUSDT', 'SBTCSUSDT']
2026-09-11 15:30:30  demo equity=2929.60 SUSDT | open=3 ['SXRPSUSDT', 'SETHSUSDT', 'SBTCSUSDT']
2026-09-11 15:30:31  [demo_roc_mom_15m] holding long uPnL=-6.49143
2026-09-11 15:30:31  [demo_bb_break_15m] holding long uPnL=0
2026-09-11 15:31:59  Bitget DEMO | risk 0.5% | max 3 | 5x isolated
2026-09-11 15:31:59     SBTC/SUSDT:SUSDT     <- rsi_mom(7, 40, 60)+er30 @ 1h
2026-09-11 15:31:59     SETH/SUSDT:SUSDT     <- roc_mom(20, 1.0)+er30 @ 15m
2026-09-11 15:31:59     SXRP/SUSDT:SUSDT     <- bb_break(30, 1.5)+er30 @ 15m
2026-09-11 15:32:00  demo equity: 2931.41 SUSDT | positions: 3
2026-09-11 15:32:17  Bitget DEMO | risk 0.5% | max 3 | 5x isolated
2026-09-11 15:32:17     SBTC/SUSDT:SUSDT     <- rsi_mom(7, 40, 60)+er30 @ 1h
2026-09-11 15:32:17     SETH/SUSDT:SUSDT     <- roc_mom(20, 1.0)+er30 @ 15m
2026-09-11 15:32:17     SXRP/SUSDT:SUSDT     <- bb_break(30, 1.5)+er30 @ 15m
2026-09-11 15:32:17  demo equity: 2931.32 SUSDT | positions: 3
2026-09-11 15:32:18  demo equity=2931.32 SUSDT | open=3 ['SXRPSUSDT', 'SETHSUSDT', 'SBTCSUSDT']
2026-09-11 15:33:20  demo equity=2933.12 SUSDT | open=3 ['SXRPSUSDT', 'SETHSUSDT', 'SBTCSUSDT']
2026-09-11 15:34:21  demo equity=2932.86 SUSDT | open=3 ['SXRPSUSDT', 'SETHSUSDT', 'SBTCSUSDT']
2026-09-11 15:35:23  demo equity=2934.27 SUSDT | open=3 ['SXRPSUSDT', 'SETHSUSDT', 'SBTCSUSDT']
2026-09-11 15:36:24  demo equity=2932.35 SUSDT | open=3 ['SXRPSUSDT', 'SETHSUSDT', 'SBTCSUSDT']
2026-09-11 15:37:25  demo equity=2931.36 SUSDT | open=3 ['SXRPSUSDT', 'SETHSUSDT', 'SBTCSUSDT']
2026-09-11 15:38:27  demo equity=2931.48 SUSDT | open=3 ['SXRPSUSDT', 'SETHSUSDT', 'SBTCSUSDT']
2026-09-11 15:39:28  demo equity=2933.56 SUSDT | open=3 ['SXRPSUSDT', 'SETHSUSDT', 'SBTCSUSDT']
2026-09-11 15:40:30  demo equity=2934.82 SUSDT | open=3 ['SXRPSUSDT', 'SETHSUSDT', 'SBTCSUSDT']
2026-09-11 15:41:31  demo equity=2932.94 SUSDT | open=3 ['SXRPSUSDT', 'SETHSUSDT', 'SBTCSUSDT']
2026-09-11 15:42:32  demo equity=2932.66 SUSDT | open=3 ['SXRPSUSDT', 'SETHSUSDT', 'SBTCSUSDT']
2026-09-11 15:43:34  demo equity=2932.62 SUSDT | open=3 ['SXRPSUSDT', 'SETHSUSDT', 'SBTCSUSDT']
2026-09-11 15:44:35  demo equity=2930.26 SUSDT | open=3 ['SXRPSUSDT', 'SETHSUSDT', 'SBTCSUSDT']
2026-09-11 15:45:37  demo equity=2930.13 SUSDT | open=3 ['SXRPSUSDT', 'SETHSUSDT', 'SBTCSUSDT']
2026-09-11 15:45:37  [demo_roc_mom_15m] holding long uPnL=-6.6732
2026-09-11 15:45:38  [demo_bb_break_15m] holding long uPnL=1.101
2026-09-11 15:46:38  demo equity=2930.73 SUSDT | open=3 ['SXRPSUSDT', 'SETHSUSDT', 'SBTCSUSDT']
2026-09-11 15:47:40  demo equity=2930.42 SUSDT | open=3 ['SXRPSUSDT', 'SETHSUSDT', 'SBTCSUSDT']
2026-09-11 15:48:41  demo equity=2928.41 SUSDT | open=3 ['SXRPSUSDT', 'SETHSUSDT', 'SBTCSUSDT']
2026-09-11 15:49:43  demo equity=2928.52 SUSDT | open=3 ['SXRPSUSDT', 'SETHSUSDT', 'SBTCSUSDT']
2026-09-11 15:50:44  demo equity=2926.50 SUSDT | open=3 ['SXRPSUSDT', 'SETHSUSDT', 'SBTCSUSDT']
2026-09-11 15:51:46  demo equity=2919.45 SUSDT | open=3 ['SXRPSUSDT', 'SETHSUSDT', 'SBTCSUSDT']
2026-09-11 15:51:46  ---- demo standings ----
2026-09-11 15:51:46     demo_rsi_mom_1h        ACTIVE  trades=  0 meanR=+0.000 net= +0.00% dd= 0.00% streak=0  (1h)
2026-09-11 15:51:46     demo_roc_mom_15m       ACTIVE  trades=  0 meanR=+0.000 net= +0.00% dd= 0.00% streak=0  (15m)
2026-09-11 15:51:46     demo_bb_break_15m      ACTIVE  trades=  0 meanR=+0.000 net= +0.00% dd= 0.00% streak=0  (15m)
2026-09-11 15:52:47  demo equity=2914.11 SUSDT | open=3 ['SXRPSUSDT', 'SETHSUSDT', 'SBTCSUSDT']
2026-09-11 15:53:49  demo equity=2908.57 SUSDT | open=3 ['SXRPSUSDT', 'SETHSUSDT', 'SBTCSUSDT']
2026-09-11 15:54:50  demo equity=2894.72 SUSDT | open=1 ['SXRPSUSDT']
2026-09-11 15:55:52  demo equity=2894.72 SUSDT | open=1 ['SXRPSUSDT']
2026-09-11 15:56:53  demo equity=2896.56 SUSDT | open=1 ['SXRPSUSDT']
2026-09-11 15:57:54  demo equity=2896.56 SUSDT | open=1 ['SXRPSUSDT']
2026-09-11 15:58:56  demo equity=2896.56 SUSDT | open=1 ['SXRPSUSDT']
2026-09-11 15:59:57  demo equity=2896.19 SUSDT | open=1 ['SXRPSUSDT']
2026-09-11 16:00:59  demo equity=2897.97 SUSDT | open=1 ['SXRPSUSDT']
2026-09-11 16:00:59  [demo_rsi_mom_1h] 1h flat; HOLD
2026-09-11 16:00:59  [demo_roc_mom_15m] 15m SIGNAL BUY -> buy 0.28 @~2558.0100 sl=2506.3900 tp=2635.4400 risk=14.49
2026-09-11 16:01:00  [demo_roc_mom_15m] ORDER OK id=1482336405923987459
2026-09-11 16:01:00  [demo_bb_break_15m] holding long uPnL=-6.239
2026-09-11 16:02:01  demo equity=2899.09 SUSDT | open=2 ['SXRPSUSDT', 'SETHSUSDT']
2026-09-11 16:03:03  demo equity=2897.89 SUSDT | open=2 ['SXRPSUSDT', 'SETHSUSDT']
2026-09-11 16:04:05  demo equity=2895.89 SUSDT | open=2 ['SXRPSUSDT', 'SETHSUSDT']
2026-09-11 16:05:07  demo equity=2897.67 SUSDT | open=2 ['SXRPSUSDT', 'SETHSUSDT']
2026-09-11 16:06:10  demo equity=2900.02 SUSDT | open=2 ['SXRPSUSDT', 'SETHSUSDT']
2026-09-11 16:07:12  demo equity=2901.15 SUSDT | open=2 ['SXRPSUSDT', 'SETHSUSDT']
2026-09-11 16:08:14  demo equity=2897.77 SUSDT | open=2 ['SXRPSUSDT', 'SETHSUSDT']
2026-09-11 16:09:16  demo equity=2899.05 SUSDT | open=2 ['SXRPSUSDT', 'SETHSUSDT']
2026-09-11 16:10:19  demo equity=2900.05 SUSDT | open=2 ['SXRPSUSDT', 'SETHSUSDT']
2026-09-11 16:11:21  demo equity=2896.81 SUSDT | open=2 ['SXRPSUSDT', 'SETHSUSDT']
2026-09-11 16:12:23  demo equity=2895.27 SUSDT | open=2 ['SXRPSUSDT', 'SETHSUSDT']
2026-09-11 16:12:24  ---- demo standings ----
2026-09-11 16:12:24     demo_rsi_mom_1h        ACTIVE  trades=  0 meanR=+0.000 net= +0.00% dd= 0.00% streak=0  (1h)
2026-09-11 16:12:24     demo_roc_mom_15m       ACTIVE  trades=  0 meanR=+0.000 net= +0.00% dd= 0.00% streak=0  (15m)
2026-09-11 16:12:24     demo_bb_break_15m      ACTIVE  trades=  0 meanR=+0.000 net= +0.00% dd= 0.00% streak=0  (15m)
2026-09-11 16:13:25  demo equity=2895.23 SUSDT | open=2 ['SXRPSUSDT', 'SETHSUSDT']
2026-09-11 16:14:27  demo equity=2894.98 SUSDT | open=2 ['SXRPSUSDT', 'SETHSUSDT']
2026-09-11 16:15:29  demo equity=2893.92 SUSDT | open=2 ['SXRPSUSDT', 'SETHSUSDT']
2026-09-11 16:15:30  [demo_roc_mom_15m] holding long uPnL=-2.52
2026-09-11 16:15:31  [demo_bb_break_15m] holding long uPnL=-7.34
2026-09-11 16:16:31  demo equity=2894.26 SUSDT | open=2 ['SXRPSUSDT', 'SETHSUSDT']
2026-09-11 16:17:34  demo equity=2893.36 SUSDT | open=2 ['SXRPSUSDT', 'SETHSUSDT']
2026-09-11 16:18:36  demo equity=2889.30 SUSDT | open=2 ['SXRPSUSDT', 'SETHSUSDT']
2026-09-11 16:19:38  demo equity=2892.16 SUSDT | open=2 ['SXRPSUSDT', 'SETHSUSDT']
2026-09-11 16:20:40  demo equity=2889.17 SUSDT | open=2 ['SXRPSUSDT', 'SETHSUSDT']
2026-09-11 16:21:42  demo equity=2887.31 SUSDT | open=2 ['SXRPSUSDT', 'SETHSUSDT']
2026-09-11 16:22:44  demo equity=2890.04 SUSDT | open=2 ['SXRPSUSDT', 'SETHSUSDT']
2026-09-11 16:23:46  demo equity=2888.24 SUSDT | open=2 ['SXRPSUSDT', 'SETHSUSDT']
2026-09-11 16:24:48  demo equity=2889.11 SUSDT | open=2 ['SXRPSUSDT', 'SETHSUSDT']
2026-09-11 16:25:51  demo equity=2893.45 SUSDT | open=2 ['SXRPSUSDT', 'SETHSUSDT']
2026-09-11 16:26:53  demo equity=2893.87 SUSDT | open=2 ['SXRPSUSDT', 'SETHSUSDT']
2026-09-11 16:27:55  demo equity=2894.80 SUSDT | open=2 ['SXRPSUSDT', 'SETHSUSDT']
2026-09-11 16:28:57  demo equity=2895.90 SUSDT | open=2 ['SXRPSUSDT', 'SETHSUSDT']
2026-09-11 16:29:59  demo equity=2894.30 SUSDT | open=2 ['SXRPSUSDT', 'SETHSUSDT']
2026-09-11 16:30:00  [demo_roc_mom_15m] holding long uPnL=-1.722
2026-09-11 16:30:00  [demo_bb_break_15m] holding long uPnL=-7.707
2026-09-11 16:31:01  demo equity=2894.65 SUSDT | open=2 ['SXRPSUSDT', 'SETHSUSDT']
2026-09-11 16:32:03  demo equity=2892.90 SUSDT | open=2 ['SXRPSUSDT', 'SETHSUSDT']
2026-09-11 16:33:06  demo equity=2893.00 SUSDT | open=2 ['SXRPSUSDT', 'SETHSUSDT']
2026-09-11 16:33:07  ---- demo standings ----
2026-09-11 16:33:07     demo_rsi_mom_1h        ACTIVE  trades=  0 meanR=+0.000 net= +0.00% dd= 0.00% streak=0  (1h)
2026-09-11 16:33:07     demo_roc_mom_15m       ACTIVE  trades=  0 meanR=+0.000 net= +0.00% dd= 0.00% streak=0  (15m)
2026-09-11 16:33:07     demo_bb_break_15m      ACTIVE  trades=  0 meanR=+0.000 net= +0.00% dd= 0.00% streak=0  (15m)
2026-09-11 16:34:08  demo equity=2895.93 SUSDT | open=2 ['SXRPSUSDT', 'SETHSUSDT']
2026-09-11 16:35:10  demo equity=2896.48 SUSDT | open=2 ['SXRPSUSDT', 'SETHSUSDT']
2026-09-11 16:36:12  demo equity=2896.32 SUSDT | open=2 ['SXRPSUSDT', 'SETHSUSDT']
2026-09-11 16:37:14  demo equity=2895.02 SUSDT | open=2 ['SXRPSUSDT', 'SETHSUSDT']
2026-09-11 16:38:16  demo equity=2893.83 SUSDT | open=2 ['SXRPSUSDT', 'SETHSUSDT']
2026-09-11 16:39:19  demo equity=2893.14 SUSDT | open=2 ['SXRPSUSDT', 'SETHSUSDT']
2026-09-11 16:40:21  demo equity=2892.27 SUSDT | open=2 ['SXRPSUSDT', 'SETHSUSDT']
2026-09-11 16:41:23  demo equity=2893.63 SUSDT | open=2 ['SXRPSUSDT', 'SETHSUSDT']
2026-09-11 16:42:25  demo equity=2894.52 SUSDT | open=2 ['SXRPSUSDT', 'SETHSUSDT']
2026-09-11 16:43:27  demo equity=2894.88 SUSDT | open=2 ['SXRPSUSDT', 'SETHSUSDT']
2026-09-11 16:44:29  demo equity=2895.19 SUSDT | open=2 ['SXRPSUSDT', 'SETHSUSDT']
2026-09-11 16:45:31  demo equity=2896.74 SUSDT | open=2 ['SXRPSUSDT', 'SETHSUSDT']
2026-09-11 16:45:32  [demo_roc_mom_15m] holding long uPnL=0.6636
2026-09-11 16:45:33  [demo_bb_break_15m] holding long uPnL=-7.707
2026-09-11 16:46:33  demo equity=2897.77 SUSDT | open=2 ['SXRPSUSDT', 'SETHSUSDT']
2026-09-11 16:47:36  demo equity=2898.68 SUSDT | open=2 ['SXRPSUSDT', 'SETHSUSDT']
2026-09-11 16:48:38  demo equity=2899.49 SUSDT | open=2 ['SXRPSUSDT', 'SETHSUSDT']
2026-09-11 16:49:40  demo equity=2899.22 SUSDT | open=2 ['SXRPSUSDT', 'SETHSUSDT']
2026-09-11 16:50:42  demo equity=2898.24 SUSDT | open=2 ['SXRPSUSDT', 'SETHSUSDT']
2026-09-11 16:51:44  demo equity=2900.04 SUSDT | open=2 ['SXRPSUSDT', 'SETHSUSDT']
2026-09-11 16:52:46  demo equity=2898.27 SUSDT | open=2 ['SXRPSUSDT', 'SETHSUSDT']
2026-09-11 16:53:48  demo equity=2899.44 SUSDT | open=2 ['SXRPSUSDT', 'SETHSUSDT']
2026-09-11 16:53:50  ---- demo standings ----
2026-09-11 16:53:50     demo_rsi_mom_1h        ACTIVE  trades=  0 meanR=+0.000 net= +0.00% dd= 0.00% streak=0  (1h)
2026-09-11 16:53:50     demo_roc_mom_15m       ACTIVE  trades=  0 meanR=+0.000 net= +0.00% dd= 0.00% streak=0  (15m)
2026-09-11 16:53:50     demo_bb_break_15m      ACTIVE  trades=  0 meanR=+0.000 net= +0.00% dd= 0.00% streak=0  (15m)
2026-09-11 16:54:50  demo equity=2899.24 SUSDT | open=2 ['SXRPSUSDT', 'SETHSUSDT']
2026-09-11 16:55:52  demo equity=2900.14 SUSDT | open=2 ['SXRPSUSDT', 'SETHSUSDT']
2026-09-11 16:56:55  demo equity=2898.93 SUSDT | open=2 ['SXRPSUSDT', 'SETHSUSDT']
2026-09-11 16:57:57  demo equity=2898.66 SUSDT | open=2 ['SXRPSUSDT', 'SETHSUSDT']
2026-09-11 16:58:59  demo equity=2899.39 SUSDT | open=2 ['SXRPSUSDT', 'SETHSUSDT']
2026-09-11 17:00:01  demo equity=2898.42 SUSDT | open=2 ['SXRPSUSDT', 'SETHSUSDT']
2026-09-11 17:00:02  [demo_rsi_mom_1h] 1h flat; HOLD
2026-09-11 17:00:02  [demo_roc_mom_15m] holding long uPnL=1.9796
2026-09-11 17:00:03  [demo_bb_break_15m] holding long uPnL=-7.34
2026-09-11 17:01:03  demo equity=2898.67 SUSDT | open=2 ['SXRPSUSDT', 'SETHSUSDT']
2026-09-11 17:02:06  demo equity=2899.58 SUSDT | open=2 ['SXRPSUSDT', 'SETHSUSDT']
2026-09-11 17:03:09  demo equity=2899.26 SUSDT | open=2 ['SXRPSUSDT', 'SETHSUSDT']
2026-09-11 17:04:11  demo equity=2898.31 SUSDT | open=2 ['SXRPSUSDT', 'SETHSUSDT']
2026-09-11 17:05:13  demo equity=2898.96 SUSDT | open=2 ['SXRPSUSDT', 'SETHSUSDT']
2026-09-11 17:06:15  demo equity=2897.86 SUSDT | open=2 ['SXRPSUSDT', 'SETHSUSDT']
2026-09-11 17:07:17  demo equity=2898.46 SUSDT | open=2 ['SXRPSUSDT', 'SETHSUSDT']
2026-09-11 17:08:19  demo equity=2898.81 SUSDT | open=2 ['SXRPSUSDT', 'SETHSUSDT']
2026-09-11 17:09:22  demo equity=2896.27 SUSDT | open=2 ['SXRPSUSDT', 'SETHSUSDT']
2026-09-11 17:10:24  demo equity=2895.30 SUSDT | open=2 ['SXRPSUSDT', 'SETHSUSDT']
2026-09-11 17:11:26  demo equity=2894.45 SUSDT | open=2 ['SXRPSUSDT', 'SETHSUSDT']
2026-09-11 17:12:28  demo equity=2895.25 SUSDT | open=2 ['SXRPSUSDT', 'SETHSUSDT']
2026-09-11 17:13:30  demo equity=2895.20 SUSDT | open=2 ['SXRPSUSDT', 'SETHSUSDT']
2026-09-11 17:14:32  demo equity=2893.90 SUSDT | open=2 ['SXRPSUSDT', 'SETHSUSDT']
2026-09-11 17:14:33  ---- demo standings ----
2026-09-11 17:14:33     demo_rsi_mom_1h        ACTIVE  trades=  0 meanR=+0.000 net= +0.00% dd= 0.00% streak=0  (1h)
2026-09-11 17:14:33     demo_roc_mom_15m       ACTIVE  trades=  0 meanR=+0.000 net= +0.00% dd= 0.00% streak=0  (15m)
2026-09-11 17:14:33     demo_bb_break_15m      ACTIVE  trades=  0 meanR=+0.000 net= +0.00% dd= 0.00% streak=0  (15m)
2026-09-11 17:15:34  demo equity=2894.56 SUSDT | open=2 ['SXRPSUSDT', 'SETHSUSDT']
2026-09-11 17:15:35  [demo_roc_mom_15m] holding long uPnL=0.6916
2026-09-11 17:15:35  [demo_bb_break_15m] holding long uPnL=-9.909
2026-09-11 17:16:36  demo equity=2895.61 SUSDT | open=2 ['SXRPSUSDT', 'SETHSUSDT']
2026-09-11 17:17:38  demo equity=2896.40 SUSDT | open=2 ['SXRPSUSDT', 'SETHSUSDT']
2026-09-11 17:18:40  demo equity=2895.60 SUSDT | open=2 ['SXRPSUSDT', 'SETHSUSDT']
2026-09-11 17:19:42  demo equity=2896.87 SUSDT | open=2 ['SXRPSUSDT', 'SETHSUSDT']
2026-09-11 17:20:45  demo equity=2896.69 SUSDT | open=2 ['SXRPSUSDT', 'SETHSUSDT']
2026-09-11 17:21:47  demo equity=2894.98 SUSDT | open=2 ['SXRPSUSDT', 'SETHSUSDT']
2026-09-11 17:22:50  demo equity=2894.12 SUSDT | open=2 ['SXRPSUSDT', 'SETHSUSDT']
2026-09-11 17:23:52  demo equity=2896.42 SUSDT | open=2 ['SXRPSUSDT', 'SETHSUSDT']
2026-09-11 17:24:54  demo equity=2896.20 SUSDT | open=2 ['SXRPSUSDT', 'SETHSUSDT']
2026-09-11 17:25:56  demo equity=2897.09 SUSDT | open=2 ['SXRPSUSDT', 'SETHSUSDT']
2026-09-11 17:26:58  demo equity=2898.03 SUSDT | open=2 ['SXRPSUSDT', 'SETHSUSDT']
2026-09-11 17:28:00  demo equity=2897.92 SUSDT | open=2 ['SXRPSUSDT', 'SETHSUSDT']
2026-09-11 17:29:02  demo equity=2897.52 SUSDT | open=2 ['SXRPSUSDT', 'SETHSUSDT']
2026-09-11 17:30:04  demo equity=2896.94 SUSDT | open=2 ['SXRPSUSDT', 'SETHSUSDT']
2026-09-11 17:30:05  [demo_roc_mom_15m] holding long uPnL=1.4672
2026-09-11 17:30:05  [demo_bb_break_15m] holding long uPnL=-8.441
2026-09-11 17:31:06  demo equity=2897.71 SUSDT | open=2 ['SXRPSUSDT', 'SETHSUSDT']
2026-09-11 17:32:08  demo equity=2898.25 SUSDT | open=2 ['SXRPSUSDT', 'SETHSUSDT']
2026-09-11 17:33:10  demo equity=2897.26 SUSDT | open=2 ['SXRPSUSDT', 'SETHSUSDT']
2026-09-11 17:34:12  demo equity=2897.55 SUSDT | open=2 ['SXRPSUSDT', 'SETHSUSDT']
2026-09-11 17:35:14  demo equity=2897.65 SUSDT | open=2 ['SXRPSUSDT', 'SETHSUSDT']
2026-09-11 17:35:16  ---- demo standings ----
2026-09-11 17:35:16     demo_rsi_mom_1h        ACTIVE  trades=  0 meanR=+0.000 net= +0.00% dd= 0.00% streak=0  (1h)
2026-09-11 17:35:16     demo_roc_mom_15m       ACTIVE  trades=  0 meanR=+0.000 net= +0.00% dd= 0.00% streak=0  (15m)
2026-09-11 17:35:16     demo_bb_break_15m      ACTIVE  trades=  0 meanR=+0.000 net= +0.00% dd= 0.00% streak=0  (15m)
2026-09-11 17:36:16  demo equity=2895.46 SUSDT | open=2 ['SXRPSUSDT', 'SETHSUSDT']
2026-09-11 17:37:18  demo equity=2894.86 SUSDT | open=2 ['SXRPSUSDT', 'SETHSUSDT']
2026-09-11 17:38:21  demo equity=2894.08 SUSDT | open=2 ['SXRPSUSDT', 'SETHSUSDT']
2026-09-11 17:39:23  demo equity=2892.85 SUSDT | open=2 ['SXRPSUSDT', 'SETHSUSDT']
2026-09-11 17:40:25  demo equity=2893.24 SUSDT | open=2 ['SXRPSUSDT', 'SETHSUSDT']
2026-09-11 17:41:27  demo equity=2892.49 SUSDT | open=2 ['SXRPSUSDT', 'SETHSUSDT']
2026-09-11 17:42:29  demo equity=2892.26 SUSDT | open=2 ['SXRPSUSDT', 'SETHSUSDT']
2026-09-11 17:43:31  demo equity=2894.02 SUSDT | open=2 ['SXRPSUSDT', 'SETHSUSDT']
2026-09-11 17:44:33  demo equity=2894.15 SUSDT | open=2 ['SXRPSUSDT', 'SETHSUSDT']
2026-09-11 17:45:35  demo equity=2893.97 SUSDT | open=2 ['SXRPSUSDT', 'SETHSUSDT']
2026-09-11 17:45:36  [demo_roc_mom_15m] holding long uPnL=-0.2688
2026-09-11 17:45:37  [demo_bb_break_15m] holding long uPnL=-9.542
2026-09-11 17:46:38  demo equity=2893.45 SUSDT | open=2 ['SXRPSUSDT', 'SETHSUSDT']
2026-09-11 17:47:40  demo equity=2894.37 SUSDT | open=2 ['SXRPSUSDT', 'SETHSUSDT']
2026-09-11 17:48:42  demo equity=2895.05 SUSDT | open=2 ['SXRPSUSDT', 'SETHSUSDT']
2026-09-11 17:49:44  demo equity=2895.10 SUSDT | open=2 ['SXRPSUSDT', 'SETHSUSDT']
2026-09-11 17:50:46  demo equity=2893.85 SUSDT | open=2 ['SXRPSUSDT', 'SETHSUSDT']
2026-09-11 17:51:48  demo equity=2893.45 SUSDT | open=2 ['SXRPSUSDT', 'SETHSUSDT']
2026-09-11 17:52:50  demo equity=2893.39 SUSDT | open=2 ['SXRPSUSDT', 'SETHSUSDT']
2026-09-11 17:53:52  demo equity=2892.42 SUSDT | open=2 ['SXRPSUSDT', 'SETHSUSDT']
2026-09-11 17:54:55  demo equity=2891.47 SUSDT | open=2 ['SXRPSUSDT', 'SETHSUSDT']
2026-09-11 17:55:57  demo equity=2891.90 SUSDT | open=2 ['SXRPSUSDT', 'SETHSUSDT']
2026-09-11 17:55:58  ---- demo standings ----
2026-09-11 17:55:58     demo_rsi_mom_1h        ACTIVE  trades=  0 meanR=+0.000 net= +0.00% dd= 0.00% streak=0  (1h)
2026-09-11 17:55:58     demo_roc_mom_15m       ACTIVE  trades=  0 meanR=+0.000 net= +0.00% dd= 0.00% streak=0  (15m)
2026-09-11 17:55:58     demo_bb_break_15m      ACTIVE  trades=  0 meanR=+0.000 net= +0.00% dd= 0.00% streak=0  (15m)
2026-09-11 17:56:59  demo equity=2893.04 SUSDT | open=2 ['SXRPSUSDT', 'SETHSUSDT']
2026-09-11 17:58:01  demo equity=2893.20 SUSDT | open=2 ['SXRPSUSDT', 'SETHSUSDT']
2026-09-11 17:59:03  demo equity=2892.56 SUSDT | open=2 ['SXRPSUSDT', 'SETHSUSDT']
2026-09-11 18:00:05  demo equity=2892.47 SUSDT | open=2 ['SXRPSUSDT', 'SETHSUSDT']
2026-09-11 18:00:06  [demo_rsi_mom_1h] 1h flat; HOLD
2026-09-11 18:00:06  [demo_roc_mom_15m] holding long uPnL=-1.036
2026-09-11 18:00:07  [demo_bb_break_15m] holding long uPnL=-10.276
2026-09-11 18:01:08  demo equity=2890.05 SUSDT | open=2 ['SXRPSUSDT', 'SETHSUSDT']
2026-09-11 18:02:10  demo equity=2889.43 SUSDT | open=2 ['SXRPSUSDT', 'SETHSUSDT']
2026-09-11 18:03:13  demo equity=2886.60 SUSDT | open=2 ['SXRPSUSDT', 'SETHSUSDT']
2026-09-11 18:04:15  demo equity=2884.00 SUSDT | open=2 ['SXRPSUSDT', 'SETHSUSDT']
2026-09-11 18:05:17  demo equity=2880.22 SUSDT | open=1 ['SETHSUSDT']
2026-09-11 18:06:19  demo equity=2877.10 SUSDT | open=1 ['SETHSUSDT']
2026-09-11 18:07:21  demo equity=2880.03 SUSDT | open=1 ['SETHSUSDT']
2026-09-11 18:08:24  demo equity=2880.40 SUSDT | open=1 ['SETHSUSDT']
2026-09-11 18:09:26  demo equity=2880.16 SUSDT | open=1 ['SETHSUSDT']
2026-09-11 18:10:28  demo equity=2877.67 SUSDT | open=1 ['SETHSUSDT']
2026-09-11 18:11:30  demo equity=2878.85 SUSDT | open=1 ['SETHSUSDT']
2026-09-11 18:12:32  demo equity=2879.23 SUSDT | open=1 ['SETHSUSDT']
2026-09-11 18:13:34  demo equity=2879.19 SUSDT | open=1 ['SETHSUSDT']
2026-09-11 18:14:36  demo equity=2877.79 SUSDT | open=1 ['SETHSUSDT']
2026-09-11 18:15:38  demo equity=2878.10 SUSDT | open=1 ['SETHSUSDT']
2026-09-11 18:15:39  [demo_roc_mom_15m] holding long uPnL=-9.17
2026-09-11 18:15:40  [demo_bb_break_15m] 15m flat; HOLD
2026-09-11 18:16:40  demo equity=2878.73 SUSDT | open=1 ['SETHSUSDT']
2026-09-11 18:16:42  ---- demo standings ----
2026-09-11 18:16:42     demo_rsi_mom_1h        ACTIVE  trades=  0 meanR=+0.000 net= +0.00% dd= 0.00% streak=0  (1h)
2026-09-11 18:16:42     demo_roc_mom_15m       ACTIVE  trades=  0 meanR=+0.000 net= +0.00% dd= 0.00% streak=0  (15m)
2026-09-11 18:16:42     demo_bb_break_15m      ACTIVE  trades=  0 meanR=+0.000 net= +0.00% dd= 0.00% streak=0  (15m)
2026-09-11 18:17:43  demo equity=2880.10 SUSDT | open=1 ['SETHSUSDT']
2026-09-11 18:18:45  demo equity=2880.71 SUSDT | open=1 ['SETHSUSDT']
2026-09-11 18:19:47  demo equity=2880.83 SUSDT | open=1 ['SETHSUSDT']
2026-09-11 18:20:49  demo equity=2880.89 SUSDT | open=1 ['SETHSUSDT']
2026-09-11 18:21:51  demo equity=2880.50 SUSDT | open=1 ['SETHSUSDT']
2026-09-11 18:22:52  demo equity=2880.54 SUSDT | open=1 ['SETHSUSDT']
2026-09-11 18:23:54  demo equity=2880.12 SUSDT | open=1 ['SETHSUSDT']
2026-09-11 18:24:55  demo equity=2879.98 SUSDT | open=1 ['SETHSUSDT']
2026-09-11 18:25:56  demo equity=2879.40 SUSDT | open=1 ['SETHSUSDT']
2026-09-11 18:26:58  demo equity=2879.41 SUSDT | open=1 ['SETHSUSDT']
2026-09-11 18:27:59  demo equity=2878.53 SUSDT | open=1 ['SETHSUSDT']
2026-09-11 18:29:00  demo equity=2879.51 SUSDT | open=1 ['SETHSUSDT']
2026-09-11 18:30:02  demo equity=2879.98 SUSDT | open=1 ['SETHSUSDT']
2026-09-11 18:30:02  [demo_roc_mom_15m] holding long uPnL=-7.3332
2026-09-11 18:30:02  [demo_bb_break_15m] 15m flat; HOLD
2026-09-11 18:31:03  demo equity=2879.51 SUSDT | open=1 ['SETHSUSDT']
2026-09-11 18:32:05  demo equity=2879.30 SUSDT | open=1 ['SETHSUSDT']
2026-09-11 18:33:06  demo equity=2879.23 SUSDT | open=1 ['SETHSUSDT']
2026-09-11 18:34:07  demo equity=2879.78 SUSDT | open=1 ['SETHSUSDT']
2026-09-11 18:35:09  demo equity=2880.29 SUSDT | open=1 ['SETHSUSDT']
2026-09-11 18:36:10  demo equity=2879.73 SUSDT | open=1 ['SETHSUSDT']
2026-09-11 18:37:11  demo equity=2880.14 SUSDT | open=1 ['SETHSUSDT']
2026-09-11 18:37:12  ---- demo standings ----
2026-09-11 18:37:12     demo_rsi_mom_1h        ACTIVE  trades=  0 meanR=+0.000 net= +0.00% dd= 0.00% streak=0  (1h)
2026-09-11 18:37:12     demo_roc_mom_15m       ACTIVE  trades=  0 meanR=+0.000 net= +0.00% dd= 0.00% streak=0  (15m)
2026-09-11 18:37:12     demo_bb_break_15m      ACTIVE  trades=  0 meanR=+0.000 net= +0.00% dd= 0.00% streak=0  (15m)
2026-09-11 18:38:13  demo equity=2879.68 SUSDT | open=1 ['SETHSUSDT']
2026-09-11 18:39:14  demo equity=2880.28 SUSDT | open=1 ['SETHSUSDT']
2026-09-11 18:40:15  demo equity=2880.66 SUSDT | open=1 ['SETHSUSDT']
2026-09-11 18:41:17  demo equity=2879.56 SUSDT | open=1 ['SETHSUSDT']
2026-09-11 18:42:18  demo equity=2879.98 SUSDT | open=1 ['SETHSUSDT']
2026-09-11 18:43:19  demo equity=2879.44 SUSDT | open=1 ['SETHSUSDT']
2026-09-11 18:44:21  demo equity=2878.91 SUSDT | open=1 ['SETHSUSDT']
2026-09-11 18:45:22  demo equity=2881.47 SUSDT | open=1 ['SETHSUSDT']
2026-09-11 18:45:23  [demo_roc_mom_15m] holding long uPnL=-5.8464
2026-09-11 18:45:23  [demo_bb_break_15m] 15m flat; HOLD
2026-09-11 18:46:24  demo equity=2879.96 SUSDT | open=1 ['SETHSUSDT']
2026-09-11 18:47:25  demo equity=2879.78 SUSDT | open=1 ['SETHSUSDT']
2026-09-11 18:48:26  demo equity=2878.45 SUSDT | open=1 ['SETHSUSDT']
2026-09-11 18:49:28  demo equity=2879.00 SUSDT | open=1 ['SETHSUSDT']
2026-09-11 18:50:29  demo equity=2879.00 SUSDT | open=1 ['SETHSUSDT']
2026-09-11 18:51:30  demo equity=2878.37 SUSDT | open=1 ['SETHSUSDT']
2026-09-11 18:52:32  demo equity=2877.96 SUSDT | open=1 ['SETHSUSDT']
2026-09-11 18:53:33  demo equity=2877.81 SUSDT | open=1 ['SETHSUSDT']
2026-09-11 18:54:34  demo equity=2876.73 SUSDT | open=1 ['SETHSUSDT']
2026-09-11 18:55:36  demo equity=2876.61 SUSDT | open=1 ['SETHSUSDT']
2026-09-11 18:56:37  demo equity=2877.15 SUSDT | open=1 ['SETHSUSDT']
2026-09-11 18:57:38  demo equity=2877.65 SUSDT | open=1 ['SETHSUSDT']
2026-09-11 18:57:39  ---- demo standings ----
2026-09-11 18:57:39     demo_rsi_mom_1h        ACTIVE  trades=  0 meanR=+0.000 net= +0.00% dd= 0.00% streak=0  (1h)
2026-09-11 18:57:39     demo_roc_mom_15m       ACTIVE  trades=  0 meanR=+0.000 net= +0.00% dd= 0.00% streak=0  (15m)
2026-09-11 18:57:39     demo_bb_break_15m      ACTIVE  trades=  0 meanR=+0.000 net= +0.00% dd= 0.00% streak=0  (15m)
2026-09-11 18:58:40  demo equity=2877.68 SUSDT | open=1 ['SETHSUSDT']
2026-09-11 18:59:41  demo equity=2877.86 SUSDT | open=1 ['SETHSUSDT']
2026-09-11 19:00:42  demo equity=2877.87 SUSDT | open=1 ['SETHSUSDT']
2026-09-11 19:00:43  [demo_rsi_mom_1h] 1h flat; HOLD
2026-09-11 19:00:43  [demo_roc_mom_15m] holding long uPnL=-9.45
2026-09-11 19:00:43  [demo_bb_break_15m] 15m flat; HOLD
2026-09-11 19:01:44  demo equity=2877.15 SUSDT | open=1 ['SETHSUSDT']
2026-09-11 19:02:45  demo equity=2877.02 SUSDT | open=1 ['SETHSUSDT']
2026-09-11 19:03:47  demo equity=2878.29 SUSDT | open=1 ['SETHSUSDT']
2026-09-11 19:04:48  demo equity=2879.08 SUSDT | open=1 ['SETHSUSDT']
2026-09-11 19:05:49  demo equity=2879.77 SUSDT | open=1 ['SETHSUSDT']
2026-09-11 19:06:51  demo equity=2880.06 SUSDT | open=1 ['SETHSUSDT']
2026-09-11 19:07:52  demo equity=2879.63 SUSDT | open=1 ['SETHSUSDT']
2026-09-11 19:08:53  demo equity=2880.40 SUSDT | open=1 ['SETHSUSDT']
2026-09-11 19:09:55  demo equity=2880.09 SUSDT | open=1 ['SETHSUSDT']
2026-09-11 19:10:56  demo equity=2879.84 SUSDT | open=1 ['SETHSUSDT']
2026-09-11 19:11:57  demo equity=2880.08 SUSDT | open=1 ['SETHSUSDT']
2026-09-11 19:12:59  demo equity=2880.58 SUSDT | open=1 ['SETHSUSDT']
2026-09-11 19:14:00  demo equity=2880.40 SUSDT | open=1 ['SETHSUSDT']
2026-09-11 19:15:01  demo equity=2880.23 SUSDT | open=1 ['SETHSUSDT']
2026-09-11 19:15:02  [demo_roc_mom_15m] holding long uPnL=-7.168
2026-09-11 19:15:02  [demo_bb_break_15m] 15m flat; HOLD
2026-09-11 19:16:03  demo equity=2878.93 SUSDT | open=1 ['SETHSUSDT']
2026-09-11 19:17:04  demo equity=2878.69 SUSDT | open=1 ['SETHSUSDT']
2026-09-11 19:18:05  demo equity=2879.26 SUSDT | open=1 ['SETHSUSDT']
2026-09-11 19:18:06  ---- demo standings ----
2026-09-11 19:18:06     demo_rsi_mom_1h        ACTIVE  trades=  0 meanR=+0.000 net= +0.00% dd= 0.00% streak=0  (1h)
2026-09-11 19:18:06     demo_roc_mom_15m       ACTIVE  trades=  0 meanR=+0.000 net= +0.00% dd= 0.00% streak=0  (15m)
2026-09-11 19:18:06     demo_bb_break_15m      ACTIVE  trades=  0 meanR=+0.000 net= +0.00% dd= 0.00% streak=0  (15m)
2026-09-11 19:19:07  demo equity=2879.58 SUSDT | open=1 ['SETHSUSDT']
2026-09-11 19:20:08  demo equity=2878.98 SUSDT | open=1 ['SETHSUSDT']
2026-09-11 19:21:10  demo equity=2879.00 SUSDT | open=1 ['SETHSUSDT']
2026-09-11 19:22:11  demo equity=2879.23 SUSDT | open=1 ['SETHSUSDT']
2026-09-11 19:23:13  demo equity=2879.41 SUSDT | open=1 ['SETHSUSDT']
2026-09-11 19:24:14  demo equity=2879.84 SUSDT | open=1 ['SETHSUSDT']
2026-09-11 19:25:15  demo equity=2880.74 SUSDT | open=1 ['SETHSUSDT']
2026-09-11 19:26:17  demo equity=2880.68 SUSDT | open=1 ['SETHSUSDT']
2026-09-11 19:27:18  demo equity=2880.83 SUSDT | open=1 ['SETHSUSDT']
2026-09-11 19:28:19  demo equity=2880.91 SUSDT | open=1 ['SETHSUSDT']
2026-09-11 19:29:21  demo equity=2880.85 SUSDT | open=1 ['SETHSUSDT']
2026-09-11 19:30:22  demo equity=2880.37 SUSDT | open=1 ['SETHSUSDT']
2026-09-11 19:30:23  [demo_roc_mom_15m] holding long uPnL=-6.9328
2026-09-11 19:30:23  [demo_bb_break_15m] 15m flat; HOLD
2026-09-11 19:31:23  demo equity=2880.41 SUSDT | open=1 ['SETHSUSDT']
2026-09-11 19:32:25  demo equity=2880.51 SUSDT | open=1 ['SETHSUSDT']
2026-09-11 19:33:26  demo equity=2880.12 SUSDT | open=1 ['SETHSUSDT']
2026-09-11 19:34:27  demo equity=2880.20 SUSDT | open=1 ['SETHSUSDT']
2026-09-11 19:35:29  demo equity=2880.45 SUSDT | open=1 ['SETHSUSDT']
2026-09-11 19:36:30  demo equity=2880.26 SUSDT | open=1 ['SETHSUSDT']
2026-09-11 19:37:31  demo equity=2880.69 SUSDT | open=1 ['SETHSUSDT']
2026-09-11 19:38:33  demo equity=2879.43 SUSDT | open=1 ['SETHSUSDT']
2026-09-11 19:38:33  ---- demo standings ----
2026-09-11 19:38:33     demo_rsi_mom_1h        ACTIVE  trades=  0 meanR=+0.000 net= +0.00% dd= 0.00% streak=0  (1h)
2026-09-11 19:38:33     demo_roc_mom_15m       ACTIVE  trades=  0 meanR=+0.000 net= +0.00% dd= 0.00% streak=0  (15m)
2026-09-11 19:38:33     demo_bb_break_15m      ACTIVE  trades=  0 meanR=+0.000 net= +0.00% dd= 0.00% streak=0  (15m)
2026-09-11 19:39:34  demo equity=2880.09 SUSDT | open=1 ['SETHSUSDT']
2026-09-11 19:40:35  demo equity=2880.38 SUSDT | open=1 ['SETHSUSDT']
2026-09-11 19:41:37  demo equity=2880.11 SUSDT | open=1 ['SETHSUSDT']
2026-09-11 19:42:38  demo equity=2879.79 SUSDT | open=1 ['SETHSUSDT']
2026-09-11 19:43:39  demo equity=2879.61 SUSDT | open=1 ['SETHSUSDT']
2026-09-11 19:44:41  demo equity=2879.81 SUSDT | open=1 ['SETHSUSDT']
2026-09-11 19:45:42  demo equity=2879.58 SUSDT | open=1 ['SETHSUSDT']
2026-09-11 19:45:42  [demo_roc_mom_15m] holding long uPnL=-7.7392
2026-09-11 19:45:43  [demo_bb_break_15m] 15m flat; HOLD
2026-09-11 19:46:43  demo equity=2878.85 SUSDT | open=1 ['SETHSUSDT']
2026-09-11 19:47:45  demo equity=2878.83 SUSDT | open=1 ['SETHSUSDT']
2026-09-11 19:48:46  demo equity=2879.24 SUSDT | open=1 ['SETHSUSDT']
2026-09-11 19:49:47  demo equity=2879.23 SUSDT | open=1 ['SETHSUSDT']
2026-09-11 19:50:49  demo equity=2879.33 SUSDT | open=1 ['SETHSUSDT']
2026-09-11 19:51:50  demo equity=2879.63 SUSDT | open=1 ['SETHSUSDT']
