PAXG 1h: 52905 bars total
  HOLDOUT (never touched): 31304 bars 2020-08-28 -> 2024-03-25
  previously used:         21601 bars 2024-03-25 -> 2026-09-11
  frozen protocol: grid=28 cfgs, train=8760, step=2160, exits 2.0/3.0 ATR, 10.0bp

========================================================================
VIRGIN HOLDOUT — first and only look
========================================================================
  OOS span      2021-09-03 -> 2024-03-21  (2.54 years)
  gold itself   +19.1% over the same span (buy & hold)
  trades        247  (8.1/month)
  win rate      41.7%
  mean R        -0.1579   profit factor 0.775

   risk%    final    CAGR%   maxDD%    MAR
     0.5    0.82x     -7.6     23.2  -0.33
     1.0    0.66x    -14.9     41.5  -0.36
     2.0    0.42x    -28.6     66.8  -0.43
     3.0    0.26x    -41.1     81.8  -0.50

    year  trades    meanR     sumR   gold that year
    2021      14   -0.076     -1.1      -5.0%
    2022      74   -0.138    -10.2      -0.9%
    2023     139   -0.174    -24.2     +11.3%
    2024      20   -0.176     -3.5      +6.7%

========================================================================
PREVIOUSLY USED WINDOW (for comparison — contaminated)
========================================================================
  OOS span      2025-03-27 -> 2026-09-03  (1.44 years)
  gold itself   +43.9% over the same span (buy & hold)
  trades        189  (11.0/month)
  win rate      55.6%
  mean R        +0.1998   profit factor 1.382

   risk%    final    CAGR%   maxDD%    MAR
     0.5    1.20x     13.7      4.0   3.42
     1.0    1.44x     28.7      7.9   3.63
     2.0    2.01x     62.3     15.4   4.05
     3.0    2.72x    100.6     22.6   4.45

    year  trades    meanR     sumR   gold that year
    2025     122   +0.288    +35.1     +64.7%
    2026      67   +0.040     +2.7      +0.5%

========================================================================
VERDICT
========================================================================
   risk%  holdout CAGR   used CAGR  holdout MAR  used MAR
     1.0        -14.9%       28.7%        -0.36      3.63
     2.0        -28.6%       62.3%        -0.43      4.05
     3.0        -41.1%      100.6%        -0.50      4.45

  Holdout MAR at 1% risk: -0.36
  The 2:1 rule of thumb says a real strategy tops out near MAR 2.
  -> edge does not survive on unseen data
