2026-09-12 13:13:16 | ==============================================================================
2026-09-12 13:13:17 | LEVERAGED LONG TREND on Bitget DEMO
2026-09-12 13:13:17 |   bb_break(30,1.5) 1h | LONG ONLY | trail 8.0xATR | NO take-profit
2026-09-12 13:13:17 |   risk 0.5%/trade | leverage 10x | taker entries
2026-09-12 13:13:17 |   book: SBTC/SUSDT:SUSDT, SETH/SUSDT:SUSDT, SXRP/SUSDT:SUSDT
2026-09-12 13:13:17 |   signals from Binance 1h (tracks demo within 8bp), execution on Bitget
2026-09-12 13:13:17 |   exchange stop at -2xATR as backstop; 8xATR trail managed in-process
2026-09-12 13:13:17 |   *** DRY RUN - no orders will be placed ***
2026-09-12 13:13:17 | [BTCUSDT] flat; no breakout (close 77340.0000)
2026-09-12 13:13:17 | [ETHUSDT] flat; no breakout (close 2535.5400)
2026-09-12 13:13:18 | [XRPUSDT] flat; no breakout (close 1.3703)
2026-09-12 13:15:33 | ==============================================================================
2026-09-12 13:15:33 | LEVERAGED LONG TREND on Bitget DEMO
2026-09-12 13:15:33 |   bb_break(30,1.5) 1h | LONG ONLY | trail 8.0xATR | NO take-profit
2026-09-12 13:15:33 |   risk 0.5%/trade | leverage 10x | taker entries
2026-09-12 13:15:33 |   book: SBTC/SUSDT:SUSDT, SETH/SUSDT:SUSDT, SXRP/SUSDT:SUSDT
2026-09-12 13:15:33 |   signals from Binance 1h (tracks demo within 8bp), execution on Bitget
2026-09-12 13:15:33 |   exchange stop at -2xATR as backstop; 8xATR trail managed in-process
2026-09-12 13:15:39 |   connected. equity 2876.24 SUSDT, 0 open positions
2026-09-12 13:17:58 | ==============================================================================
2026-09-12 13:17:58 | LEVERAGED LONG TREND on Bitget DEMO
2026-09-12 13:17:58 |   bb_break(30,1.5) 1h | LONG ONLY | trail 8.0xATR | NO take-profit
2026-09-12 13:17:58 |   risk 0.5%/trade | leverage 10x | taker entries
2026-09-12 13:17:58 |   book: SBTC/SUSDT:SUSDT, SETH/SUSDT:SUSDT, SXRP/SUSDT:SUSDT
2026-09-12 13:17:58 |   signals from Binance 1h (tracks demo within 8bp), execution on Bitget
2026-09-12 13:17:58 |   exchange stop at -2xATR as backstop; 8xATR trail managed in-process
2026-09-12 13:18:03 |   connected. equity 2876.24 SUSDT, 0 open positions
2026-09-12 13:18:04 | [BTCUSDT] waiting for next 1h bar (last decided 2026-09-12 12:00:00, px 77340.0000)
2026-09-12 13:18:05 | [ETHUSDT] waiting for next 1h bar (last decided 2026-09-12 12:00:00, px 2535.5400)
2026-09-12 13:18:05 | [XRPUSDT] waiting for next 1h bar (last decided 2026-09-12 12:00:00, px 1.3703)
2026-09-12 14:00:11 | [BTCUSDT] flat; no breakout (close 77366.5200)
2026-09-12 14:00:11 | [ETHUSDT] flat; no breakout (close 2544.5800)
2026-09-12 14:00:11 | [XRPUSDT] flat; no breakout (close 1.3682)
2026-09-12 14:01:12 | [BTCUSDT] waiting for next 1h bar (last decided 2026-09-12 13:00:00, px 77366.5200)
2026-09-12 14:01:13 | [ETHUSDT] waiting for next 1h bar (last decided 2026-09-12 13:00:00, px 2544.5800)
2026-09-12 14:01:13 | [XRPUSDT] waiting for next 1h bar (last decided 2026-09-12 13:00:00, px 1.3682)
2026-09-12 15:00:51 | [BTCUSDT] flat; no breakout (close 77461.2400)
2026-09-12 15:00:51 | [ETHUSDT] flat; no breakout (close 2539.8500)
2026-09-12 15:00:51 | [XRPUSDT] flat; no breakout (close 1.3699)
2026-09-12 15:01:52 | [BTCUSDT] waiting for next 1h bar (last decided 2026-09-12 14:00:00, px 77461.2400)
2026-09-12 15:01:53 | [ETHUSDT] waiting for next 1h bar (last decided 2026-09-12 14:00:00, px 2539.8500)
2026-09-12 15:01:53 | [XRPUSDT] waiting for next 1h bar (last decided 2026-09-12 14:00:00, px 1.3699)
2026-09-12 16:00:27 | [BTCUSDT] flat; no breakout (close 77380.3700)
2026-09-12 16:00:27 | [ETHUSDT] flat; no breakout (close 2535.0800)
2026-09-12 16:00:27 | [XRPUSDT] flat; no breakout (close 1.3726)
2026-09-12 16:01:28 | [BTCUSDT] waiting for next 1h bar (last decided 2026-09-12 15:00:00, px 77380.3700)
2026-09-12 16:01:28 | [ETHUSDT] waiting for next 1h bar (last decided 2026-09-12 15:00:00, px 2535.0800)
2026-09-12 16:01:29 | [XRPUSDT] waiting for next 1h bar (last decided 2026-09-12 15:00:00, px 1.3726)
2026-09-12 17:01:00 | [BTCUSDT] flat; no breakout (close 77358.0100)
2026-09-12 17:01:01 | [ETHUSDT] flat; no breakout (close 2531.7800)
2026-09-12 17:01:01 | [XRPUSDT] flat; no breakout (close 1.3699)
2026-09-12 17:02:02 | [BTCUSDT] waiting for next 1h bar (last decided 2026-09-12 16:00:00, px 77358.0100)
2026-09-12 17:02:02 | [ETHUSDT] waiting for next 1h bar (last decided 2026-09-12 16:00:00, px 2531.7800)
2026-09-12 17:02:03 | [XRPUSDT] waiting for next 1h bar (last decided 2026-09-12 16:00:00, px 1.3699)
2026-09-12 17:05:47 | ==============================================================================
2026-09-12 17:05:47 | LEVERAGED LONG TREND on Bitget DEMO
2026-09-12 17:05:47 |   bb_break(30,1.5) 1h | LONG ONLY | trail 12.0xATR | NO take-profit
2026-09-12 17:05:47 |   risk 0.5%/trade | leverage 10x | taker entries
2026-09-12 17:05:47 |   book: SBTC/SUSDT:SUSDT, SETH/SUSDT:SUSDT, SXRP/SUSDT:SUSDT
2026-09-12 17:05:47 |   signals from Binance 1h (tracks demo within 8bp), execution on Bitget
2026-09-12 17:05:47 |   exchange stop at -2xATR as backstop; 8xATR trail managed in-process
2026-09-12 17:05:52 |   connected. equity 2876.24 SUSDT, 0 open positions
2026-09-12 18:00:23 | [BTCUSDT] flat; no breakout (close 77210.5800)
2026-09-12 18:00:23 | [ETHUSDT] flat; no breakout (close 2525.9100)
2026-09-12 18:00:23 | [XRPUSDT] flat; no breakout (close 1.3668)
2026-09-12 18:01:24 | [BTCUSDT] waiting for next 1h bar (last decided 2026-09-12 17:00:00, px 77210.5800)
2026-09-12 18:01:25 | [ETHUSDT] waiting for next 1h bar (last decided 2026-09-12 17:00:00, px 2525.9100)
2026-09-12 18:01:25 | [XRPUSDT] waiting for next 1h bar (last decided 2026-09-12 17:00:00, px 1.3668)
2026-09-12 19:00:12 | [BTCUSDT] flat; no breakout (close 77131.0000)
2026-09-12 19:00:12 | [ETHUSDT] flat; no breakout (close 2522.3800)
2026-09-12 19:00:13 | [XRPUSDT] flat; no breakout (close 1.3634)
2026-09-12 19:01:14 | [BTCUSDT] waiting for next 1h bar (last decided 2026-09-12 18:00:00, px 77131.0000)
2026-09-12 19:01:14 | [ETHUSDT] waiting for next 1h bar (last decided 2026-09-12 18:00:00, px 2522.3800)
2026-09-12 19:01:14 | [XRPUSDT] waiting for next 1h bar (last decided 2026-09-12 18:00:00, px 1.3634)
2026-09-12 19:07:43 | ==============================================================================
2026-09-12 19:07:43 | LEVERAGED LONG TREND on Bitget DEMO (simulated)
2026-09-12 19:07:43 |   bb_break(30,1.5) 1h | LONG ONLY | trail 12.0xATR | NO take-profit
2026-09-12 19:07:43 |   risk 0.5%/trade | leverage 10x | taker entries
2026-09-12 19:07:43 |   book: SBTC/SUSDT:SUSDT, SETH/SUSDT:SUSDT, SXRP/SUSDT:SUSDT
2026-09-12 19:07:43 |   signals from Binance 1h (tracks demo within 8bp), execution on Bitget
2026-09-12 19:07:43 |   exchange stop at -2.0xATR as backstop; 12.0xATR trail managed in-process
2026-09-12 19:07:43 |   *** DRY RUN - no orders will be placed ***
2026-09-12 19:11:49 | ==============================================================================
2026-09-12 19:11:49 | LEVERAGED LONG TREND on Bitget DEMO (simulated)
2026-09-12 19:11:49 |   bb_break(30,1.5) 1h | LONG ONLY | trail 20.0xATR | NO take-profit
2026-09-12 19:11:49 |   risk 0.5%/trade | leverage 10x | taker entries
2026-09-12 19:11:49 |   book: SBTC/SUSDT:SUSDT, SETH/SUSDT:SUSDT, SXRP/SUSDT:SUSDT
2026-09-12 19:11:49 |   signals from Binance 1h (tracks demo within 8bp), execution on Bitget
2026-09-12 19:11:49 |   exchange stop at -2.0xATR as backstop; 20.0xATR trail managed in-process
2026-09-12 19:11:54 |   connected. equity 2876.24 SUSDT, 0 open positions
2026-09-12 19:59:06 | ==============================================================================
2026-09-12 19:59:06 | LEVERAGED LONG TREND on Bitget DEMO (simulated)
2026-09-12 19:59:06 |   bb_break(30,1.5) 1h | LONG ONLY | trail 20.0xATR | NO take-profit
2026-09-12 19:59:06 |   risk 0.4%/trade | leverage 10x | taker entries
2026-09-12 19:59:06 |   book: SBTC/SUSDT:SUSDT, SETH/SUSDT:SUSDT, SXRP/SUSDT:SUSDT
2026-09-12 19:59:06 |   signals from Binance 1h (tracks demo within 8bp), execution on Bitget
2026-09-12 19:59:06 |   exchange stop at -2.0xATR as backstop; 20.0xATR trail managed in-process
2026-09-12 19:59:06 |   *** DRY RUN - no orders will be placed ***
2026-09-12 20:00:07 | [BTCUSDT] flat; no breakout (close 77114.9900)
2026-09-12 20:00:08 | [BTCUSDT] flat; no breakout (close 77114.9900)
2026-09-12 20:00:08 | [ETHUSDT] flat; no breakout (close 2519.6300)
2026-09-12 20:00:08 | [ETHUSDT] flat; no breakout (close 2519.6300)
2026-09-12 20:00:08 | [XRPUSDT] flat; no breakout (close 1.3628)
2026-09-12 20:00:08 | [XRPUSDT] flat; no breakout (close 1.3628)
2026-09-12 20:01:09 | [BTCUSDT] waiting for next 1h bar (last decided 2026-09-12 19:00:00, px 77114.9900)
2026-09-12 20:01:09 | [ETHUSDT] waiting for next 1h bar (last decided 2026-09-12 19:00:00, px 2519.6300)
2026-09-12 20:01:10 | [XRPUSDT] waiting for next 1h bar (last decided 2026-09-12 19:00:00, px 1.3628)
2026-09-12 20:01:34 | ==============================================================================
2026-09-12 20:01:34 | LEVERAGED LONG TREND on Bitget DEMO (simulated)
2026-09-12 20:01:34 |   bb_break(30,1.5) 1h | LONG ONLY | trail 20.0xATR | NO take-profit
2026-09-12 20:01:34 |   PYRAMID: up to 5 units, +1 every 2.0R of advance
2026-09-12 20:01:34 |   risk 0.4%/UNIT -> 2.00% total exposure | leverage 10x | taker entries
2026-09-12 20:01:34 |   *** AGGRESSIVE: 2.0% total. Measured drawdown at 2.5% total was 99.9% (ruin). Demo only. ***
2026-09-12 20:01:34 |   book: SBTC/SUSDT:SUSDT, SETH/SUSDT:SUSDT, SXRP/SUSDT:SUSDT
2026-09-12 20:01:34 |   signals from Binance 1h (tracks demo within 8bp), execution on Bitget
2026-09-12 20:01:34 |   exchange stop at -2.0xATR as backstop; 20.0xATR trail managed in-process
2026-09-12 20:01:39 |   connected. equity 2876.24 SUSDT, 0 open positions
2026-09-12 21:00:14 | [BTCUSDT] flat; no breakout (close 77170.0000)
2026-09-12 21:00:14 | [ETHUSDT] flat; no breakout (close 2520.8200)
2026-09-12 21:00:15 | [XRPUSDT] flat; no breakout (close 1.3644)
2026-09-12 21:01:16 | [BTCUSDT] waiting for next 1h bar (last decided 2026-09-12 20:00:00, px 77170.0000)
2026-09-12 21:01:16 | [ETHUSDT] waiting for next 1h bar (last decided 2026-09-12 20:00:00, px 2520.8200)
2026-09-12 21:01:16 | [XRPUSDT] waiting for next 1h bar (last decided 2026-09-12 20:00:00, px 1.3644)
2026-09-12 21:39:04 | ==============================================================================
2026-09-12 21:39:04 | LEVERAGED LONG TREND on Bitget DEMO (simulated)
2026-09-12 21:39:04 |   bb_break(30,1.5) 1h | LONG ONLY | trail 20.0xATR | NO take-profit
2026-09-12 21:39:04 |   PYRAMID: up to 5 units, +1 every 2.0R of advance
2026-09-12 21:39:04 |   risk 0.4%/UNIT -> 2.00% total exposure | leverage 10x | taker entries
2026-09-12 21:39:04 |   *** AGGRESSIVE: 2.0% total. Measured drawdown at 2.5% total was 99.9% (ruin). Demo only. ***
2026-09-12 21:39:04 |   book: SBTC/SUSDT:SUSDT, SETH/SUSDT:SUSDT, SXRP/SUSDT:SUSDT
2026-09-12 21:39:04 |   signals from Binance 1h (tracks demo within 8bp), execution on Bitget
2026-09-12 21:39:04 |   exchange stop at -2.0xATR as backstop; 20.0xATR trail managed in-process
2026-09-12 21:39:04 |   *** DRY RUN - no orders will be placed ***
2026-09-12 21:41:29 | ==============================================================================
2026-09-12 21:41:29 | LEVERAGED LONG TREND on Bitget DEMO (simulated)
2026-09-12 21:41:29 |   bb_break(30,1.5) 1h | NO take-profit
2026-09-12 21:41:29 |   LONG:  trail 20.0xATR, up to 5 units (+1 every 2.0R)
2026-09-12 21:41:29 |   SHORT: trail 5.0xATR, 1 unit, no regime filter - shorts share the same slots
2026-09-12 21:41:29 |          asymmetric by measurement: shorts are NEGATIVE at 20.0xATR
2026-09-12 21:41:29 |   PYRAMID: up to 5 units, +1 every 2.0R of advance
2026-09-12 21:41:29 |   risk 0.4%/UNIT -> 2.00% total exposure | leverage 10x | taker entries
2026-09-12 21:41:29 |   *** AGGRESSIVE: 2.0% total. Measured drawdown at 2.5% total was 99.9% (ruin). Demo only. ***
2026-09-12 21:41:29 |   book: SBTC/SUSDT:SUSDT, SETH/SUSDT:SUSDT, SXRP/SUSDT:SUSDT
2026-09-12 21:41:29 |   signals from Binance 1h (tracks demo within 8bp), execution on Bitget
2026-09-12 21:41:29 |   exchange stop at -2.0xATR as backstop; 20.0xATR trail managed in-process
2026-09-12 21:41:35 |   connected. equity 2876.24 SUSDT, 0 open positions
