BTCUSDT 1h: 21600 bars 2024-03-24..2026-09-10
grid: 84 configs (MEAN-REVERSION control), exits 2.0/3.0 ATR, fee 10bp round trip

  REAL best: rsi_rev(21, 30, 70) filt=er30 PF=0.8899 trades=215
    10/200 perms | permuted best PF median 1.025 max 1.484 | better=10 | 11.9s/perm
    20/200 perms | permuted best PF median 1.032 max 1.484 | better=19 | 12.1s/perm
    30/200 perms | permuted best PF median 1.033 max 1.484 | better=29 | 12.2s/perm
    40/200 perms | permuted best PF median 1.038 max 1.484 | better=39 | 12.8s/perm
    50/200 perms | permuted best PF median 1.039 max 1.484 | better=49 | 14.2s/perm
    60/200 perms | permuted best PF median 1.038 max 1.484 | better=58 | 15.3s/perm
    70/200 perms | permuted best PF median 1.039 max 1.484 | better=68 | 16.2s/perm
    80/200 perms | permuted best PF median 1.033 max 1.484 | better=77 | 16.9s/perm
    90/200 perms | permuted best PF median 1.039 max 1.484 | better=86 | 17.5s/perm
    100/200 perms | permuted best PF median 1.041 max 1.484 | better=95 | 17.8s/perm
    110/200 perms | permuted best PF median 1.039 max 1.484 | better=105 | 17.9s/perm
    120/200 perms | permuted best PF median 1.041 max 1.484 | better=115 | 18.0s/perm
    130/200 perms | permuted best PF median 1.043 max 1.484 | better=125 | 17.9s/perm
    140/200 perms | permuted best PF median 1.047 max 1.484 | better=134 | 17.9s/perm
    150/200 perms | permuted best PF median 1.047 max 1.614 | better=143 | 17.8s/perm
    160/200 perms | permuted best PF median 1.048 max 1.614 | better=152 | 17.9s/perm
    170/200 perms | permuted best PF median 1.056 max 1.614 | better=162 | 17.9s/perm
    180/200 perms | permuted best PF median 1.049 max 1.614 | better=171 | 18.0s/perm
    190/200 perms | permuted best PF median 1.056 max 1.614 | better=181 | 18.0s/perm
    200/200 perms | permuted best PF median 1.060 max 1.614 | better=191 | 17.9s/perm

==================================================================
real PF           0.8899   (rsi_rev(21, 30, 70)+er30)
permuted PF       median 1.0595  95th 1.3113  max 1.6135
permutations >= real:  191 / 200
p-value           0.9552
VERDICT: INDISTINGUISHABLE FROM DATA MINING
==================================================================
saved -> D:\forexbot\logs\mcpt_insample_mcpt_BTCUSDT_1h_CONTROL.json
