XRPUSDT 1h: 21600 bars 2024-03-24..2026-09-10
grid: 110 configs (momentum), exits 2.0/3.0 ATR, fee 10bp round trip

  REAL best: ma_cross(10, 200) filt=er30 PF=1.4595 trades=96
    10/150 perms | permuted best PF median 1.227 max 1.326 | better=0 | 31.1s/perm
    20/150 perms | permuted best PF median 1.243 max 1.471 | better=1 | 30.3s/perm
    30/150 perms | permuted best PF median 1.234 max 1.514 | better=4 | 29.9s/perm
    40/150 perms | permuted best PF median 1.234 max 1.514 | better=5 | 30.2s/perm
    50/150 perms | permuted best PF median 1.234 max 1.537 | better=6 | 29.7s/perm
    60/150 perms | permuted best PF median 1.243 max 1.537 | better=8 | 29.2s/perm
    70/150 perms | permuted best PF median 1.234 max 1.537 | better=9 | 28.5s/perm
    80/150 perms | permuted best PF median 1.238 max 1.583 | better=11 | 28.0s/perm
    90/150 perms | permuted best PF median 1.241 max 1.583 | better=12 | 27.8s/perm
    100/150 perms | permuted best PF median 1.238 max 1.583 | better=12 | 27.6s/perm
    110/150 perms | permuted best PF median 1.233 max 1.583 | better=12 | 27.2s/perm
    120/150 perms | permuted best PF median 1.231 max 1.639 | better=13 | 26.8s/perm
    130/150 perms | permuted best PF median 1.231 max 1.720 | better=15 | 26.3s/perm
    140/150 perms | permuted best PF median 1.227 max 1.720 | better=15 | 25.8s/perm
    150/150 perms | permuted best PF median 1.227 max 1.720 | better=16 | 25.5s/perm

==================================================================
real PF           1.4595   (ma_cross(10, 200)+er30)
permuted PF       median 1.2274  95th 1.5032  max 1.7195
permutations >= real:  16 / 150
p-value           0.1126
VERDICT: INDISTINGUISHABLE FROM DATA MINING
==================================================================
saved -> D:\forexbot\logs\mcpt_insample_mcpt_XRPUSDT_1h.json
