BTCUSDT 1h: 21600 bars 2024-03-24..2026-09-10
grid: 110 configs (trend/momentum), exits 2.0/3.0 ATR, fee 10bp round trip

  REAL best: rsi_mom(21, 30, 70) filt=er30 PF=1.3703 trades=279
    10/200 perms | permuted best PF median 1.248 max 2.132 | better=2 | 16.7s/perm
    20/200 perms | permuted best PF median 1.293 max 2.132 | better=9 | 16.9s/perm
    30/200 perms | permuted best PF median 1.263 max 2.132 | better=9 | 18.3s/perm
    40/200 perms | permuted best PF median 1.254 max 2.132 | better=10 | 20.5s/perm
    50/200 perms | permuted best PF median 1.248 max 2.132 | better=14 | 22.4s/perm
    60/200 perms | permuted best PF median 1.238 max 2.132 | better=14 | 23.9s/perm
    70/200 perms | permuted best PF median 1.201 max 2.132 | better=15 | 24.9s/perm
    80/200 perms | permuted best PF median 1.204 max 2.132 | better=17 | 25.2s/perm
    90/200 perms | permuted best PF median 1.204 max 2.132 | better=19 | 25.1s/perm
    100/200 perms | permuted best PF median 1.207 max 2.132 | better=20 | 25.0s/perm
    110/200 perms | permuted best PF median 1.202 max 2.132 | better=21 | 24.9s/perm
    120/200 perms | permuted best PF median 1.197 max 2.132 | better=22 | 25.0s/perm
    130/200 perms | permuted best PF median 1.201 max 2.132 | better=23 | 25.0s/perm
    140/200 perms | permuted best PF median 1.202 max 2.132 | better=24 | 25.0s/perm
    150/200 perms | permuted best PF median 1.206 max 2.352 | better=26 | 24.8s/perm
    160/200 perms | permuted best PF median 1.204 max 2.352 | better=29 | 24.5s/perm
    170/200 perms | permuted best PF median 1.202 max 2.352 | better=29 | 24.2s/perm
    180/200 perms | permuted best PF median 1.200 max 2.352 | better=29 | 23.9s/perm
    190/200 perms | permuted best PF median 1.197 max 2.352 | better=29 | 23.5s/perm
    200/200 perms | permuted best PF median 1.200 max 2.352 | better=31 | 23.1s/perm

==================================================================
real PF           1.3703   (rsi_mom(21, 30, 70)+er30)
permuted PF       median 1.2001  95th 1.4882  max 2.3519
permutations >= real:  31 / 200
p-value           0.1592
VERDICT: INDISTINGUISHABLE FROM DATA MINING
==================================================================
saved -> D:\forexbot\logs\mcpt_insample_mcpt_BTCUSDT_1h.json
