PAXGUSDT 1h: 21600 bars 2024-03-25..2026-09-11
grid: 28 configs (forex), exits 2.0/3.0 ATR, fee 10bp round trip

  REAL walk-forward PF=1.3862 trades=230 (train=8760 step=2160, 6 refits)
    5/100 perms | permuted WF PF median 0.966 max 1.137 | better=0 | 19s/perm
    10/100 perms | permuted WF PF median 0.944 max 1.137 | better=0 | 17s/perm
    15/100 perms | permuted WF PF median 0.948 max 1.142 | better=0 | 17s/perm
    20/100 perms | permuted WF PF median 0.940 max 1.142 | better=0 | 17s/perm
    25/100 perms | permuted WF PF median 0.905 max 1.142 | better=0 | 17s/perm
    30/100 perms | permuted WF PF median 0.884 max 1.142 | better=0 | 17s/perm
    35/100 perms | permuted WF PF median 0.903 max 1.142 | better=0 | 17s/perm
    40/100 perms | permuted WF PF median 0.897 max 1.142 | better=0 | 17s/perm
    45/100 perms | permuted WF PF median 0.905 max 1.142 | better=0 | 17s/perm
    50/100 perms | permuted WF PF median 0.905 max 1.142 | better=0 | 17s/perm
    55/100 perms | permuted WF PF median 0.905 max 1.159 | better=0 | 17s/perm
    60/100 perms | permuted WF PF median 0.905 max 1.159 | better=0 | 17s/perm
    65/100 perms | permuted WF PF median 0.903 max 1.159 | better=0 | 17s/perm
    70/100 perms | permuted WF PF median 0.903 max 1.159 | better=0 | 18s/perm
    75/100 perms | permuted WF PF median 0.891 max 1.159 | better=0 | 18s/perm
    80/100 perms | permuted WF PF median 0.899 max 1.159 | better=0 | 17s/perm
    85/100 perms | permuted WF PF median 0.897 max 1.159 | better=0 | 17s/perm
    90/100 perms | permuted WF PF median 0.899 max 1.159 | better=0 | 17s/perm
    95/100 perms | permuted WF PF median 0.897 max 1.159 | better=0 | 17s/perm
    100/100 perms | permuted WF PF median 0.899 max 1.159 | better=0 | 17s/perm

==================================================================
real PF           1.3862   (walk-forward)
permuted PF       median 0.8991  95th 1.0614  max 1.1593
permutations >= real:  0 / 100
p-value           0.0099
VERDICT: STRONG evidence of a real edge
==================================================================
saved -> D:\forexbot\logs\mcpt_walkforward_mcpt_PAXGUSDT_1h_FOREX.json
