BTCUSDT 1h: 21600 bars 2024-03-24..2026-09-10
grid: 110 configs (trend/momentum), exits 2.0/3.0 ATR, fee 10bp round trip

  REAL walk-forward PF=1.0421 trades=227 (train=8760 step=2160, 6 refits)
    5/100 perms | permuted WF PF median 0.957 max 1.180 | better=2 | 51s/perm
    10/100 perms | permuted WF PF median 0.942 max 1.180 | better=4 | 49s/perm
    15/100 perms | permuted WF PF median 0.926 max 1.180 | better=4 | 56s/perm
    20/100 perms | permuted WF PF median 0.901 max 1.180 | better=4 | 61s/perm
    25/100 perms | permuted WF PF median 0.901 max 1.180 | better=4 | 64s/perm
    30/100 perms | permuted WF PF median 0.888 max 1.180 | better=4 | 65s/perm
    35/100 perms | permuted WF PF median 0.891 max 1.333 | better=5 | 65s/perm
    40/100 perms | permuted WF PF median 0.891 max 1.333 | better=5 | 65s/perm
    45/100 perms | permuted WF PF median 0.891 max 1.333 | better=6 | 65s/perm
    50/100 perms | permuted WF PF median 0.898 max 1.333 | better=8 | 65s/perm
    55/100 perms | permuted WF PF median 0.901 max 1.333 | better=10 | 64s/perm
    60/100 perms | permuted WF PF median 0.906 max 1.333 | better=11 | 63s/perm
    65/100 perms | permuted WF PF median 0.909 max 1.333 | better=12 | 62s/perm
    70/100 perms | permuted WF PF median 0.908 max 1.333 | better=13 | 61s/perm
    75/100 perms | permuted WF PF median 0.909 max 1.333 | better=14 | 60s/perm
    80/100 perms | permuted WF PF median 0.912 max 1.333 | better=17 | 58s/perm
    85/100 perms | permuted WF PF median 0.923 max 1.371 | better=20 | 57s/perm
    90/100 perms | permuted WF PF median 0.912 max 1.401 | better=21 | 55s/perm
    95/100 perms | permuted WF PF median 0.923 max 1.401 | better=22 | 54s/perm
    100/100 perms | permuted WF PF median 0.912 max 1.401 | better=22 | 53s/perm

==================================================================
real PF           1.0421   (walk-forward)
permuted PF       median 0.9124  95th 1.2287  max 1.4008
permutations >= real:  22 / 100
p-value           0.2277
VERDICT: INDISTINGUISHABLE FROM DATA MINING
==================================================================
saved -> D:\forexbot\logs\mcpt_walkforward_mcpt_BTCUSDT_1h.json
