2026-09-11 22:18:11  VSA FORWARD TEST (paper) | 1h | bb_break(30, 1.5) | dev cut -0.5 | cost 10.0bp
2026-09-11 22:18:11     HIGH liquidity: ['BTC', 'ETH', 'XRP', 'BNB', 'SOL', 'ARB', 'LINK', 'ADA', 'DOGE', 'DOT']
2026-09-11 22:18:11     LOW  liquidity: ['XLM', 'AAVE', 'UNI', 'PEPE', 'ETC', 'BCH', 'ATOM', 'APT', 'NEAR', 'OP']
2026-09-11 22:18:11     every signal is taken; dev is RECORDED not gated -> paired design
2026-09-11 22:18:11     PREDICTION: diff(HIGH) > 0 and diff(HIGH) > diff(LOW)
2026-09-11 22:18:12  [ARB/USDT:USDT] HIGH ENTRY SHORT @0.1383 dev=+0.194 in_filter=False
2026-09-11 22:18:13  [DOT/USDT:USDT] HIGH ENTRY SHORT @1.034 dev=-0.519 in_filter=True
2026-09-11 22:18:15  [APT/USDT:USDT] LOW ENTRY SHORT @0.5914 dev=-0.239 in_filter=False
2026-09-11 23:18:31  no trades yet
2026-09-12 00:21:00  no trades yet
2026-09-12 01:00:31  [NEAR/USDT:USDT] LOW ENTRY SHORT @2.3275 dev=-0.076 in_filter=False
2026-09-12 01:23:25  no trades yet
2026-09-12 02:25:53  no trades yet
2026-09-12 03:28:21  no trades yet
2026-09-12 04:31:00  no trades yet
2026-09-12 05:00:10  [BNB/USDT:USDT] HIGH ENTRY LONG @733.1 dev=+0.062 in_filter=False
2026-09-12 05:00:14  [APT/USDT:USDT] LOW EXIT SL R=-1.043 dev=-0.239 in_filter=False
2026-09-12 05:33:39  ---- PRE-REGISTERED VSA FORWARD TEST ----
2026-09-12 05:33:39     total trades 1
2026-09-12 05:33:39     group  cell               n     meanR      se
2026-09-12 05:33:39     HIGH   dev<-0.5           0
2026-09-12 05:33:39     HIGH   dev>=-0.5          0
2026-09-12 05:33:39     LOW    dev<-0.5           0
2026-09-12 05:33:39     LOW    dev>=-0.5          1   -1.0429     nan
2026-09-12 05:33:39     pre-registered minimum of 300 per cell reached: False
2026-09-12 05:33:39     -> INCONCLUSIVE by design. No verdict until every cell has 300.
2026-09-12 06:36:08  ---- PRE-REGISTERED VSA FORWARD TEST ----
2026-09-12 06:36:08     total trades 1
2026-09-12 06:36:08     group  cell               n     meanR      se
2026-09-12 06:36:08     HIGH   dev<-0.5           0
2026-09-12 06:36:08     HIGH   dev>=-0.5          0
2026-09-12 06:36:08     LOW    dev<-0.5           0
2026-09-12 06:36:08     LOW    dev>=-0.5          1   -1.0429     nan
2026-09-12 06:36:08     pre-registered minimum of 300 per cell reached: False
2026-09-12 06:36:08     -> INCONCLUSIVE by design. No verdict until every cell has 300.
2026-09-12 07:38:44  ---- PRE-REGISTERED VSA FORWARD TEST ----
2026-09-12 07:38:44     total trades 1
2026-09-12 07:38:44     group  cell               n     meanR      se
2026-09-12 07:38:44     HIGH   dev<-0.5           0
2026-09-12 07:38:44     HIGH   dev>=-0.5          0
2026-09-12 07:38:44     LOW    dev<-0.5           0
2026-09-12 07:38:44     LOW    dev>=-0.5          1   -1.0429     nan
2026-09-12 07:38:44     pre-registered minimum of 300 per cell reached: False
2026-09-12 07:38:44     -> INCONCLUSIVE by design. No verdict until every cell has 300.
2026-09-12 08:01:38  [ARB/USDT:USDT] HIGH EXIT SL R=-1.037 dev=+0.194 in_filter=False
2026-09-12 08:01:40  [UNI/USDT:USDT] LOW ENTRY LONG @6.348 dev=+0.020 in_filter=False
2026-09-12 08:41:19  ---- PRE-REGISTERED VSA FORWARD TEST ----
2026-09-12 08:41:20     total trades 2
2026-09-12 08:41:20     group  cell               n     meanR      se
2026-09-12 08:41:20     HIGH   dev<-0.5           0
2026-09-12 08:41:20     HIGH   dev>=-0.5          1   -1.0373     nan
2026-09-12 08:41:20     LOW    dev<-0.5           0
2026-09-12 08:41:20     LOW    dev>=-0.5          1   -1.0429     nan
2026-09-12 08:41:20     pre-registered minimum of 300 per cell reached: False
2026-09-12 08:41:20     -> INCONCLUSIVE by design. No verdict until every cell has 300.
