2026-09-12 00:20:43  connected login=472698318 Exness-MT5Trial16 DEMO balance=9521.71
2026-09-12 00:20:43  loaded [donchian_gold_h1] donchian_breakout {'period': 20, 'use_trend': True, 'long_only': True} XAUUSDm H1 magic=20260101 filters={}
2026-09-12 00:20:43  loaded [donchian_gold_m15] donchian_breakout {'period': 20, 'use_trend': True, 'long_only': True} XAUUSDm M15 magic=20260102 filters={}
2026-09-12 00:20:43  loaded [donchian_silver_h1] donchian_breakout {'period': 20, 'use_trend': True, 'long_only': True} XAGUSDm H1 magic=20260103 filters={}
2026-09-12 00:20:43  loaded [donchian_btc_m30] donchian_breakout {'period': 20, 'use_trend': True, 'long_only': True} BTCUSDm M30 magic=20260104 filters={}
2026-09-12 00:20:43  loaded [donchian_nasdaq_h1] donchian_breakout {'period': 20, 'use_trend': True, 'long_only': True} USTECm H1 magic=20260106 filters={}
2026-09-12 00:20:43  portfolio loop started: 5 strategies | breaker at -30.0% or 12 straight losses (Ctrl+C to stop)
2026-09-12 00:30:13  --- new M30 bar for donchian_btc_m30 ---
2026-09-12 00:30:13  [donchian_btc_m30] flat; HOLD
2026-09-12 01:00:14  --- new M30 bar for donchian_btc_m30 ---
2026-09-12 01:00:14  [donchian_btc_m30] flat; HOLD
2026-09-12 01:30:14  --- new M30 bar for donchian_btc_m30 ---
2026-09-12 01:30:14  [donchian_btc_m30] flat; HOLD
2026-09-12 02:00:15  --- new M30 bar for donchian_btc_m30 ---
2026-09-12 02:00:15  [donchian_btc_m30] flat; HOLD
2026-09-12 02:30:01  --- new M30 bar for donchian_btc_m30 ---
2026-09-12 02:30:01  [donchian_btc_m30] flat; HOLD
2026-09-12 03:00:01  --- new M30 bar for donchian_btc_m30 ---
2026-09-12 03:00:01  [donchian_btc_m30] flat; HOLD
2026-09-12 03:30:02  --- new M30 bar for donchian_btc_m30 ---
2026-09-12 03:30:02  [donchian_btc_m30] flat; HOLD
2026-09-12 04:00:03  --- new M30 bar for donchian_btc_m30 ---
2026-09-12 04:00:03  [donchian_btc_m30] flat; HOLD
2026-09-12 04:30:04  --- new M30 bar for donchian_btc_m30 ---
2026-09-12 04:30:04  [donchian_btc_m30] flat; HOLD
2026-09-12 05:01:04  --- new M30 bar for donchian_btc_m30 ---
2026-09-12 05:01:04  [donchian_btc_m30] flat; HOLD
2026-09-12 05:30:05  --- new M30 bar for donchian_btc_m30 ---
2026-09-12 05:30:05  [donchian_btc_m30] flat; HOLD
2026-09-12 06:00:06  --- new M30 bar for donchian_btc_m30 ---
2026-09-12 06:00:06  [donchian_btc_m30] flat; HOLD
2026-09-12 06:30:07  --- new M30 bar for donchian_btc_m30 ---
2026-09-12 06:30:07  [donchian_btc_m30] flat; HOLD
2026-09-12 07:00:07  --- new M30 bar for donchian_btc_m30 ---
2026-09-12 07:00:07  [donchian_btc_m30] flat; HOLD
2026-09-12 07:30:08  --- new M30 bar for donchian_btc_m30 ---
2026-09-12 07:30:08  [donchian_btc_m30] flat; HOLD
2026-09-12 08:00:09  --- new M30 bar for donchian_btc_m30 ---
2026-09-12 08:00:09  [donchian_btc_m30] flat; HOLD
2026-09-12 08:30:09  --- new M30 bar for donchian_btc_m30 ---
2026-09-12 08:30:09  [donchian_btc_m30] flat; HOLD
2026-09-12 09:00:10  --- new M30 bar for donchian_btc_m30 ---
2026-09-12 09:00:10  [donchian_btc_m30] flat; HOLD
2026-09-12 09:30:10  --- new M30 bar for donchian_btc_m30 ---
2026-09-12 09:30:10  [donchian_btc_m30] flat; HOLD
2026-09-12 10:00:11  --- new M30 bar for donchian_btc_m30 ---
2026-09-12 10:00:11  [donchian_btc_m30] flat; HOLD
2026-09-12 10:30:11  --- new M30 bar for donchian_btc_m30 ---
2026-09-12 10:30:11  [donchian_btc_m30] flat; HOLD
2026-09-12 11:00:12  --- new M30 bar for donchian_btc_m30 ---
2026-09-12 11:00:12  [donchian_btc_m30] flat; HOLD
2026-09-12 11:30:13  --- new M30 bar for donchian_btc_m30 ---
2026-09-12 11:30:13  [donchian_btc_m30] flat; HOLD
2026-09-12 12:00:13  --- new M30 bar for donchian_btc_m30 ---
2026-09-12 12:00:13  [donchian_btc_m30] flat; HOLD
2026-09-12 12:30:14  --- new M30 bar for donchian_btc_m30 ---
2026-09-12 12:30:14  [donchian_btc_m30] flat; HOLD
2026-09-12 13:00:15  --- new M30 bar for donchian_btc_m30 ---
2026-09-12 13:00:15  [donchian_btc_m30] flat; HOLD
2026-09-12 13:30:15  --- new M30 bar for donchian_btc_m30 ---
2026-09-12 13:30:15  [donchian_btc_m30] flat; HOLD
2026-09-12 14:00:01  --- new M30 bar for donchian_btc_m30 ---
2026-09-12 14:00:01  [donchian_btc_m30] flat; HOLD
2026-09-12 14:30:02  --- new M30 bar for donchian_btc_m30 ---
2026-09-12 14:30:02  [donchian_btc_m30] flat; HOLD
2026-09-12 15:00:02  --- new M30 bar for donchian_btc_m30 ---
2026-09-12 15:00:02  [donchian_btc_m30] flat; HOLD
2026-09-12 15:30:03  --- new M30 bar for donchian_btc_m30 ---
2026-09-12 15:30:03  [donchian_btc_m30] flat; HOLD
2026-09-12 16:00:04  --- new M30 bar for donchian_btc_m30 ---
2026-09-12 16:00:04  [donchian_btc_m30] flat; HOLD
2026-09-12 16:30:05  --- new M30 bar for donchian_btc_m30 ---
2026-09-12 16:30:05  [donchian_btc_m30] flat; HOLD
2026-09-12 17:00:05  --- new M30 bar for donchian_btc_m30 ---
2026-09-12 17:00:05  [donchian_btc_m30] flat; HOLD
2026-09-12 17:30:06  --- new M30 bar for donchian_btc_m30 ---
2026-09-12 17:30:06  [donchian_btc_m30] flat; HOLD
2026-09-12 18:00:06  --- new M30 bar for donchian_btc_m30 ---
2026-09-12 18:00:06  [donchian_btc_m30] flat; HOLD
2026-09-12 18:30:07  --- new M30 bar for donchian_btc_m30 ---
2026-09-12 18:30:07  [donchian_btc_m30] flat; HOLD
2026-09-12 19:00:07  --- new M30 bar for donchian_btc_m30 ---
2026-09-12 19:00:07  [donchian_btc_m30] flat; HOLD
2026-09-12 19:30:08  --- new M30 bar for donchian_btc_m30 ---
2026-09-12 19:30:08  [donchian_btc_m30] flat; HOLD
2026-09-12 20:00:08  --- new M30 bar for donchian_btc_m30 ---
2026-09-12 20:00:08  [donchian_btc_m30] flat; HOLD
2026-09-12 20:30:09  --- new M30 bar for donchian_btc_m30 ---
2026-09-12 20:30:09  [donchian_btc_m30] flat; HOLD
2026-09-12 21:00:09  --- new M30 bar for donchian_btc_m30 ---
2026-09-12 21:00:09  [donchian_btc_m30] flat; HOLD
2026-09-12 21:30:10  --- new M30 bar for donchian_btc_m30 ---
2026-09-12 21:30:10  [donchian_btc_m30] flat; HOLD
2026-09-12 22:00:10  --- new M30 bar for donchian_btc_m30 ---
2026-09-12 22:00:10  [donchian_btc_m30] flat; HOLD
2026-09-12 22:30:11  --- new M30 bar for donchian_btc_m30 ---
2026-09-12 22:30:11  [donchian_btc_m30] flat; HOLD
2026-09-12 23:00:11  --- new M30 bar for donchian_btc_m30 ---
2026-09-12 23:00:11  [donchian_btc_m30] flat; HOLD
2026-09-12 23:30:12  --- new M30 bar for donchian_btc_m30 ---
2026-09-12 23:30:12  [donchian_btc_m30] flat; HOLD
2026-09-13 00:00:12  --- new M30 bar for donchian_btc_m30 ---
2026-09-13 00:00:12  [donchian_btc_m30] flat; HOLD
2026-09-13 00:30:13  --- new M30 bar for donchian_btc_m30 ---
2026-09-13 00:30:13  [donchian_btc_m30] flat; HOLD
2026-09-13 01:00:13  --- new M30 bar for donchian_btc_m30 ---
2026-09-13 01:00:13  [donchian_btc_m30] flat; HOLD
2026-09-13 01:30:14  --- new M30 bar for donchian_btc_m30 ---
2026-09-13 01:30:14  [donchian_btc_m30] flat; HOLD
2026-09-13 02:00:14  --- new M30 bar for donchian_btc_m30 ---
2026-09-13 02:00:14  [donchian_btc_m30] flat; HOLD
2026-09-13 02:30:15  --- new M30 bar for donchian_btc_m30 ---
2026-09-13 02:30:15  [donchian_btc_m30] flat; HOLD
2026-09-13 03:00:15  --- new M30 bar for donchian_btc_m30 ---
2026-09-13 03:00:15  [donchian_btc_m30] flat; HOLD
2026-09-13 03:30:01  --- new M30 bar for donchian_btc_m30 ---
2026-09-13 03:30:01  [donchian_btc_m30] flat; HOLD
2026-09-13 04:00:01  --- new M30 bar for donchian_btc_m30 ---
2026-09-13 04:00:01  [donchian_btc_m30] flat; HOLD
2026-09-13 04:30:02  --- new M30 bar for donchian_btc_m30 ---
2026-09-13 04:30:02  [donchian_btc_m30] flat; HOLD
2026-09-13 05:00:02  --- new M30 bar for donchian_btc_m30 ---
2026-09-13 05:00:02  [donchian_btc_m30] flat; HOLD
2026-09-13 05:30:03  --- new M30 bar for donchian_btc_m30 ---
2026-09-13 05:30:03  [donchian_btc_m30] flat; HOLD
2026-09-13 06:00:03  --- new M30 bar for donchian_btc_m30 ---
2026-09-13 06:00:03  [donchian_btc_m30] flat; HOLD
2026-09-13 06:30:04  --- new M30 bar for donchian_btc_m30 ---
2026-09-13 06:30:04  [donchian_btc_m30] flat; HOLD
2026-09-13 07:00:04  --- new M30 bar for donchian_btc_m30 ---
2026-09-13 07:00:04  [donchian_btc_m30] flat; HOLD
2026-09-13 07:30:05  --- new M30 bar for donchian_btc_m30 ---
2026-09-13 07:30:05  [donchian_btc_m30] flat; HOLD
2026-09-13 08:00:06  --- new M30 bar for donchian_btc_m30 ---
2026-09-13 08:00:06  [donchian_btc_m30] flat; HOLD
2026-09-13 08:30:06  --- new M30 bar for donchian_btc_m30 ---
2026-09-13 08:30:06  [donchian_btc_m30] flat; HOLD
2026-09-13 09:00:06  --- new M30 bar for donchian_btc_m30 ---
2026-09-13 09:00:06  [donchian_btc_m30] flat; HOLD
2026-09-13 09:30:07  --- new M30 bar for donchian_btc_m30 ---
2026-09-13 09:30:07  [donchian_btc_m30] flat; HOLD
2026-09-13 10:00:07  --- new M30 bar for donchian_btc_m30 ---
2026-09-13 10:00:07  [donchian_btc_m30] flat; HOLD
2026-09-13 10:30:08  --- new M30 bar for donchian_btc_m30 ---
2026-09-13 10:30:08  [donchian_btc_m30] flat; HOLD
2026-09-13 11:00:09  --- new M30 bar for donchian_btc_m30 ---
2026-09-13 11:00:09  [donchian_btc_m30] flat; HOLD
2026-09-13 11:30:09  --- new M30 bar for donchian_btc_m30 ---
2026-09-13 11:30:09  [donchian_btc_m30] flat; HOLD
2026-09-13 12:00:09  --- new M30 bar for donchian_btc_m30 ---
2026-09-13 12:00:09  [donchian_btc_m30] flat; HOLD
2026-09-13 12:30:10  --- new M30 bar for donchian_btc_m30 ---
2026-09-13 12:30:10  [donchian_btc_m30] flat; HOLD
2026-09-13 13:00:10  --- new M30 bar for donchian_btc_m30 ---
2026-09-13 13:00:10  [donchian_btc_m30] flat; HOLD
2026-09-13 13:30:11  --- new M30 bar for donchian_btc_m30 ---
2026-09-13 13:30:11  [donchian_btc_m30] flat; HOLD
2026-09-13 14:00:11  --- new M30 bar for donchian_btc_m30 ---
2026-09-13 14:00:11  [donchian_btc_m30] flat; HOLD
2026-09-13 14:30:12  --- new M30 bar for donchian_btc_m30 ---
2026-09-13 14:30:12  [donchian_btc_m30] flat; HOLD
2026-09-13 15:00:12  --- new M30 bar for donchian_btc_m30 ---
2026-09-13 15:00:12  [donchian_btc_m30] flat; HOLD
2026-09-13 15:30:13  --- new M30 bar for donchian_btc_m30 ---
2026-09-13 15:30:13  [donchian_btc_m30] flat; HOLD
2026-09-13 16:00:13  --- new M30 bar for donchian_btc_m30 ---
2026-09-13 16:00:13  [donchian_btc_m30] flat; HOLD
2026-09-13 16:30:13  --- new M30 bar for donchian_btc_m30 ---
2026-09-13 16:30:13  [donchian_btc_m30] flat; HOLD
2026-09-13 17:00:14  --- new M30 bar for donchian_btc_m30 ---
2026-09-13 17:00:14  [donchian_btc_m30] flat; HOLD
2026-09-13 17:30:14  --- new M30 bar for donchian_btc_m30 ---
2026-09-13 17:30:14  [donchian_btc_m30] flat; HOLD
2026-09-13 18:00:15  --- new M30 bar for donchian_btc_m30 ---
2026-09-13 18:00:15  [donchian_btc_m30] flat; HOLD
2026-09-13 18:30:00  --- new M30 bar for donchian_btc_m30 ---
2026-09-13 18:30:00  [donchian_btc_m30] flat; HOLD
2026-09-13 19:00:01  --- new M30 bar for donchian_btc_m30 ---
2026-09-13 19:00:01  [donchian_btc_m30] flat; HOLD
2026-09-13 19:30:01  --- new M30 bar for donchian_btc_m30 ---
2026-09-13 19:30:01  [donchian_btc_m30] flat; HOLD
2026-09-13 20:00:02  --- new M30 bar for donchian_btc_m30 ---
2026-09-13 20:00:02  [donchian_btc_m30] flat; HOLD
2026-09-13 20:30:03  --- new M30 bar for donchian_btc_m30 ---
2026-09-13 20:30:03  [donchian_btc_m30] flat; HOLD
2026-09-13 21:00:03  --- new M30 bar for donchian_btc_m30 ---
2026-09-13 21:00:03  [donchian_btc_m30] flat; HOLD
2026-09-13 21:30:04  --- new M30 bar for donchian_btc_m30 ---
2026-09-13 21:30:04  [donchian_btc_m30] flat; HOLD
